Archive member included to satisfy reference by file (symbol)

c:/st/stm32cubeide_1.9.0/stm32cubeide/plugins/com.st.stm32cube.ide.mcu.externaltools.gnu-tools-for-stm32.10.3-2021.10.win32_1.0.100.202210260954/tools/bin/../lib/gcc/arm-none-eabi/10.3.1/../../../../arm-none-eabi/lib/thumb/v7-m/nofp\libm.a(lib_a-w_sqrt.o)
                              ./Core/Src/madgwickFilter.o (sqrt)
c:/st/stm32cubeide_1.9.0/stm32cubeide/plugins/com.st.stm32cube.ide.mcu.externaltools.gnu-tools-for-stm32.10.3-2021.10.win32_1.0.100.202210260954/tools/bin/../lib/gcc/arm-none-eabi/10.3.1/../../../../arm-none-eabi/lib/thumb/v7-m/nofp\libm.a(lib_a-wf_asin.o)
                              ./Core/Src/madgwickFilter.o (asinf)
c:/st/stm32cubeide_1.9.0/stm32cubeide/plugins/com.st.stm32cube.ide.mcu.externaltools.gnu-tools-for-stm32.10.3-2021.10.win32_1.0.100.202210260954/tools/bin/../lib/gcc/arm-none-eabi/10.3.1/../../../../arm-none-eabi/lib/thumb/v7-m/nofp\libm.a(lib_a-wf_atan2.o)
                              ./Core/Src/madgwickFilter.o (atan2f)
c:/st/stm32cubeide_1.9.0/stm32cubeide/plugins/com.st.stm32cube.ide.mcu.externaltools.gnu-tools-for-stm32.10.3-2021.10.win32_1.0.100.202210260954/tools/bin/../lib/gcc/arm-none-eabi/10.3.1/../../../../arm-none-eabi/lib/thumb/v7-m/nofp\libm.a(lib_a-wf_sqrt.o)
                              ./Core/Src/MadgwickFilter/MadgwickAHRS.o (sqrtf)
c:/st/stm32cubeide_1.9.0/stm32cubeide/plugins/com.st.stm32cube.ide.mcu.externaltools.gnu-tools-for-stm32.10.3-2021.10.win32_1.0.100.202210260954/tools/bin/../lib/gcc/arm-none-eabi/10.3.1/../../../../arm-none-eabi/lib/thumb/v7-m/nofp\libm.a(lib_a-e_sqrt.o)
                              c:/st/stm32cubeide_1.9.0/stm32cubeide/plugins/com.st.stm32cube.ide.mcu.externaltools.gnu-tools-for-stm32.10.3-2021.10.win32_1.0.100.202210260954/tools/bin/../lib/gcc/arm-none-eabi/10.3.1/../../../../arm-none-eabi/lib/thumb/v7-m/nofp\libm.a(lib_a-w_sqrt.o) (__ieee754_sqrt)
c:/st/stm32cubeide_1.9.0/stm32cubeide/plugins/com.st.stm32cube.ide.mcu.externaltools.gnu-tools-for-stm32.10.3-2021.10.win32_1.0.100.202210260954/tools/bin/../lib/gcc/arm-none-eabi/10.3.1/../../../../arm-none-eabi/lib/thumb/v7-m/nofp\libm.a(lib_a-ef_asin.o)
                              c:/st/stm32cubeide_1.9.0/stm32cubeide/plugins/com.st.stm32cube.ide.mcu.externaltools.gnu-tools-for-stm32.10.3-2021.10.win32_1.0.100.202210260954/tools/bin/../lib/gcc/arm-none-eabi/10.3.1/../../../../arm-none-eabi/lib/thumb/v7-m/nofp\libm.a(lib_a-wf_asin.o) (__ieee754_asinf)
c:/st/stm32cubeide_1.9.0/stm32cubeide/plugins/com.st.stm32cube.ide.mcu.externaltools.gnu-tools-for-stm32.10.3-2021.10.win32_1.0.100.202210260954/tools/bin/../lib/gcc/arm-none-eabi/10.3.1/../../../../arm-none-eabi/lib/thumb/v7-m/nofp\libm.a(lib_a-ef_atan2.o)
                              c:/st/stm32cubeide_1.9.0/stm32cubeide/plugins/com.st.stm32cube.ide.mcu.externaltools.gnu-tools-for-stm32.10.3-2021.10.win32_1.0.100.202210260954/tools/bin/../lib/gcc/arm-none-eabi/10.3.1/../../../../arm-none-eabi/lib/thumb/v7-m/nofp\libm.a(lib_a-wf_atan2.o) (__ieee754_atan2f)
c:/st/stm32cubeide_1.9.0/stm32cubeide/plugins/com.st.stm32cube.ide.mcu.externaltools.gnu-tools-for-stm32.10.3-2021.10.win32_1.0.100.202210260954/tools/bin/../lib/gcc/arm-none-eabi/10.3.1/../../../../arm-none-eabi/lib/thumb/v7-m/nofp\libm.a(lib_a-ef_sqrt.o)
                              c:/st/stm32cubeide_1.9.0/stm32cubeide/plugins/com.st.stm32cube.ide.mcu.externaltools.gnu-tools-for-stm32.10.3-2021.10.win32_1.0.100.202210260954/tools/bin/../lib/gcc/arm-none-eabi/10.3.1/../../../../arm-none-eabi/lib/thumb/v7-m/nofp\libm.a(lib_a-wf_sqrt.o) (__ieee754_sqrtf)
c:/st/stm32cubeide_1.9.0/stm32cubeide/plugins/com.st.stm32cube.ide.mcu.externaltools.gnu-tools-for-stm32.10.3-2021.10.win32_1.0.100.202210260954/tools/bin/../lib/gcc/arm-none-eabi/10.3.1/../../../../arm-none-eabi/lib/thumb/v7-m/nofp\libm.a(lib_a-sf_atan.o)
                              c:/st/stm32cubeide_1.9.0/stm32cubeide/plugins/com.st.stm32cube.ide.mcu.externaltools.gnu-tools-for-stm32.10.3-2021.10.win32_1.0.100.202210260954/tools/bin/../lib/gcc/arm-none-eabi/10.3.1/../../../../arm-none-eabi/lib/thumb/v7-m/nofp\libm.a(lib_a-ef_atan2.o) (atanf)
c:/st/stm32cubeide_1.9.0/stm32cubeide/plugins/com.st.stm32cube.ide.mcu.externaltools.gnu-tools-for-stm32.10.3-2021.10.win32_1.0.100.202210260954/tools/bin/../lib/gcc/arm-none-eabi/10.3.1/../../../../arm-none-eabi/lib/thumb/v7-m/nofp\libm.a(lib_a-sf_fabs.o)
                              c:/st/stm32cubeide_1.9.0/stm32cubeide/plugins/com.st.stm32cube.ide.mcu.externaltools.gnu-tools-for-stm32.10.3-2021.10.win32_1.0.100.202210260954/tools/bin/../lib/gcc/arm-none-eabi/10.3.1/../../../../arm-none-eabi/lib/thumb/v7-m/nofp\libm.a(lib_a-wf_asin.o) (fabsf)
c:/st/stm32cubeide_1.9.0/stm32cubeide/plugins/com.st.stm32cube.ide.mcu.externaltools.gnu-tools-for-stm32.10.3-2021.10.win32_1.0.100.202210260954/tools/bin/../lib/gcc/arm-none-eabi/10.3.1/../../../../arm-none-eabi/lib/thumb/v7-m/nofp\libm.a(lib_a-sf_nan.o)
[...]
Memory Configuration

Name             Origin             Length             Attributes
RAM              0x0000000020000000 0x0000000000005000 xrw
FLASH            0x0000000008000000 0x0000000000010000 xr
*default*        0x0000000000000000 0xffffffffffffffff

Linker script and memory map

LOAD c:/st/stm32cubeide_1.9.0/stm32cubeide/plugins/com.st.stm32cube.ide.mcu.externaltools.gnu-tools-for-stm32.10.3-2021.10.win32_1.0.100.202210260954/tools/bin/../lib/gcc/arm-none-eabi/10.3.1/thumb/v7-m/nofp/crti.o
LOAD c:/st/stm32cubeide_1.9.0/stm32cubeide/plugins/com.st.stm32cube.ide.mcu.externaltools.gnu-tools-for-stm32.10.3-2021.10.win32_1.0.100.202210260954/tools/bin/../lib/gcc/arm-none-eabi/10.3.1/thumb/v7-m/nofp/crtbegin.o
LOAD c:/st/stm32cubeide_1.9.0/stm32cubeide/plugins/com.st.stm32cube.ide.mcu.externaltools.gnu-tools-for-stm32.10.3-2021.10.win32_1.0.100.202210260954/tools/bin/../lib/gcc/arm-none-eabi/10.3.1/../../../../arm-none-eabi/lib/thumb/v7-m/nofp/crt0.o
LOAD ./Core/Src/MPU9250.o
LOAD ./Core/Src/can.o
LOAD ./Core/Src/freertos.o
LOAD ./Core/Src/gpio.o
LOAD ./Core/Src/madgwickFilter.o
LOAD ./Core/Src/main.o
LOAD ./Core/Src/spi.o
LOAD ./Core/Src/stm32f1xx_hal_msp.o
LOAD ./Core/Src/stm32f1xx_hal_timebase_tim.o
LOAD ./Core/Src/stm32f1xx_it.o
LOAD ./Core/Src/syscalls.o
LOAD ./Core/Src/sysmem.o
LOAD ./Core/Src/system_stm32f1xx.o
LOAD ./Core/Src/MadgwickFilter/MadgwickAHRS.o
LOAD ./Core/Startup/startup_stm32f103c8tx.o
LOAD ./Drivers/STM32F1xx_HAL_Driver/Src/stm32f1xx_hal.o
LOAD ./Drivers/STM32F1xx_HAL_Driver/Src/stm32f1xx_hal_can.o
LOAD ./Drivers/STM32F1xx_HAL_Driver/Src/stm32f1xx_hal_cortex.o
LOAD ./Drivers/STM32F1xx_HAL_Driver/Src/stm32f1xx_hal_dma.o
LOAD ./Drivers/STM32F1xx_HAL_Driver/Src/stm32f1xx_hal_exti.o
LOAD ./Drivers/STM32F1xx_HAL_Driver/Src/stm32f1xx_hal_flash.o
LOAD ./Drivers/STM32F1xx_HAL_Driver/Src/stm32f1xx_hal_flash_ex.o
LOAD ./Drivers/STM32F1xx_HAL_Driver/Src/stm32f1xx_hal_gpio.o
LOAD ./Drivers/STM32F1xx_HAL_Driver/Src/stm32f1xx_hal_gpio_ex.o
LOAD ./Drivers/STM32F1xx_HAL_Driver/Src/stm32f1xx_hal_pwr.o
LOAD ./Drivers/STM32F1xx_HAL_Driver/Src/stm32f1xx_hal_rcc.o
LOAD ./Drivers/STM32F1xx_HAL_Driver/Src/stm32f1xx_hal_rcc_ex.o
LOAD ./Drivers/STM32F1xx_HAL_Driver/Src/stm32f1xx_hal_spi.o
LOAD ./Drivers/STM32F1xx_HAL_Driver/Src/stm32f1xx_hal_tim.o
LOAD ./Drivers/STM32F1xx_HAL_Driver/Src/stm32f1xx_hal_tim_ex.o
LOAD ./Middlewares/Third_Party/FreeRTOS/Source/CMSIS_RTOS_V2/cmsis_os2.o
LOAD ./Middlewares/Third_Party/FreeRTOS/Source/croutine.o
LOAD ./Middlewares/Third_Party/FreeRTOS/Source/event_groups.o
LOAD ./Middlewares/Third_Party/FreeRTOS/Source/list.o
LOAD ./Middlewares/Third_Party/FreeRTOS/Source/queue.o
LOAD ./Middlewares/Third_Party/FreeRTOS/Source/stream_buffer.o
LOAD ./Middlewares/Third_Party/FreeRTOS/Source/tasks.o
LOAD ./Middlewares/Third_Party/FreeRTOS/Source/timers.o
LOAD ./Middlewares/Third_Party/FreeRTOS/Source/portable/GCC/ARM_CM3/port.o
LOAD ./Middlewares/Third_Party/FreeRTOS/Source/portable/MemMang/heap_4.o
START GROUP
LOAD c:/st/stm32cubeide_1.9.0/stm32cubeide/plugins/com.st.stm32cube.ide.mcu.externaltools.gnu-tools-for-stm32.10.3-2021.10.win32_1.0.100.202210260954/tools/bin/../lib/gcc/arm-none-eabi/10.3.1/../../../../arm-none-eabi/lib/thumb/v7-m/nofp\libstdc++_nano.a
LOAD c:/st/stm32cubeide_1.9.0/stm32cubeide/plugins/com.st.stm32cube.ide.mcu.externaltools.gnu-tools-for-stm32.10.3-2021.10.win32_1.0.100.202210260954/tools/bin/../lib/gcc/arm-none-eabi/10.3.1/../../../../arm-none-eabi/lib/thumb/v7-m/nofp\libsupc++_nano.a
END GROUP
LOAD c:/st/stm32cubeide_1.9.0/stm32cubeide/plugins/com.st.stm32cube.ide.mcu.externaltools.gnu-tools-for-stm32.10.3-2021.10.win32_1.0.100.202210260954/tools/bin/../lib/gcc/arm-none-eabi/10.3.1/../../../../arm-none-eabi/lib/thumb/v7-m/nofp\libstdc++_nano.a
LOAD c:/st/stm32cubeide_1.9.0/stm32cubeide/plugins/com.st.stm32cube.ide.mcu.externaltools.gnu-tools-for-stm32.10.3-2021.10.win32_1.0.100.202210260954/tools/bin/../lib/gcc/arm-none-eabi/10.3.1/../../../../arm-none-eabi/lib/thumb/v7-m/nofp\libm.a
LOAD c:/st/stm32cubeide_1.9.0/stm32cubeide/plugins/com.st.stm32cube.ide.mcu.externaltools.gnu-tools-for-stm32.10.3-2021.10.win32_1.0.100.202210260954/tools/bin/../lib/gcc/arm-none-eabi/10.3.1/../../../../arm-none-eabi/lib/thumb/v7-m/nofp\libc_nano.a
START GROUP
LOAD c:/st/stm32cubeide_1.9.0/stm32cubeide/plugins/com.st.stm32cube.ide.mcu.externaltools.gnu-tools-for-stm32.10.3-2021.10.win32_1.0.100.202210260954/tools/bin/../lib/gcc/arm-none-eabi/10.3.1/thumb/v7-m/nofp\libgcc.a
LOAD c:/st/stm32cubeide_1.9.0/stm32cubeide/plugins/com.st.stm32cube.ide.mcu.externaltools.gnu-tools-for-stm32.10.3-2021.10.win32_1.0.100.202210260954/tools/bin/../lib/gcc/arm-none-eabi/10.3.1/../../../../arm-none-eabi/lib/thumb/v7-m/nofp\libc_nano.a
END GROUP
START GROUP
LOAD c:/st/stm32cubeide_1.9.0/stm32cubeide/plugins/com.st.stm32cube.ide.mcu.externaltools.gnu-tools-for-stm32.10.3-2021.10.win32_1.0.100.202210260954/tools/bin/../lib/gcc/arm-none-eabi/10.3.1/thumb/v7-m/nofp\libgcc.a
LOAD c:/st/stm32cubeide_1.9.0/stm32cubeide/plugins/com.st.stm32cube.ide.mcu.externaltools.gnu-tools-for-stm32.10.3-2021.10.win32_1.0.100.202210260954/tools/bin/../lib/gcc/arm-none-eabi/10.3.1/../../../../arm-none-eabi/lib/thumb/v7-m/nofp\libc_nano.a
LOAD c:/st/stm32cubeide_1.9.0/stm32cubeide/plugins/com.st.stm32cube.ide.mcu.externaltools.gnu-tools-for-stm32.10.3-2021.10.win32_1.0.100.202210260954/tools/bin/../lib/gcc/arm-none-eabi/10.3.1/../../../../arm-none-eabi/lib/thumb/v7-m/nofp\libnosys.a
END GROUP
START GROUP
LOAD c:/st/stm32cubeide_1.9.0/stm32cubeide/plugins/com.st.stm32cube.ide.mcu.externaltools.gnu-tools-for-stm32.10.3-2021.10.win32_1.0.100.202210260954/tools/bin/../lib/gcc/arm-none-eabi/10.3.1/thumb/v7-m/nofp\libgcc.a
LOAD c:/st/stm32cubeide_1.9.0/stm32cubeide/plugins/com.st.stm32cube.ide.mcu.externaltools.gnu-tools-for-stm32.10.3-2021.10.win32_1.0.100.202210260954/tools/bin/../lib/gcc/arm-none-eabi/10.3.1/../../../../arm-none-eabi/lib/thumb/v7-m/nofp\libc_nano.a
LOAD c:/st/stm32cubeide_1.9.0/stm32cubeide/plugins/com.st.stm32cube.ide.mcu.externaltools.gnu-tools-for-stm32.10.3-2021.10.win32_1.0.100.202210260954/tools/bin/../lib/gcc/arm-none-eabi/10.3.1/../../../../arm-none-eabi/lib/thumb/v7-m/nofp\libnosys.a
END GROUP
LOAD c:/st/stm32cubeide_1.9.0/stm32cubeide/plugins/com.st.stm32cube.ide.mcu.externaltools.gnu-tools-for-stm32.10.3-2021.10.win32_1.0.100.202210260954/tools/bin/../lib/gcc/arm-none-eabi/10.3.1/thumb/v7-m/nofp/crtend.o
LOAD c:/st/stm32cubeide_1.9.0/stm32cubeide/plugins/com.st.stm32cube.ide.mcu.externaltools.gnu-tools-for-stm32.10.3-2021.10.win32_1.0.100.202210260954/tools/bin/../lib/gcc/arm-none-eabi/10.3.1/thumb/v7-m/nofp/crtn.o
                0x0000000020005000                _estack = (ORIGIN (RAM) + LENGTH (RAM))
                0x0000000000000200                _Min_Heap_Size = 0x200
                0x0000000000000400                _Min_Stack_Size = 0x400

.isr_vector     0x0000000008000000      0x10c
                0x0000000008000000                . = ALIGN (0x4)
 *(.isr_vector)
 .isr_vector    0x0000000008000000      0x10c ./Core/Startup/startup_stm32f103c8tx.o
                0x0000000008000000                g_pfnVectors
                0x000000000800010c                . = ALIGN (0x4)

.text           0x0000000008000110     0x8fd0
                0x0000000008000110                . = ALIGN (0x4)
 *(.text)
 .text          0x0000000008000110       0x40 c:/st/stm32cubeide_1.9.0/stm32cubeide/plugins/com.st.stm32cube.ide.mcu.externaltools.gnu-tools-for-stm32.10.3-2021.10.win32_1.0.100.202210260954/tools/bin/../lib/gcc/arm-none-eabi/10.3.1/thumb/v7-m/nofp/crtbegin.o
 .text          0x0000000008000150      0x378 c:/st/stm32cubeide_1.9.0/stm32cubeide/plugins/com.st.stm32cube.ide.mcu.externaltools.gnu-tools-for-stm32.10.3-2021.10.win32_1.0.100.202210260954/tools/bin/../lib/gcc/arm-none-eabi/10.3.1/thumb/v7-m/nofp\libgcc.a(_arm_addsubdf3.o)
                0x0000000008000150                __aeabi_drsub
                0x0000000008000158                __aeabi_dsub
                0x0000000008000158                __subdf3
                0x000000000800015c                __aeabi_dadd
                0x000000000800015c                __adddf3
                0x00000000080003d4                __floatunsidf
                0x00000000080003d4                __aeabi_ui2d
                0x00000000080003f4                __floatsidf
                0x00000000080003f4                __aeabi_i2d
                0x0000000008000418                __aeabi_f2d
                0x0000000008000418                __extendsfdf2
                0x000000000800045c                __floatundidf
                0x000000000800045c                __aeabi_ul2d
                0x000000000800046c                __floatdidf
                0x000000000800046c                __aeabi_l2d
 .text          0x00000000080004c8      0x424 c:/st/stm32cubeide_1.9.0/stm32cubeide/plugins/com.st.stm32cube.ide.mcu.externaltools.gnu-tools-for-stm32.10.3-2021.10.win32_1.0.100.202210260954/tools/bin/../lib/gcc/arm-none-eabi/10.3.1/thumb/v7-m/nofp\libgcc.a(_arm_muldivdf3.o)
                0x00000000080004c8                __aeabi_dmul
                0x00000000080004c8                __muldf3
                0x000000000800071c                __divdf3
                0x000000000800071c                __aeabi_ddiv
 .text          0x00000000080008ec      0x110 c:/st/stm32cubeide_1.9.0/stm32cubeide/plugins/com.st.stm32cube.ide.mcu.externaltools.gnu-tools-for-stm32.10.3-2021.10.win32_1.0.100.202210260954/tools/bin/../lib/gcc/arm-none-eabi/10.3.1/thumb/v7-m/nofp\libgcc.a(_arm_cmpdf2.o)
                0x00000000080008ec                __gtdf2
                0x00000000080008ec                __gedf2
                0x00000000080008f4                __ltdf2
                0x00000000080008f4                __ledf2
                0x00000000080008fc                __nedf2
                0x00000000080008fc                __eqdf2
                0x00000000080008fc                __cmpdf2
                0x0000000008000978                __aeabi_cdrcmple
                0x0000000008000988                __aeabi_cdcmpeq
                0x0000000008000988                __aeabi_cdcmple
                0x0000000008000998                __aeabi_dcmpeq
                0x00000000080009ac                __aeabi_dcmplt
                0x00000000080009c0                __aeabi_dcmple
                0x00000000080009d4                __aeabi_dcmpge
                0x00000000080009e8                __aeabi_dcmpgt
 .text          0x00000000080009fc       0x2c c:/st/stm32cubeide_1.9.0/stm32cubeide/plugins/com.st.stm32cube.ide.mcu.externaltools.gnu-tools-for-stm32.10.3-2021.10.win32_1.0.100.202210260954/tools/bin/../lib/gcc/arm-none-eabi/10.3.1/thumb/v7-m/nofp\libgcc.a(_arm_unorddf2.o)
                0x00000000080009fc                __unorddf2
                0x00000000080009fc                __aeabi_dcmpun
 .text          0x0000000008000a28       0xa0 c:/st/stm32cubeide_1.9.0/stm32cubeide/plugins/com.st.stm32cube.ide.mcu.externaltools.gnu-tools-for-stm32.10.3-2021.10.win32_1.0.100.202210260954/tools/bin/../lib/gcc/arm-none-eabi/10.3.1/thumb/v7-m/nofp\libgcc.a(_arm_truncdfsf2.o)
                0x0000000008000a28                __truncdfsf2
                0x0000000008000a28                __aeabi_d2f
 .text          0x0000000008000ac8      0x21c c:/st/stm32cubeide_1.9.0/stm32cubeide/plugins/com.st.stm32cube.ide.mcu.externaltools.gnu-tools-for-stm32.10.3-2021.10.win32_1.0.100.202210260954/tools/bin/../lib/gcc/arm-none-eabi/10.3.1/thumb/v7-m/nofp\libgcc.a(_arm_addsubsf3.o)
                0x0000000008000ac8                __aeabi_frsub
                0x0000000008000ad0                __subsf3
                0x0000000008000ad0                __aeabi_fsub
                0x0000000008000ad4                __aeabi_fadd
                0x0000000008000ad4                __addsf3
                0x0000000008000c34                __aeabi_ui2f
                0x0000000008000c34                __floatunsisf
                0x0000000008000c3c                __aeabi_i2f
                0x0000000008000c3c                __floatsisf
                0x0000000008000c58                __aeabi_ul2f
                0x0000000008000c58                __floatundisf
                0x0000000008000c68                __aeabi_l2f
                0x0000000008000c68                __floatdisf
 .text          0x0000000008000ce4      0x2a0 c:/st/stm32cubeide_1.9.0/stm32cubeide/plugins/com.st.stm32cube.ide.mcu.externaltools.gnu-tools-for-stm32.10.3-2021.10.win32_1.0.100.202210260954/tools/bin/../lib/gcc/arm-none-eabi/10.3.1/thumb/v7-m/nofp\libgcc.a(_arm_muldivsf3.o)
                0x0000000008000ce4                __mulsf3
                0x0000000008000ce4                __aeabi_fmul
                0x0000000008000e4c                __aeabi_fdiv
                0x0000000008000e4c                __divsf3
 .text          0x0000000008000f84       0xec c:/st/stm32cubeide_1.9.0/stm32cubeide/plugins/com.st.stm32cube.ide.mcu.externaltools.gnu-tools-for-stm32.10.3-2021.10.win32_1.0.100.202210260954/tools/bin/../lib/gcc/arm-none-eabi/10.3.1/thumb/v7-m/nofp\libgcc.a(_arm_cmpsf2.o)
                0x0000000008000f84                __gesf2
                0x0000000008000f84                __gtsf2
                0x0000000008000f8c                __lesf2
                0x0000000008000f8c                __ltsf2
                0x0000000008000f94                __nesf2
                0x0000000008000f94                __eqsf2
                0x0000000008000f94                __cmpsf2
                0x0000000008000ff4                __aeabi_cfrcmple
                0x0000000008000ffc                __aeabi_cfcmpeq
                0x0000000008000ffc                __aeabi_cfcmple
                0x000000000800100c                __aeabi_fcmpeq
                0x0000000008001020                __aeabi_fcmplt
                0x0000000008001034                __aeabi_fcmple
                0x0000000008001048                __aeabi_fcmpge
                0x000000000800105c                __aeabi_fcmpgt
 .text          0x0000000008001070       0x2c c:/st/stm32cubeide_1.9.0/stm32cubeide/plugins/com.st.stm32cube.ide.mcu.externaltools.gnu-tools-for-stm32.10.3-2021.10.win32_1.0.100.202210260954/tools/bin/../lib/gcc/arm-none-eabi/10.3.1/thumb/v7-m/nofp\libgcc.a(_arm_unordsf2.o)
                0x0000000008001070                __unordsf2
                0x0000000008001070                __aeabi_fcmpun
 *(.text*)
 .text.expRunningAverageGX
                0x000000000800109c       0x50 ./Core/Src/MPU9250.o
                0x000000000800109c                expRunningAverageGX
 .text.expRunningAverageGY
                0x00000000080010ec       0x50 ./Core/Src/MPU9250.o
                0x00000000080010ec                expRunningAverageGY
 .text.expRunningAverageGZ
                0x000000000800113c       0x50 ./Core/Src/MPU9250.o
                0x000000000800113c                expRunningAverageGZ
 .text.expRunningAverageAX
                0x000000000800118c       0x50 ./Core/Src/MPU9250.o
                0x000000000800118c                expRunningAverageAX
 .text.expRunningAverageAY
                0x00000000080011dc       0x50 ./Core/Src/MPU9250.o
                0x00000000080011dc                expRunningAverageAY
 .text.expRunningAverageAZ
                0x000000000800122c       0x50 ./Core/Src/MPU9250.o
                0x000000000800122c                expRunningAverageAZ
 .text.MPU9250_OnActivate
                0x000000000800127c        0xc ./Core/Src/MPU9250.o
                0x000000000800127c                MPU9250_OnActivate
 .text.MPU9250_Activate
                0x0000000008001288       0x1c ./Core/Src/MPU9250.o
 .text.MPU9250_Deactivate
                0x00000000080012a4       0x18 ./Core/Src/MPU9250.o
 .text.SPIx_WriteRead
                0x00000000080012bc       0x3c ./Core/Src/MPU9250.o
                0x00000000080012bc                SPIx_WriteRead
 .text.MPU_SPI_Write
                0x00000000080012f8       0x46 ./Core/Src/MPU9250.o
                0x00000000080012f8                MPU_SPI_Write
 *fill*         0x000000000800133e        0x2 
 .text.MPU_SPI_Read
                0x0000000008001340       0x60 ./Core/Src/MPU9250.o
                0x0000000008001340                MPU_SPI_Read
 .text.writeRegister
                0x00000000080013a0       0x2a ./Core/Src/MPU9250.o
                0x00000000080013a0                writeRegister
 .text.readRegisters
                0x00000000080013ca       0x26 ./Core/Src/MPU9250.o
                0x00000000080013ca                readRegisters
 .text.writeAK8963Register
                0x00000000080013f0       0x3c ./Core/Src/MPU9250.o
                0x00000000080013f0                writeAK8963Register
 .text.readAK8963Registers
                0x000000000800142c       0x4c ./Core/Src/MPU9250.o
                0x000000000800142c                readAK8963Registers
 .text.whoAmI   0x0000000008001478       0x1c ./Core/Src/MPU9250.o
 .text.whoAmIAK8963
                0x0000000008001494       0x1c ./Core/Src/MPU9250.o
 .text.MPU9250_Init
                0x00000000080014b0      0x100 ./Core/Src/MPU9250.o
                0x00000000080014b0                MPU9250_Init
 .text.MPU9250_calibrate
                0x00000000080015b0      0x348 ./Core/Src/MPU9250.o
                0x00000000080015b0                MPU9250_calibrate
 .text.MPU9250_GetData
                0x00000000080018f8      0x3d0 ./Core/Src/MPU9250.o
                0x00000000080018f8                MPU9250_GetData
 .text.MX_CAN_Init
                0x0000000008001cc8       0x6c ./Core/Src/can.o
                0x0000000008001cc8                MX_CAN_Init
 .text.HAL_CAN_MspInit
                0x0000000008001d34       0xb8 ./Core/Src/can.o
                0x0000000008001d34                HAL_CAN_MspInit
 .text.MX_FREERTOS_Init
                0x0000000008001dec       0x40 ./Core/Src/freertos.o
                0x0000000008001dec                MX_FREERTOS_Init
 .text.StartDefaultTask
                0x0000000008001e2c       0x10 ./Core/Src/freertos.o
                0x0000000008001e2c                StartDefaultTask
 .text.StartMPUTask
                0x0000000008001e3c      0x154 ./Core/Src/freertos.o
                0x0000000008001e3c                StartMPUTask
 .text.MX_GPIO_Init
                0x0000000008001f90       0xdc ./Core/Src/gpio.o
                0x0000000008001f90                MX_GPIO_Init
 .text.quat_scalar
                0x000000000800206c       0x62 ./Core/Src/madgwickFilter.o
 .text.quat_add
                0x00000000080020ce       0x70 ./Core/Src/madgwickFilter.o
 .text.quat_sub
                0x000000000800213e       0x70 ./Core/Src/madgwickFilter.o
 .text.quat_Norm
                0x00000000080021ae       0x90 ./Core/Src/madgwickFilter.o
 .text.quat_Normalization
                0x000000000800223e       0x6a ./Core/Src/madgwickFilter.o
 .text.quat_mult
                0x00000000080022a8      0x1a6 ./Core/Src/madgwickFilter.o
                0x00000000080022a8                quat_mult
 *fill*         0x000000000800244e        0x2 
 .text.imu_filter
                0x0000000008002450      0x438 ./Core/Src/madgwickFilter.o
                0x0000000008002450                imu_filter
 .text.eulerAngles
                0x0000000008002888      0x1dc ./Core/Src/madgwickFilter.o
                0x0000000008002888                eulerAngles
 .text.main     0x0000000008002a64      0x168 ./Core/Src/main.o
                0x0000000008002a64                main
 .text.SystemClock_Config
                0x0000000008002bcc       0x82 ./Core/Src/main.o
                0x0000000008002bcc                SystemClock_Config
 *fill*         0x0000000008002c4e        0x2 
 .text.HAL_TIM_PeriodElapsedCallback
                0x0000000008002c50       0x24 ./Core/Src/main.o
                0x0000000008002c50                HAL_TIM_PeriodElapsedCallback
 .text.Error_Handler
                0x0000000008002c74        0xa ./Core/Src/main.o
                0x0000000008002c74                Error_Handler
 *fill*         0x0000000008002c7e        0x2 
 .text.MX_SPI1_Init
                0x0000000008002c80       0x6c ./Core/Src/spi.o
                0x0000000008002c80                MX_SPI1_Init
 .text.MX_SPI2_Init
                0x0000000008002cec       0x6c ./Core/Src/spi.o
                0x0000000008002cec                MX_SPI2_Init
 .text.HAL_SPI_MspInit
                0x0000000008002d58      0x11c ./Core/Src/spi.o
                0x0000000008002d58                HAL_SPI_MspInit
 .text.HAL_MspInit
                0x0000000008002e74       0x70 ./Core/Src/stm32f1xx_hal_msp.o
                0x0000000008002e74                HAL_MspInit
 .text.HAL_InitTick
                0x0000000008002ee4       0xfc ./Core/Src/stm32f1xx_hal_timebase_tim.o
                0x0000000008002ee4                HAL_InitTick
 .text.NMI_Handler
                0x0000000008002fe0        0x6 ./Core/Src/stm32f1xx_it.o
                0x0000000008002fe0                NMI_Handler
 .text.HardFault_Handler
                0x0000000008002fe6        0x6 ./Core/Src/stm32f1xx_it.o
                0x0000000008002fe6                HardFault_Handler
 .text.MemManage_Handler
                0x0000000008002fec        0x6 ./Core/Src/stm32f1xx_it.o
                0x0000000008002fec                MemManage_Handler
 .text.BusFault_Handler
                0x0000000008002ff2        0x6 ./Core/Src/stm32f1xx_it.o
                0x0000000008002ff2                BusFault_Handler
 .text.UsageFault_Handler
                0x0000000008002ff8        0x6 ./Core/Src/stm32f1xx_it.o
                0x0000000008002ff8                UsageFault_Handler
 .text.DebugMon_Handler
                0x0000000008002ffe        0xc ./Core/Src/stm32f1xx_it.o
                0x0000000008002ffe                DebugMon_Handler
 *fill*         0x000000000800300a        0x2 
 .text.USB_HP_CAN1_TX_IRQHandler
                0x000000000800300c       0x14 ./Core/Src/stm32f1xx_it.o
                0x000000000800300c                USB_HP_CAN1_TX_IRQHandler
 .text.USB_LP_CAN1_RX0_IRQHandler
                0x0000000008003020       0x14 ./Core/Src/stm32f1xx_it.o
                0x0000000008003020                USB_LP_CAN1_RX0_IRQHandler
 .text.TIM4_IRQHandler
                0x0000000008003034       0x14 ./Core/Src/stm32f1xx_it.o
                0x0000000008003034                TIM4_IRQHandler
 .text.SPI2_IRQHandler
                0x0000000008003048       0x14 ./Core/Src/stm32f1xx_it.o
                0x0000000008003048                SPI2_IRQHandler
 .text.SystemInit
                0x000000000800305c        0xc ./Core/Src/system_stm32f1xx.o
                0x000000000800305c                SystemInit
 .text.Reset_Handler
                0x0000000008003068       0x48 ./Core/Startup/startup_stm32f103c8tx.o
                0x0000000008003068                Reset_Handler
 .text.Default_Handler
                0x00000000080030b0        0x2 ./Core/Startup/startup_stm32f103c8tx.o
                0x00000000080030b0                RTC_Alarm_IRQHandler
                0x00000000080030b0                EXTI2_IRQHandler
                0x00000000080030b0                TIM1_CC_IRQHandler
                0x00000000080030b0                PVD_IRQHandler
                0x00000000080030b0                EXTI3_IRQHandler
                0x00000000080030b0                EXTI0_IRQHandler
                0x00000000080030b0                I2C2_EV_IRQHandler
                0x00000000080030b0                ADC1_2_IRQHandler
                0x00000000080030b0                SPI1_IRQHandler
                0x00000000080030b0                TAMPER_IRQHandler
                0x00000000080030b0                DMA1_Channel4_IRQHandler
                0x00000000080030b0                USART3_IRQHandler
                0x00000000080030b0                RTC_IRQHandler
                0x00000000080030b0                DMA1_Channel7_IRQHandler
                0x00000000080030b0                CAN1_RX1_IRQHandler
                0x00000000080030b0                I2C1_EV_IRQHandler
                0x00000000080030b0                DMA1_Channel6_IRQHandler
                0x00000000080030b0                TIM3_IRQHandler
                0x00000000080030b0                RCC_IRQHandler
                0x00000000080030b0                TIM1_TRG_COM_IRQHandler
                0x00000000080030b0                DMA1_Channel1_IRQHandler
                0x00000000080030b0                Default_Handler
                0x00000000080030b0                EXTI15_10_IRQHandler
                0x00000000080030b0                EXTI9_5_IRQHandler
                0x00000000080030b0                DMA1_Channel5_IRQHandler
                0x00000000080030b0                EXTI4_IRQHandler
                0x00000000080030b0                DMA1_Channel3_IRQHandler
                0x00000000080030b0                TIM1_UP_IRQHandler
                0x00000000080030b0                WWDG_IRQHandler
                0x00000000080030b0                TIM2_IRQHandler
                0x00000000080030b0                TIM1_BRK_IRQHandler
                0x00000000080030b0                EXTI1_IRQHandler
                0x00000000080030b0                USART2_IRQHandler
                0x00000000080030b0                I2C2_ER_IRQHandler
                0x00000000080030b0                DMA1_Channel2_IRQHandler
                0x00000000080030b0                CAN1_SCE_IRQHandler
                0x00000000080030b0                FLASH_IRQHandler
                0x00000000080030b0                USART1_IRQHandler
                0x00000000080030b0                I2C1_ER_IRQHandler
                0x00000000080030b0                USBWakeUp_IRQHandler
 *fill*         0x00000000080030b2        0x2 
 .text.HAL_Init
                0x00000000080030b4       0x2c ./Drivers/STM32F1xx_HAL_Driver/Src/stm32f1xx_hal.o
                0x00000000080030b4                HAL_Init
 .text.HAL_IncTick
                0x00000000080030e0       0x24 ./Drivers/STM32F1xx_HAL_Driver/Src/stm32f1xx_hal.o
                0x00000000080030e0                HAL_IncTick
 .text.HAL_GetTick
                0x0000000008003104       0x14 ./Drivers/STM32F1xx_HAL_Driver/Src/stm32f1xx_hal.o
                0x0000000008003104                HAL_GetTick
 .text.HAL_Delay
                0x0000000008003118       0x48 ./Drivers/STM32F1xx_HAL_Driver/Src/stm32f1xx_hal.o
                0x0000000008003118                HAL_Delay
 .text.HAL_CAN_Init
                0x0000000008003160      0x1f6 ./Drivers/STM32F1xx_HAL_Driver/Src/stm32f1xx_hal_can.o
                0x0000000008003160                HAL_CAN_Init
 .text.HAL_CAN_ConfigFilter
                0x0000000008003356      0x192 ./Drivers/STM32F1xx_HAL_Driver/Src/stm32f1xx_hal_can.o
                0x0000000008003356                HAL_CAN_ConfigFilter
 .text.HAL_CAN_Start
                0x00000000080034e8       0x88 ./Drivers/STM32F1xx_HAL_Driver/Src/stm32f1xx_hal_can.o
                0x00000000080034e8                HAL_CAN_Start
 .text.HAL_CAN_AddTxMessage
                0x0000000008003570      0x1b4 ./Drivers/STM32F1xx_HAL_Driver/Src/stm32f1xx_hal_can.o
                0x0000000008003570                HAL_CAN_AddTxMessage
 .text.HAL_CAN_IRQHandler
                0x0000000008003724      0x36e ./Drivers/STM32F1xx_HAL_Driver/Src/stm32f1xx_hal_can.o
                0x0000000008003724                HAL_CAN_IRQHandler
 .text.HAL_CAN_TxMailbox0CompleteCallback
                0x0000000008003a92       0x12 ./Drivers/STM32F1xx_HAL_Driver/Src/stm32f1xx_hal_can.o
                0x0000000008003a92                HAL_CAN_TxMailbox0CompleteCallback
 .text.HAL_CAN_TxMailbox1CompleteCallback
                0x0000000008003aa4       0x12 ./Drivers/STM32F1xx_HAL_Driver/Src/stm32f1xx_hal_can.o
                0x0000000008003aa4                HAL_CAN_TxMailbox1CompleteCallback
 .text.HAL_CAN_TxMailbox2CompleteCallback
                0x0000000008003ab6       0x12 ./Drivers/STM32F1xx_HAL_Driver/Src/stm32f1xx_hal_can.o
                0x0000000008003ab6                HAL_CAN_TxMailbox2CompleteCallback
 .text.HAL_CAN_TxMailbox0AbortCallback
                0x0000000008003ac8       0x12 ./Drivers/STM32F1xx_HAL_Driver/Src/stm32f1xx_hal_can.o
                0x0000000008003ac8                HAL_CAN_TxMailbox0AbortCallback
 .text.HAL_CAN_TxMailbox1AbortCallback
                0x0000000008003ada       0x12 ./Drivers/STM32F1xx_HAL_Driver/Src/stm32f1xx_hal_can.o
                0x0000000008003ada                HAL_CAN_TxMailbox1AbortCallback
 .text.HAL_CAN_TxMailbox2AbortCallback
                0x0000000008003aec       0x12 ./Drivers/STM32F1xx_HAL_Driver/Src/stm32f1xx_hal_can.o
                0x0000000008003aec                HAL_CAN_TxMailbox2AbortCallback
 .text.HAL_CAN_RxFifo0MsgPendingCallback
                0x0000000008003afe       0x12 ./Drivers/STM32F1xx_HAL_Driver/Src/stm32f1xx_hal_can.o
                0x0000000008003afe                HAL_CAN_RxFifo0MsgPendingCallback
 .text.HAL_CAN_RxFifo0FullCallback
                0x0000000008003b10       0x12 ./Drivers/STM32F1xx_HAL_Driver/Src/stm32f1xx_hal_can.o
                0x0000000008003b10                HAL_CAN_RxFifo0FullCallback
 .text.HAL_CAN_RxFifo1MsgPendingCallback
                0x0000000008003b22       0x12 ./Drivers/STM32F1xx_HAL_Driver/Src/stm32f1xx_hal_can.o
                0x0000000008003b22                HAL_CAN_RxFifo1MsgPendingCallback
 .text.HAL_CAN_RxFifo1FullCallback
                0x0000000008003b34       0x12 ./Drivers/STM32F1xx_HAL_Driver/Src/stm32f1xx_hal_can.o
                0x0000000008003b34                HAL_CAN_RxFifo1FullCallback
 .text.HAL_CAN_SleepCallback
                0x0000000008003b46       0x12 ./Drivers/STM32F1xx_HAL_Driver/Src/stm32f1xx_hal_can.o
                0x0000000008003b46                HAL_CAN_SleepCallback
 .text.HAL_CAN_WakeUpFromRxMsgCallback
                0x0000000008003b58       0x12 ./Drivers/STM32F1xx_HAL_Driver/Src/stm32f1xx_hal_can.o
                0x0000000008003b58                HAL_CAN_WakeUpFromRxMsgCallback
 .text.HAL_CAN_ErrorCallback
                0x0000000008003b6a       0x12 ./Drivers/STM32F1xx_HAL_Driver/Src/stm32f1xx_hal_can.o
                0x0000000008003b6a                HAL_CAN_ErrorCallback
 .text.__NVIC_SetPriorityGrouping
                0x0000000008003b7c       0x48 ./Drivers/STM32F1xx_HAL_Driver/Src/stm32f1xx_hal_cortex.o
 .text.__NVIC_GetPriorityGrouping
                0x0000000008003bc4       0x1c ./Drivers/STM32F1xx_HAL_Driver/Src/stm32f1xx_hal_cortex.o
 .text.__NVIC_EnableIRQ
                0x0000000008003be0       0x38 ./Drivers/STM32F1xx_HAL_Driver/Src/stm32f1xx_hal_cortex.o
 .text.__NVIC_SetPriority
                0x0000000008003c18       0x54 ./Drivers/STM32F1xx_HAL_Driver/Src/stm32f1xx_hal_cortex.o
 .text.NVIC_EncodePriority
                0x0000000008003c6c       0x64 ./Drivers/STM32F1xx_HAL_Driver/Src/stm32f1xx_hal_cortex.o
 .text.HAL_NVIC_SetPriorityGrouping
                0x0000000008003cd0       0x16 ./Drivers/STM32F1xx_HAL_Driver/Src/stm32f1xx_hal_cortex.o
                0x0000000008003cd0                HAL_NVIC_SetPriorityGrouping
 .text.HAL_NVIC_SetPriority
                0x0000000008003ce6       0x38 ./Drivers/STM32F1xx_HAL_Driver/Src/stm32f1xx_hal_cortex.o
                0x0000000008003ce6                HAL_NVIC_SetPriority
 .text.HAL_NVIC_EnableIRQ
                0x0000000008003d1e       0x1c ./Drivers/STM32F1xx_HAL_Driver/Src/stm32f1xx_hal_cortex.o
                0x0000000008003d1e                HAL_NVIC_EnableIRQ
 *fill*         0x0000000008003d3a        0x2 
 .text.HAL_DMA_Abort_IT
                0x0000000008003d3c       0xec ./Drivers/STM32F1xx_HAL_Driver/Src/stm32f1xx_hal_dma.o
                0x0000000008003d3c                HAL_DMA_Abort_IT
 .text.HAL_GPIO_Init
                0x0000000008003e28      0x308 ./Drivers/STM32F1xx_HAL_Driver/Src/stm32f1xx_hal_gpio.o
                0x0000000008003e28                HAL_GPIO_Init
 .text.HAL_GPIO_WritePin
                0x0000000008004130       0x30 ./Drivers/STM32F1xx_HAL_Driver/Src/stm32f1xx_hal_gpio.o
                0x0000000008004130                HAL_GPIO_WritePin
 .text.HAL_GPIO_TogglePin
                0x0000000008004160       0x32 ./Drivers/STM32F1xx_HAL_Driver/Src/stm32f1xx_hal_gpio.o
                0x0000000008004160                HAL_GPIO_TogglePin
 *fill*         0x0000000008004192        0x2 
 .text.HAL_RCC_OscConfig
                0x0000000008004194      0x504 ./Drivers/STM32F1xx_HAL_Driver/Src/stm32f1xx_hal_rcc.o
                0x0000000008004194                HAL_RCC_OscConfig
 .text.HAL_RCC_ClockConfig
                0x0000000008004698      0x1d4 ./Drivers/STM32F1xx_HAL_Driver/Src/stm32f1xx_hal_rcc.o
                0x0000000008004698                HAL_RCC_ClockConfig
 .text.HAL_RCC_GetSysClockFreq
                0x000000000800486c       0xbc ./Drivers/STM32F1xx_HAL_Driver/Src/stm32f1xx_hal_rcc.o
                0x000000000800486c                HAL_RCC_GetSysClockFreq
 .text.HAL_RCC_GetHCLKFreq
                0x0000000008004928       0x14 ./Drivers/STM32F1xx_HAL_Driver/Src/stm32f1xx_hal_rcc.o
                0x0000000008004928                HAL_RCC_GetHCLKFreq
 .text.HAL_RCC_GetPCLK1Freq
                0x000000000800493c       0x28 ./Drivers/STM32F1xx_HAL_Driver/Src/stm32f1xx_hal_rcc.o
                0x000000000800493c                HAL_RCC_GetPCLK1Freq
 .text.HAL_RCC_GetClockConfig
                0x0000000008004964       0x60 ./Drivers/STM32F1xx_HAL_Driver/Src/stm32f1xx_hal_rcc.o
                0x0000000008004964                HAL_RCC_GetClockConfig
 .text.RCC_Delay
                0x00000000080049c4       0x3c ./Drivers/STM32F1xx_HAL_Driver/Src/stm32f1xx_hal_rcc.o
 .text.HAL_SPI_Init
                0x0000000008004a00      0x108 ./Drivers/STM32F1xx_HAL_Driver/Src/stm32f1xx_hal_spi.o
                0x0000000008004a00                HAL_SPI_Init
 .text.HAL_SPI_Transmit
                0x0000000008004b08      0x278 ./Drivers/STM32F1xx_HAL_Driver/Src/stm32f1xx_hal_spi.o
                0x0000000008004b08                HAL_SPI_Transmit
 .text.HAL_SPI_Receive
                0x0000000008004d80      0x222 ./Drivers/STM32F1xx_HAL_Driver/Src/stm32f1xx_hal_spi.o
                0x0000000008004d80                HAL_SPI_Receive
 .text.HAL_SPI_TransmitReceive
                0x0000000008004fa2      0x344 ./Drivers/STM32F1xx_HAL_Driver/Src/stm32f1xx_hal_spi.o
                0x0000000008004fa2                HAL_SPI_TransmitReceive
 *fill*         0x00000000080052e6        0x2 
 .text.HAL_SPI_IRQHandler
                0x00000000080052e8      0x1cc ./Drivers/STM32F1xx_HAL_Driver/Src/stm32f1xx_hal_spi.o
                0x00000000080052e8                HAL_SPI_IRQHandler
 .text.HAL_SPI_ErrorCallback
                0x00000000080054b4       0x12 ./Drivers/STM32F1xx_HAL_Driver/Src/stm32f1xx_hal_spi.o
                0x00000000080054b4                HAL_SPI_ErrorCallback
 .text.SPI_DMAAbortOnError
                0x00000000080054c6       0x28 ./Drivers/STM32F1xx_HAL_Driver/Src/stm32f1xx_hal_spi.o
 *fill*         0x00000000080054ee        0x2 
 .text.SPI_WaitFlagStateUntilTimeout
                0x00000000080054f0      0x110 ./Drivers/STM32F1xx_HAL_Driver/Src/stm32f1xx_hal_spi.o
 .text.SPI_EndRxTransaction
                0x0000000008005600       0xa4 ./Drivers/STM32F1xx_HAL_Driver/Src/stm32f1xx_hal_spi.o
 .text.SPI_EndRxTxTransaction
                0x00000000080056a4       0x3c ./Drivers/STM32F1xx_HAL_Driver/Src/stm32f1xx_hal_spi.o
 .text.HAL_TIM_Base_Init
                0x00000000080056e0       0x9e ./Drivers/STM32F1xx_HAL_Driver/Src/stm32f1xx_hal_tim.o
                0x00000000080056e0                HAL_TIM_Base_Init
 .text.HAL_TIM_Base_MspInit
                0x000000000800577e       0x12 ./Drivers/STM32F1xx_HAL_Driver/Src/stm32f1xx_hal_tim.o
                0x000000000800577e                HAL_TIM_Base_MspInit
 .text.HAL_TIM_Base_Start_IT
                0x0000000008005790       0xa4 ./Drivers/STM32F1xx_HAL_Driver/Src/stm32f1xx_hal_tim.o
                0x0000000008005790                HAL_TIM_Base_Start_IT
 .text.HAL_TIM_IRQHandler
                0x0000000008005834      0x210 ./Drivers/STM32F1xx_HAL_Driver/Src/stm32f1xx_hal_tim.o
                0x0000000008005834                HAL_TIM_IRQHandler
 .text.HAL_TIM_OC_DelayElapsedCallback
                0x0000000008005a44       0x12 ./Drivers/STM32F1xx_HAL_Driver/Src/stm32f1xx_hal_tim.o
                0x0000000008005a44                HAL_TIM_OC_DelayElapsedCallback
 .text.HAL_TIM_IC_CaptureCallback
                0x0000000008005a56       0x12 ./Drivers/STM32F1xx_HAL_Driver/Src/stm32f1xx_hal_tim.o
                0x0000000008005a56                HAL_TIM_IC_CaptureCallback
 .text.HAL_TIM_PWM_PulseFinishedCallback
                0x0000000008005a68       0x12 ./Drivers/STM32F1xx_HAL_Driver/Src/stm32f1xx_hal_tim.o
                0x0000000008005a68                HAL_TIM_PWM_PulseFinishedCallback
 .text.HAL_TIM_TriggerCallback
                0x0000000008005a7a       0x12 ./Drivers/STM32F1xx_HAL_Driver/Src/stm32f1xx_hal_tim.o
                0x0000000008005a7a                HAL_TIM_TriggerCallback
 .text.TIM_Base_SetConfig
                0x0000000008005a8c       0xc4 ./Drivers/STM32F1xx_HAL_Driver/Src/stm32f1xx_hal_tim.o
                0x0000000008005a8c                TIM_Base_SetConfig
 .text.HAL_TIMEx_CommutCallback
                0x0000000008005b50       0x12 ./Drivers/STM32F1xx_HAL_Driver/Src/stm32f1xx_hal_tim_ex.o
                0x0000000008005b50                HAL_TIMEx_CommutCallback
 .text.HAL_TIMEx_BreakCallback
                0x0000000008005b62       0x12 ./Drivers/STM32F1xx_HAL_Driver/Src/stm32f1xx_hal_tim_ex.o
                0x0000000008005b62                HAL_TIMEx_BreakCallback
 .text.osKernelInitialize
                0x0000000008005b74       0x64 ./Middlewares/Third_Party/FreeRTOS/Source/CMSIS_RTOS_V2/cmsis_os2.o
                0x0000000008005b74                osKernelInitialize
 .text.osKernelStart
                0x0000000008005bd8       0x68 ./Middlewares/Third_Party/FreeRTOS/Source/CMSIS_RTOS_V2/cmsis_os2.o
                0x0000000008005bd8                osKernelStart
 .text.osThreadNew
                0x0000000008005c40      0x154 ./Middlewares/Third_Party/FreeRTOS/Source/CMSIS_RTOS_V2/cmsis_os2.o
                0x0000000008005c40                osThreadNew
 .text.osDelay  0x0000000008005d94       0x5c ./Middlewares/Third_Party/FreeRTOS/Source/CMSIS_RTOS_V2/cmsis_os2.o
                0x0000000008005d94                osDelay
 .text.vApplicationGetIdleTaskMemory
                0x0000000008005df0       0x30 ./Middlewares/Third_Party/FreeRTOS/Source/CMSIS_RTOS_V2/cmsis_os2.o
                0x0000000008005df0                vApplicationGetIdleTaskMemory
 .text.vApplicationGetTimerTaskMemory
                0x0000000008005e20       0x34 ./Middlewares/Third_Party/FreeRTOS/Source/CMSIS_RTOS_V2/cmsis_os2.o
                0x0000000008005e20                vApplicationGetTimerTaskMemory
 .text.vListInitialise
                0x0000000008005e54       0x3e ./Middlewares/Third_Party/FreeRTOS/Source/list.o
                0x0000000008005e54                vListInitialise
 .text.vListInitialiseItem
                0x0000000008005e92       0x18 ./Middlewares/Third_Party/FreeRTOS/Source/list.o
                0x0000000008005e92                vListInitialiseItem
 .text.vListInsertEnd
                0x0000000008005eaa       0x46 ./Middlewares/Third_Party/FreeRTOS/Source/list.o
                0x0000000008005eaa                vListInsertEnd
 .text.vListInsert
                0x0000000008005ef0       0x70 ./Middlewares/Third_Party/FreeRTOS/Source/list.o
                0x0000000008005ef0                vListInsert
 .text.uxListRemove
                0x0000000008005f60       0x52 ./Middlewares/Third_Party/FreeRTOS/Source/list.o
                0x0000000008005f60                uxListRemove
 *fill*         0x0000000008005fb2        0x2 
 .text.xQueueGenericReset
                0x0000000008005fb4       0xd0 ./Middlewares/Third_Party/FreeRTOS/Source/queue.o
                0x0000000008005fb4                xQueueGenericReset
 .text.xQueueGenericCreateStatic
                0x0000000008006084       0xee ./Middlewares/Third_Party/FreeRTOS/Source/queue.o
                0x0000000008006084                xQueueGenericCreateStatic
 .text.prvInitialiseNewQueue
                0x0000000008006172       0x46 ./Middlewares/Third_Party/FreeRTOS/Source/queue.o
 .text.xQueueGenericSend
                0x00000000080061b8      0x1fc ./Middlewares/Third_Party/FreeRTOS/Source/queue.o
                0x00000000080061b8                xQueueGenericSend
 .text.xQueueGenericSendFromISR
                0x00000000080063b4      0x130 ./Middlewares/Third_Party/FreeRTOS/Source/queue.o
                0x00000000080063b4                xQueueGenericSendFromISR
 .text.xQueueReceive
                0x00000000080064e4      0x1c0 ./Middlewares/Third_Party/FreeRTOS/Source/queue.o
                0x00000000080064e4                xQueueReceive
 .text.prvCopyDataToQueue
                0x00000000080066a4       0xd4 ./Middlewares/Third_Party/FreeRTOS/Source/queue.o
 .text.prvCopyDataFromQueue
                0x0000000008006778       0x4c ./Middlewares/Third_Party/FreeRTOS/Source/queue.o
 .text.prvUnlockQueue
                0x00000000080067c4       0xa4 ./Middlewares/Third_Party/FreeRTOS/Source/queue.o
 .text.prvIsQueueEmpty
                0x0000000008006868       0x2c ./Middlewares/Third_Party/FreeRTOS/Source/queue.o
 .text.prvIsQueueFull
                0x0000000008006894       0x30 ./Middlewares/Third_Party/FreeRTOS/Source/queue.o
 .text.vQueueAddToRegistry
                0x00000000080068c4       0x50 ./Middlewares/Third_Party/FreeRTOS/Source/queue.o
                0x00000000080068c4                vQueueAddToRegistry
 .text.vQueueWaitForMessageRestricted
                0x0000000008006914       0x68 ./Middlewares/Third_Party/FreeRTOS/Source/queue.o
                0x0000000008006914                vQueueWaitForMessageRestricted
 .text.xTaskCreateStatic
                0x000000000800697c       0xb8 ./Middlewares/Third_Party/FreeRTOS/Source/tasks.o
                0x000000000800697c                xTaskCreateStatic
 .text.xTaskCreate
                0x0000000008006a34       0x8a ./Middlewares/Third_Party/FreeRTOS/Source/tasks.o
                0x0000000008006a34                xTaskCreate
 *fill*         0x0000000008006abe        0x2 
 .text.prvInitialiseNewTask
                0x0000000008006ac0      0x13c ./Middlewares/Third_Party/FreeRTOS/Source/tasks.o
 .text.prvAddNewTaskToReadyList
                0x0000000008006bfc       0xe0 ./Middlewares/Third_Party/FreeRTOS/Source/tasks.o
 .text.vTaskDelayUntil
                0x0000000008006cdc       0xfc ./Middlewares/Third_Party/FreeRTOS/Source/tasks.o
                0x0000000008006cdc                vTaskDelayUntil
 .text.vTaskDelay
                0x0000000008006dd8       0x68 ./Middlewares/Third_Party/FreeRTOS/Source/tasks.o
                0x0000000008006dd8                vTaskDelay
 .text.vTaskStartScheduler
                0x0000000008006e40       0xe0 ./Middlewares/Third_Party/FreeRTOS/Source/tasks.o
                0x0000000008006e40                vTaskStartScheduler
 .text.vTaskSuspendAll
                0x0000000008006f20       0x1c ./Middlewares/Third_Party/FreeRTOS/Source/tasks.o
                0x0000000008006f20                vTaskSuspendAll
 .text.xTaskResumeAll
                0x0000000008006f3c      0x13c ./Middlewares/Third_Party/FreeRTOS/Source/tasks.o
                0x0000000008006f3c                xTaskResumeAll
 .text.xTaskGetTickCount
                0x0000000008007078       0x1c ./Middlewares/Third_Party/FreeRTOS/Source/tasks.o
                0x0000000008007078                xTaskGetTickCount
 .text.xTaskIncrementTick
                0x0000000008007094      0x17c ./Middlewares/Third_Party/FreeRTOS/Source/tasks.o
                0x0000000008007094                xTaskIncrementTick
 .text.vTaskSwitchContext
                0x0000000008007210       0xc8 ./Middlewares/Third_Party/FreeRTOS/Source/tasks.o
                0x0000000008007210                vTaskSwitchContext
 .text.vTaskPlaceOnEventList
                0x00000000080072d8       0x48 ./Middlewares/Third_Party/FreeRTOS/Source/tasks.o
                0x00000000080072d8                vTaskPlaceOnEventList
 .text.vTaskPlaceOnEventListRestricted
                0x0000000008007320       0x58 ./Middlewares/Third_Party/FreeRTOS/Source/tasks.o
                0x0000000008007320                vTaskPlaceOnEventListRestricted
 .text.xTaskRemoveFromEventList
                0x0000000008007378       0xc8 ./Middlewares/Third_Party/FreeRTOS/Source/tasks.o
                0x0000000008007378                xTaskRemoveFromEventList
 .text.vTaskInternalSetTimeOutState
                0x0000000008007440       0x2c ./Middlewares/Third_Party/FreeRTOS/Source/tasks.o
                0x0000000008007440                vTaskInternalSetTimeOutState
 .text.xTaskCheckForTimeOut
                0x000000000800746c       0xc4 ./Middlewares/Third_Party/FreeRTOS/Source/tasks.o
                0x000000000800746c                xTaskCheckForTimeOut
 .text.vTaskMissedYield
                0x0000000008007530       0x18 ./Middlewares/Third_Party/FreeRTOS/Source/tasks.o
                0x0000000008007530                vTaskMissedYield
 .text.prvIdleTask
                0x0000000008007548       0x30 ./Middlewares/Third_Party/FreeRTOS/Source/tasks.o
 .text.prvInitialiseTaskLists
                0x0000000008007578       0x80 ./Middlewares/Third_Party/FreeRTOS/Source/tasks.o
 .text.prvCheckTasksWaitingTermination
                0x00000000080075f8       0x5c ./Middlewares/Third_Party/FreeRTOS/Source/tasks.o
 .text.prvDeleteTCB
                0x0000000008007654       0x68 ./Middlewares/Third_Party/FreeRTOS/Source/tasks.o
 .text.prvResetNextTaskUnblockTime
                0x00000000080076bc       0x48 ./Middlewares/Third_Party/FreeRTOS/Source/tasks.o
 .text.xTaskGetSchedulerState
                0x0000000008007704       0x3c ./Middlewares/Third_Party/FreeRTOS/Source/tasks.o
                0x0000000008007704                xTaskGetSchedulerState
 .text.xTaskPriorityDisinherit
                0x0000000008007740       0xdc ./Middlewares/Third_Party/FreeRTOS/Source/tasks.o
                0x0000000008007740                xTaskPriorityDisinherit
 .text.prvAddCurrentTaskToDelayedList
                0x000000000800781c       0xa8 ./Middlewares/Third_Party/FreeRTOS/Source/tasks.o
 .text.xTimerCreateTimerTask
                0x00000000080078c4       0x90 ./Middlewares/Third_Party/FreeRTOS/Source/timers.o
                0x00000000080078c4                xTimerCreateTimerTask
 .text.xTimerGenericCommand
                0x0000000008007954       0x9c ./Middlewares/Third_Party/FreeRTOS/Source/timers.o
                0x0000000008007954                xTimerGenericCommand
 .text.prvProcessExpiredTimer
                0x00000000080079f0       0x80 ./Middlewares/Third_Party/FreeRTOS/Source/timers.o
 .text.prvTimerTask
                0x0000000008007a70       0x24 ./Middlewares/Third_Party/FreeRTOS/Source/timers.o
 .text.prvProcessTimerOrBlockTask
                0x0000000008007a94       0x9c ./Middlewares/Third_Party/FreeRTOS/Source/timers.o
 .text.prvGetNextExpireTime
                0x0000000008007b30       0x48 ./Middlewares/Third_Party/FreeRTOS/Source/timers.o
 .text.prvSampleTimeNow
                0x0000000008007b78       0x40 ./Middlewares/Third_Party/FreeRTOS/Source/timers.o
 .text.prvInsertTimerInActiveList
                0x0000000008007bb8       0x84 ./Middlewares/Third_Party/FreeRTOS/Source/timers.o
 .text.prvProcessReceivedCommands
                0x0000000008007c3c      0x168 ./Middlewares/Third_Party/FreeRTOS/Source/timers.o
 .text.prvSwitchTimerLists
                0x0000000008007da4       0xc4 ./Middlewares/Third_Party/FreeRTOS/Source/timers.o
 .text.prvCheckForValidListAndQueue
                0x0000000008007e68       0x80 ./Middlewares/Third_Party/FreeRTOS/Source/timers.o
 .text.pxPortInitialiseStack
                0x0000000008007ee8       0x58 ./Middlewares/Third_Party/FreeRTOS/Source/portable/GCC/ARM_CM3/port.o
                0x0000000008007ee8                pxPortInitialiseStack
 .text.prvTaskExitError
                0x0000000008007f40       0x58 ./Middlewares/Third_Party/FreeRTOS/Source/portable/GCC/ARM_CM3/port.o
 *fill*         0x0000000008007f98        0x8 
 .text.SVC_Handler
                0x0000000008007fa0       0x28 ./Middlewares/Third_Party/FreeRTOS/Source/portable/GCC/ARM_CM3/port.o
                0x0000000008007fa0                SVC_Handler
 .text.prvPortStartFirstTask
                0x0000000008007fc8       0x20 ./Middlewares/Third_Party/FreeRTOS/Source/portable/GCC/ARM_CM3/port.o
 .text.xPortStartScheduler
                0x0000000008007fe8       0xe4 ./Middlewares/Third_Party/FreeRTOS/Source/portable/GCC/ARM_CM3/port.o
                0x0000000008007fe8                xPortStartScheduler
 .text.vPortEnterCritical
                0x00000000080080cc       0x60 ./Middlewares/Third_Party/FreeRTOS/Source/portable/GCC/ARM_CM3/port.o
                0x00000000080080cc                vPortEnterCritical
 .text.vPortExitCritical
                0x000000000800812c       0x50 ./Middlewares/Third_Party/FreeRTOS/Source/portable/GCC/ARM_CM3/port.o
                0x000000000800812c                vPortExitCritical
 *fill*         0x000000000800817c        0x4 
 .text.PendSV_Handler
                0x0000000008008180       0x48 ./Middlewares/Third_Party/FreeRTOS/Source/portable/GCC/ARM_CM3/port.o
                0x0000000008008180                PendSV_Handler
 .text.SysTick_Handler
                0x00000000080081c8       0x44 ./Middlewares/Third_Party/FreeRTOS/Source/portable/GCC/ARM_CM3/port.o
                0x00000000080081c8                SysTick_Handler
 .text.vPortSetupTimerInterrupt
                0x000000000800820c       0x44 ./Middlewares/Third_Party/FreeRTOS/Source/portable/GCC/ARM_CM3/port.o
                0x000000000800820c                vPortSetupTimerInterrupt
 .text.vPortValidateInterruptPriority
                0x0000000008008250       0x7c ./Middlewares/Third_Party/FreeRTOS/Source/portable/GCC/ARM_CM3/port.o
                0x0000000008008250                vPortValidateInterruptPriority
 .text.pvPortMalloc
                0x00000000080082cc      0x188 ./Middlewares/Third_Party/FreeRTOS/Source/portable/MemMang/heap_4.o
                0x00000000080082cc                pvPortMalloc
 .text.vPortFree
                0x0000000008008454       0xb4 ./Middlewares/Third_Party/FreeRTOS/Source/portable/MemMang/heap_4.o
                0x0000000008008454                vPortFree
 .text.prvHeapInit
                0x0000000008008508       0xc4 ./Middlewares/Third_Party/FreeRTOS/Source/portable/MemMang/heap_4.o
 .text.prvInsertBlockIntoFreeList
                0x00000000080085cc       0xb0 ./Middlewares/Third_Party/FreeRTOS/Source/portable/MemMang/heap_4.o
 .text.sqrt     0x000000000800867c       0x48 c:/st/stm32cubeide_1.9.0/stm32cubeide/plugins/com.st.stm32cube.ide.mcu.externaltools.gnu-tools-for-stm32.10.3-2021.10.win32_1.0.100.202210260954/tools/bin/../lib/gcc/arm-none-eabi/10.3.1/../../../../arm-none-eabi/lib/thumb/v7-m/nofp\libm.a(lib_a-w_sqrt.o)
                0x000000000800867c                sqrt
 .text.asinf    0x00000000080086c4       0x40 c:/st/stm32cubeide_1.9.0/stm32cubeide/plugins/com.st.stm32cube.ide.mcu.externaltools.gnu-tools-for-stm32.10.3-2021.10.win32_1.0.100.202210260954/tools/bin/../lib/gcc/arm-none-eabi/10.3.1/../../../../arm-none-eabi/lib/thumb/v7-m/nofp\libm.a(lib_a-wf_asin.o)
                0x00000000080086c4                asinf
 .text.atan2f   0x0000000008008704        0x4 c:/st/stm32cubeide_1.9.0/stm32cubeide/plugins/com.st.stm32cube.ide.mcu.externaltools.gnu-tools-for-stm32.10.3-2021.10.win32_1.0.100.202210260954/tools/bin/../lib/gcc/arm-none-eabi/10.3.1/../../../../arm-none-eabi/lib/thumb/v7-m/nofp\libm.a(lib_a-wf_atan2.o)
                0x0000000008008704                atan2f
 .text.__ieee754_sqrt
                0x0000000008008708      0x160 c:/st/stm32cubeide_1.9.0/stm32cubeide/plugins/com.st.stm32cube.ide.mcu.externaltools.gnu-tools-for-stm32.10.3-2021.10.win32_1.0.100.202210260954/tools/bin/../lib/gcc/arm-none-eabi/10.3.1/../../../../arm-none-eabi/lib/thumb/v7-m/nofp\libm.a(lib_a-e_sqrt.o)
                0x0000000008008708                __ieee754_sqrt
 .text.__ieee754_asinf
                0x0000000008008868      0x288 c:/st/stm32cubeide_1.9.0/stm32cubeide/plugins/com.st.stm32cube.ide.mcu.externaltools.gnu-tools-for-stm32.10.3-2021.10.win32_1.0.100.202210260954/tools/bin/../lib/gcc/arm-none-eabi/10.3.1/../../../../arm-none-eabi/lib/thumb/v7-m/nofp\libm.a(lib_a-ef_asin.o)
                0x0000000008008868                __ieee754_asinf
 .text.__ieee754_atan2f
                0x0000000008008af0      0x10c c:/st/stm32cubeide_1.9.0/stm32cubeide/plugins/com.st.stm32cube.ide.mcu.externaltools.gnu-tools-for-stm32.10.3-2021.10.win32_1.0.100.202210260954/tools/bin/../lib/gcc/arm-none-eabi/10.3.1/../../../../arm-none-eabi/lib/thumb/v7-m/nofp\libm.a(lib_a-ef_atan2.o)
                0x0000000008008af0                __ieee754_atan2f
 .text.__ieee754_sqrtf
                0x0000000008008bfc       0xa2 c:/st/stm32cubeide_1.9.0/stm32cubeide/plugins/com.st.stm32cube.ide.mcu.externaltools.gnu-tools-for-stm32.10.3-2021.10.win32_1.0.100.202210260954/tools/bin/../lib/gcc/arm-none-eabi/10.3.1/../../../../arm-none-eabi/lib/thumb/v7-m/nofp\libm.a(lib_a-ef_sqrt.o)
                0x0000000008008bfc                __ieee754_sqrtf
 *fill*         0x0000000008008c9e        0x2 
 .text.atanf    0x0000000008008ca0      0x218 c:/st/stm32cubeide_1.9.0/stm32cubeide/plugins/com.st.stm32cube.ide.mcu.externaltools.gnu-tools-for-stm32.10.3-2021.10.win32_1.0.100.202210260954/tools/bin/../lib/gcc/arm-none-eabi/10.3.1/../../../../arm-none-eabi/lib/thumb/v7-m/nofp\libm.a(lib_a-sf_atan.o)
                0x0000000008008ca0                atanf
 .text.fabsf    0x0000000008008eb8        0x6 c:/st/stm32cubeide_1.9.0/stm32cubeide/plugins/com.st.stm32cube.ide.mcu.externaltools.gnu-tools-for-stm32.10.3-2021.10.win32_1.0.100.202210260954/tools/bin/../lib/gcc/arm-none-eabi/10.3.1/../../../../arm-none-eabi/lib/thumb/v7-m/nofp\libm.a(lib_a-sf_fabs.o)
                0x0000000008008eb8                fabsf
 *fill*         0x0000000008008ebe        0x2 
 .text.nanf     0x0000000008008ec0        0x8 c:/st/stm32cubeide_1.9.0/stm32cubeide/plugins/com.st.stm32cube.ide.mcu.externaltools.gnu-tools-for-stm32.10.3-2021.10.win32_1.0.100.202210260954/tools/bin/../lib/gcc/arm-none-eabi/10.3.1/../../../../arm-none-eabi/lib/thumb/v7-m/nofp\libm.a(lib_a-sf_nan.o)
                0x0000000008008ec0                nanf
 .text.__errno  0x0000000008008ec8        0xc c:/st/stm32cubeide_1.9.0/stm32cubeide/plugins/com.st.stm32cube.ide.mcu.externaltools.gnu-tools-for-stm32.10.3-2021.10.win32_1.0.100.202210260954/tools/bin/../lib/gcc/arm-none-eabi/10.3.1/../../../../arm-none-eabi/lib/thumb/v7-m/nofp\libc_nano.a(lib_a-errno.o)
                0x0000000008008ec8                __errno
 .text.__libc_init_array
                0x0000000008008ed4       0x48 c:/st/stm32cubeide_1.9.0/stm32cubeide/plugins/com.st.stm32cube.ide.mcu.externaltools.gnu-tools-for-stm32.10.3-2021.10.win32_1.0.100.202210260954/tools/bin/../lib/gcc/arm-none-eabi/10.3.1/../../../../arm-none-eabi/lib/thumb/v7-m/nofp\libc_nano.a(lib_a-init.o)
                0x0000000008008ed4                __libc_init_array
 .text.__retarget_lock_acquire_recursive
                0x0000000008008f1c        0x2 c:/st/stm32cubeide_1.9.0/stm32cubeide/plugins/com.st.stm32cube.ide.mcu.externaltools.gnu-tools-for-stm32.10.3-2021.10.win32_1.0.100.202210260954/tools/bin/../lib/gcc/arm-none-eabi/10.3.1/../../../../arm-none-eabi/lib/thumb/v7-m/nofp\libc_nano.a(lib_a-lock.o)
                0x0000000008008f1c                __retarget_lock_acquire_recursive
 .text.__retarget_lock_release_recursive
                0x0000000008008f1e        0x2 c:/st/stm32cubeide_1.9.0/stm32cubeide/plugins/com.st.stm32cube.ide.mcu.externaltools.gnu-tools-for-stm32.10.3-2021.10.win32_1.0.100.202210260954/tools/bin/../lib/gcc/arm-none-eabi/10.3.1/../../../../arm-none-eabi/lib/thumb/v7-m/nofp\libc_nano.a(lib_a-lock.o)
                0x0000000008008f1e                __retarget_lock_release_recursive
 .text.memcpy   0x0000000008008f20       0x1c c:/st/stm32cubeide_1.9.0/stm32cubeide/plugins/com.st.stm32cube.ide.mcu.externaltools.gnu-tools-for-stm32.10.3-2021.10.win32_1.0.100.202210260954/tools/bin/../lib/gcc/arm-none-eabi/10.3.1/../../../../arm-none-eabi/lib/thumb/v7-m/nofp\libc_nano.a(lib_a-memcpy-stub.o)
                0x0000000008008f20                memcpy
 .text.memset   0x0000000008008f3c       0x10 c:/st/stm32cubeide_1.9.0/stm32cubeide/plugins/com.st.stm32cube.ide.mcu.externaltools.gnu-tools-for-stm32.10.3-2021.10.win32_1.0.100.202210260954/tools/bin/../lib/gcc/arm-none-eabi/10.3.1/../../../../arm-none-eabi/lib/thumb/v7-m/nofp\libc_nano.a(lib_a-memset.o)
                0x0000000008008f3c                memset
 .text.cleanup_glue
                0x0000000008008f4c       0x1a c:/st/stm32cubeide_1.9.0/stm32cubeide/plugins/com.st.stm32cube.ide.mcu.externaltools.gnu-tools-for-stm32.10.3-2021.10.win32_1.0.100.202210260954/tools/bin/../lib/gcc/arm-none-eabi/10.3.1/../../../../arm-none-eabi/lib/thumb/v7-m/nofp\libc_nano.a(lib_a-reent.o)
                0x0000000008008f4c                cleanup_glue
 *fill*         0x0000000008008f66        0x2 
 .text._reclaim_reent
                0x0000000008008f68       0xb8 c:/st/stm32cubeide_1.9.0/stm32cubeide/plugins/com.st.stm32cube.ide.mcu.externaltools.gnu-tools-for-stm32.10.3-2021.10.win32_1.0.100.202210260954/tools/bin/../lib/gcc/arm-none-eabi/10.3.1/../../../../arm-none-eabi/lib/thumb/v7-m/nofp\libc_nano.a(lib_a-reent.o)
                0x0000000008008f68                _reclaim_reent
 .text.__malloc_lock
                0x0000000008009020        0xc c:/st/stm32cubeide_1.9.0/stm32cubeide/plugins/com.st.stm32cube.ide.mcu.externaltools.gnu-tools-for-stm32.10.3-2021.10.win32_1.0.100.202210260954/tools/bin/../lib/gcc/arm-none-eabi/10.3.1/../../../../arm-none-eabi/lib/thumb/v7-m/nofp\libc_nano.a(lib_a-mlock.o)
                0x0000000008009020                __malloc_lock
 .text.__malloc_unlock
                0x000000000800902c        0xc c:/st/stm32cubeide_1.9.0/stm32cubeide/plugins/com.st.stm32cube.ide.mcu.externaltools.gnu-tools-for-stm32.10.3-2021.10.win32_1.0.100.202210260954/tools/bin/../lib/gcc/arm-none-eabi/10.3.1/../../../../arm-none-eabi/lib/thumb/v7-m/nofp\libc_nano.a(lib_a-mlock.o)
                0x000000000800902c                __malloc_unlock
 .text._free_r  0x0000000008009038       0x90 c:/st/stm32cubeide_1.9.0/stm32cubeide/plugins/com.st.stm32cube.ide.mcu.externaltools.gnu-tools-for-stm32.10.3-2021.10.win32_1.0.100.202210260954/tools/bin/../lib/gcc/arm-none-eabi/10.3.1/../../../../arm-none-eabi/lib/thumb/v7-m/nofp\libc_nano.a(lib_a-nano-freer.o)
                0x0000000008009038                _free_r
 *(.glue_7)
 .glue_7        0x00000000080090c8        0x0 linker stubs
 *(.glue_7t)
 .glue_7t       0x00000000080090c8        0x0 linker stubs
 *(.eh_frame)
 .eh_frame      0x00000000080090c8        0x0 c:/st/stm32cubeide_1.9.0/stm32cubeide/plugins/com.st.stm32cube.ide.mcu.externaltools.gnu-tools-for-stm32.10.3-2021.10.win32_1.0.100.202210260954/tools/bin/../lib/gcc/arm-none-eabi/10.3.1/thumb/v7-m/nofp/crtbegin.o
 *(.init)
 .init          0x00000000080090c8        0x4 c:/st/stm32cubeide_1.9.0/stm32cubeide/plugins/com.st.stm32cube.ide.mcu.externaltools.gnu-tools-for-stm32.10.3-2021.10.win32_1.0.100.202210260954/tools/bin/../lib/gcc/arm-none-eabi/10.3.1/thumb/v7-m/nofp/crti.o
                0x00000000080090c8                _init
 .init          0x00000000080090cc        0x8 c:/st/stm32cubeide_1.9.0/stm32cubeide/plugins/com.st.stm32cube.ide.mcu.externaltools.gnu-tools-for-stm32.10.3-2021.10.win32_1.0.100.202210260954/tools/bin/../lib/gcc/arm-none-eabi/10.3.1/thumb/v7-m/nofp/crtn.o
 *(.fini)
 .fini          0x00000000080090d4        0x4 c:/st/stm32cubeide_1.9.0/stm32cubeide/plugins/com.st.stm32cube.ide.mcu.externaltools.gnu-tools-for-stm32.10.3-2021.10.win32_1.0.100.202210260954/tools/bin/../lib/gcc/arm-none-eabi/10.3.1/thumb/v7-m/nofp/crti.o
                0x00000000080090d4                _fini
 .fini          0x00000000080090d8        0x8 c:/st/stm32cubeide_1.9.0/stm32cubeide/plugins/com.st.stm32cube.ide.mcu.externaltools.gnu-tools-for-stm32.10.3-2021.10.win32_1.0.100.202210260954/tools/bin/../lib/gcc/arm-none-eabi/10.3.1/thumb/v7-m/nofp/crtn.o
                0x00000000080090e0                . = ALIGN (0x4)
                0x00000000080090e0                _etext = .

.vfp11_veneer   0x00000000080090e0        0x0
 .vfp11_veneer  0x00000000080090e0        0x0 linker stubs

.v4_bx          0x00000000080090e0        0x0
 .v4_bx         0x00000000080090e0        0x0 linker stubs

.iplt           0x00000000080090e0        0x0
 .iplt          0x00000000080090e0        0x0 c:/st/stm32cubeide_1.9.0/stm32cubeide/plugins/com.st.stm32cube.ide.mcu.externaltools.gnu-tools-for-stm32.10.3-2021.10.win32_1.0.100.202210260954/tools/bin/../lib/gcc/arm-none-eabi/10.3.1/thumb/v7-m/nofp/crtbegin.o

.rodata         0x00000000080090e0      0x138
                0x00000000080090e0                . = ALIGN (0x4)
 *(.rodata)
 .rodata        0x00000000080090e0       0x14 ./Core/Src/freertos.o
 .rodata        0x00000000080090f4       0x10 ./Drivers/STM32F1xx_HAL_Driver/Src/stm32f1xx_hal_rcc.o
 .rodata        0x0000000008009104        0x5 ./Middlewares/Third_Party/FreeRTOS/Source/tasks.o
 *fill*         0x0000000008009109        0x3 
 .rodata        0x000000000800910c        0xd ./Middlewares/Third_Party/FreeRTOS/Source/timers.o
 *(.rodata*)
 *fill*         0x0000000008009119        0x3 
 .rodata.defaultTask_attributes
                0x000000000800911c       0x24 ./Core/Src/freertos.o
                0x000000000800911c                defaultTask_attributes
 .rodata.MPUTask_attributes
                0x0000000008009140       0x24 ./Core/Src/freertos.o
                0x0000000008009140                MPUTask_attributes
 .rodata.AHBPrescTable
                0x0000000008009164       0x10 ./Core/Src/system_stm32f1xx.o
                0x0000000008009164                AHBPrescTable
 .rodata.APBPrescTable
                0x0000000008009174        0x8 ./Core/Src/system_stm32f1xx.o
                0x0000000008009174                APBPrescTable
 .rodata.asinf.str1.1
                0x000000000800917c        0x1 c:/st/stm32cubeide_1.9.0/stm32cubeide/plugins/com.st.stm32cube.ide.mcu.externaltools.gnu-tools-for-stm32.10.3-2021.10.win32_1.0.100.202210260954/tools/bin/../lib/gcc/arm-none-eabi/10.3.1/../../../../arm-none-eabi/lib/thumb/v7-m/nofp\libm.a(lib_a-wf_asin.o)
 *fill*         0x000000000800917d        0x3 
 .rodata.CSWTCH.8
                0x0000000008009180        0xc c:/st/stm32cubeide_1.9.0/stm32cubeide/plugins/com.st.stm32cube.ide.mcu.externaltools.gnu-tools-for-stm32.10.3-2021.10.win32_1.0.100.202210260954/tools/bin/../lib/gcc/arm-none-eabi/10.3.1/../../../../arm-none-eabi/lib/thumb/v7-m/nofp\libm.a(lib_a-ef_atan2.o)
 .rodata.CSWTCH.9
                0x000000000800918c        0xc c:/st/stm32cubeide_1.9.0/stm32cubeide/plugins/com.st.stm32cube.ide.mcu.externaltools.gnu-tools-for-stm32.10.3-2021.10.win32_1.0.100.202210260954/tools/bin/../lib/gcc/arm-none-eabi/10.3.1/../../../../arm-none-eabi/lib/thumb/v7-m/nofp\libm.a(lib_a-ef_atan2.o)
 .rodata.atanhi
                0x0000000008009198       0x10 c:/st/stm32cubeide_1.9.0/stm32cubeide/plugins/com.st.stm32cube.ide.mcu.externaltools.gnu-tools-for-stm32.10.3-2021.10.win32_1.0.100.202210260954/tools/bin/../lib/gcc/arm-none-eabi/10.3.1/../../../../arm-none-eabi/lib/thumb/v7-m/nofp\libm.a(lib_a-sf_atan.o)
 .rodata.atanlo
                0x00000000080091a8       0x10 c:/st/stm32cubeide_1.9.0/stm32cubeide/plugins/com.st.stm32cube.ide.mcu.externaltools.gnu-tools-for-stm32.10.3-2021.10.win32_1.0.100.202210260954/tools/bin/../lib/gcc/arm-none-eabi/10.3.1/../../../../arm-none-eabi/lib/thumb/v7-m/nofp\libm.a(lib_a-sf_atan.o)
 .rodata.__sf_fake_stderr
                0x00000000080091b8       0x20 c:/st/stm32cubeide_1.9.0/stm32cubeide/plugins/com.st.stm32cube.ide.mcu.externaltools.gnu-tools-for-stm32.10.3-2021.10.win32_1.0.100.202210260954/tools/bin/../lib/gcc/arm-none-eabi/10.3.1/../../../../arm-none-eabi/lib/thumb/v7-m/nofp\libc_nano.a(lib_a-findfp.o)
                0x00000000080091b8                __sf_fake_stderr
 .rodata.__sf_fake_stdin
                0x00000000080091d8       0x20 c:/st/stm32cubeide_1.9.0/stm32cubeide/plugins/com.st.stm32cube.ide.mcu.externaltools.gnu-tools-for-stm32.10.3-2021.10.win32_1.0.100.202210260954/tools/bin/../lib/gcc/arm-none-eabi/10.3.1/../../../../arm-none-eabi/lib/thumb/v7-m/nofp\libc_nano.a(lib_a-findfp.o)
                0x00000000080091d8                __sf_fake_stdin
 .rodata.__sf_fake_stdout
                0x00000000080091f8       0x20 c:/st/stm32cubeide_1.9.0/stm32cubeide/plugins/com.st.stm32cube.ide.mcu.externaltools.gnu-tools-for-stm32.10.3-2021.10.win32_1.0.100.202210260954/tools/bin/../lib/gcc/arm-none-eabi/10.3.1/../../../../arm-none-eabi/lib/thumb/v7-m/nofp\libc_nano.a(lib_a-findfp.o)
                0x00000000080091f8                __sf_fake_stdout
                0x0000000008009218                . = ALIGN (0x4)

.rel.dyn        0x0000000008009218        0x0
 .rel.iplt      0x0000000008009218        0x0 c:/st/stm32cubeide_1.9.0/stm32cubeide/plugins/com.st.stm32cube.ide.mcu.externaltools.gnu-tools-for-stm32.10.3-2021.10.win32_1.0.100.202210260954/tools/bin/../lib/gcc/arm-none-eabi/10.3.1/thumb/v7-m/nofp/crtbegin.o

.ARM.extab      0x0000000008009218        0x0
                0x0000000008009218                . = ALIGN (0x4)
 *(.ARM.extab* .gnu.linkonce.armextab.*)
                0x0000000008009218                . = ALIGN (0x4)

.ARM            0x0000000008009218        0x0
                0x0000000008009218                . = ALIGN (0x4)
                0x0000000008009218                __exidx_start = .
 *(.ARM.exidx*)
                0x0000000008009218                __exidx_end = .
                0x0000000008009218                . = ALIGN (0x4)

.preinit_array  0x0000000008009218        0x0
                0x0000000008009218                . = ALIGN (0x4)
                0x0000000008009218                PROVIDE (__preinit_array_start = .)
 *(.preinit_array*)
                0x0000000008009218                PROVIDE (__preinit_array_end = .)
                0x0000000008009218                . = ALIGN (0x4)

.init_array     0x0000000008009218        0x4
                0x0000000008009218                . = ALIGN (0x4)
                0x0000000008009218                PROVIDE (__init_array_start = .)
 *(SORT_BY_NAME(.init_array.*))
 *(.init_array*)
 .init_array    0x0000000008009218        0x4 c:/st/stm32cubeide_1.9.0/stm32cubeide/plugins/com.st.stm32cube.ide.mcu.externaltools.gnu-tools-for-stm32.10.3-2021.10.win32_1.0.100.202210260954/tools/bin/../lib/gcc/arm-none-eabi/10.3.1/thumb/v7-m/nofp/crtbegin.o
                0x000000000800921c                PROVIDE (__init_array_end = .)
                0x000000000800921c                . = ALIGN (0x4)

.fini_array     0x000000000800921c        0x4
                0x000000000800921c                . = ALIGN (0x4)
                [!provide]                        PROVIDE (__fini_array_start = .)
 *(SORT_BY_NAME(.fini_array.*))
 *(.fini_array*)
 .fini_array    0x000000000800921c        0x4 c:/st/stm32cubeide_1.9.0/stm32cubeide/plugins/com.st.stm32cube.ide.mcu.externaltools.gnu-tools-for-stm32.10.3-2021.10.win32_1.0.100.202210260954/tools/bin/../lib/gcc/arm-none-eabi/10.3.1/thumb/v7-m/nofp/crtbegin.o
                [!provide]                        PROVIDE (__fini_array_end = .)
                0x0000000008009220                . = ALIGN (0x4)
                0x0000000008009220                _sidata = LOADADDR (.data)

.data           0x0000000020000000       0x88 load address 0x0000000008009220
                0x0000000020000000                . = ALIGN (0x4)
                0x0000000020000000                _sdata = .
 *(.data)
 *(.data*)
 .data.K        0x0000000020000000        0x4 ./Core/Src/MPU9250.o
                0x0000000020000000                K
 .data.q_est    0x0000000020000004       0x10 ./Core/Src/madgwickFilter.o
                0x0000000020000004                q_est
 .data.SystemCoreClock
                0x0000000020000014        0x4 ./Core/Src/system_stm32f1xx.o
                0x0000000020000014                SystemCoreClock
 .data.uwTickPrio
                0x0000000020000018        0x4 ./Drivers/STM32F1xx_HAL_Driver/Src/stm32f1xx_hal.o
                0x0000000020000018                uwTickPrio
 .data.uwTickFreq
                0x000000002000001c        0x1 ./Drivers/STM32F1xx_HAL_Driver/Src/stm32f1xx_hal.o
                0x000000002000001c                uwTickFreq
 *fill*         0x000000002000001d        0x3 
 .data.uxCriticalNesting
                0x0000000020000020        0x4 ./Middlewares/Third_Party/FreeRTOS/Source/portable/GCC/ARM_CM3/port.o
 .data._impure_ptr
                0x0000000020000024        0x4 c:/st/stm32cubeide_1.9.0/stm32cubeide/plugins/com.st.stm32cube.ide.mcu.externaltools.gnu-tools-for-stm32.10.3-2021.10.win32_1.0.100.202210260954/tools/bin/../lib/gcc/arm-none-eabi/10.3.1/../../../../arm-none-eabi/lib/thumb/v7-m/nofp\libc_nano.a(lib_a-impure.o)
                0x0000000020000024                _impure_ptr
 .data.impure_data
                0x0000000020000028       0x60 c:/st/stm32cubeide_1.9.0/stm32cubeide/plugins/com.st.stm32cube.ide.mcu.externaltools.gnu-tools-for-stm32.10.3-2021.10.win32_1.0.100.202210260954/tools/bin/../lib/gcc/arm-none-eabi/10.3.1/../../../../arm-none-eabi/lib/thumb/v7-m/nofp\libc_nano.a(lib_a-impure.o)
 *(.RamFunc)
 *(.RamFunc*)
                0x0000000020000088                . = ALIGN (0x4)
                0x0000000020000088                _edata = .

.igot.plt       0x0000000020000088        0x0 load address 0x00000000080092a8
 .igot.plt      0x0000000020000088        0x0 c:/st/stm32cubeide_1.9.0/stm32cubeide/plugins/com.st.stm32cube.ide.mcu.externaltools.gnu-tools-for-stm32.10.3-2021.10.win32_1.0.100.202210260954/tools/bin/../lib/gcc/arm-none-eabi/10.3.1/thumb/v7-m/nofp/crtbegin.o
                0x0000000020000088                . = ALIGN (0x4)

.bss            0x0000000020000088     0x1cb0 load address 0x00000000080092a8
                0x0000000020000088                _sbss = .
                0x0000000020000088                __bss_start__ = _sbss
 *(.bss)
 .bss           0x0000000020000088       0x1c c:/st/stm32cubeide_1.9.0/stm32cubeide/plugins/com.st.stm32cube.ide.mcu.externaltools.gnu-tools-for-stm32.10.3-2021.10.win32_1.0.100.202210260954/tools/bin/../lib/gcc/arm-none-eabi/10.3.1/thumb/v7-m/nofp/crtbegin.o
 *(.bss*)
 .bss._buffer   0x00000000200000a4       0x15 ./Core/Src/MPU9250.o
                0x00000000200000a4                _buffer
 *fill*         0x00000000200000b9        0x3 
 .bss._mag_adjust
                0x00000000200000bc        0x3 ./Core/Src/MPU9250.o
 *fill*         0x00000000200000bf        0x1 
 .bss.ii        0x00000000200000c0        0x2 ./Core/Src/MPU9250.o
                0x00000000200000c0                ii
 .bss.packet_count
                0x00000000200000c2        0x2 ./Core/Src/MPU9250.o
                0x00000000200000c2                packet_count
 .bss.fifo_count
                0x00000000200000c4        0x2 ./Core/Src/MPU9250.o
                0x00000000200000c4                fifo_count
 *fill*         0x00000000200000c6        0x2 
 .bss.filVal.5  0x00000000200000c8        0x4 ./Core/Src/MPU9250.o
 .bss.filVal.4  0x00000000200000cc        0x4 ./Core/Src/MPU9250.o
 .bss.filVal.3  0x00000000200000d0        0x4 ./Core/Src/MPU9250.o
 .bss.filVal.2  0x00000000200000d4        0x4 ./Core/Src/MPU9250.o
 .bss.filVal.1  0x00000000200000d8        0x4 ./Core/Src/MPU9250.o
 .bss.filVal.0  0x00000000200000dc        0x4 ./Core/Src/MPU9250.o
 .bss.hcan      0x00000000200000e0       0x28 ./Core/Src/can.o
                0x00000000200000e0                hcan
 .bss.can_data  0x0000000020000108        0x8 ./Core/Src/freertos.o
                0x0000000020000108                can_data
 .bss.gyroX     0x0000000020000110        0x4 ./Core/Src/freertos.o
                0x0000000020000110                gyroX
 .bss.gyroY     0x0000000020000114        0x4 ./Core/Src/freertos.o
                0x0000000020000114                gyroY
 .bss.gyroZ     0x0000000020000118        0x4 ./Core/Src/freertos.o
                0x0000000020000118                gyroZ
 .bss.accelX    0x000000002000011c        0x4 ./Core/Src/freertos.o
                0x000000002000011c                accelX
 .bss.accelY    0x0000000020000120        0x4 ./Core/Src/freertos.o
                0x0000000020000120                accelY
 .bss.accelZ    0x0000000020000124        0x4 ./Core/Src/freertos.o
                0x0000000020000124                accelZ
 .bss.gyroX_filtered
                0x0000000020000128        0x4 ./Core/Src/freertos.o
                0x0000000020000128                gyroX_filtered
 .bss.gyroY_filtered
                0x000000002000012c        0x4 ./Core/Src/freertos.o
                0x000000002000012c                gyroY_filtered
 .bss.gyroZ_filtered
                0x0000000020000130        0x4 ./Core/Src/freertos.o
                0x0000000020000130                gyroZ_filtered
 .bss.accelX_filtered
                0x0000000020000134        0x4 ./Core/Src/freertos.o
                0x0000000020000134                accelX_filtered
 .bss.accelY_filtered
                0x0000000020000138        0x4 ./Core/Src/freertos.o
                0x0000000020000138                accelY_filtered
 .bss.accelZ_filtered
                0x000000002000013c        0x4 ./Core/Src/freertos.o
                0x000000002000013c                accelZ_filtered
 .bss.accelX_average
                0x0000000020000140        0x4 ./Core/Src/freertos.o
                0x0000000020000140                accelX_average
 .bss.accelY_average
                0x0000000020000144        0x4 ./Core/Src/freertos.o
                0x0000000020000144                accelY_average
 .bss.accelZ_average
                0x0000000020000148        0x4 ./Core/Src/freertos.o
                0x0000000020000148                accelZ_average
 .bss.gyroX_average
                0x000000002000014c        0x4 ./Core/Src/freertos.o
                0x000000002000014c                gyroX_average
 .bss.gyroY_average
                0x0000000020000150        0x4 ./Core/Src/freertos.o
                0x0000000020000150                gyroY_average
 .bss.gyroZ_average
                0x0000000020000154        0x4 ./Core/Src/freertos.o
                0x0000000020000154                gyroZ_average
 .bss.roll      0x0000000020000158        0x4 ./Core/Src/freertos.o
                0x0000000020000158                roll
 .bss.pitch     0x000000002000015c        0x4 ./Core/Src/freertos.o
                0x000000002000015c                pitch
 .bss.yaw       0x0000000020000160        0x4 ./Core/Src/freertos.o
                0x0000000020000160                yaw
 .bss.gyro_bias
                0x0000000020000164        0xc ./Core/Src/freertos.o
                0x0000000020000164                gyro_bias
 .bss.accel_bias
                0x0000000020000170        0xc ./Core/Src/freertos.o
                0x0000000020000170                accel_bias
 .bss.count     0x000000002000017c        0x4 ./Core/Src/freertos.o
                0x000000002000017c                count
 .bss.defaultTaskHandle
                0x0000000020000180        0x4 ./Core/Src/freertos.o
                0x0000000020000180                defaultTaskHandle
 .bss.MPUTaskHandle
                0x0000000020000184        0x4 ./Core/Src/freertos.o
                0x0000000020000184                MPUTaskHandle
 .bss.sFilterConfig
                0x0000000020000188       0x28 ./Core/Src/main.o
                0x0000000020000188                sFilterConfig
 .bss.TxHeaderRoll
                0x00000000200001b0       0x18 ./Core/Src/main.o
                0x00000000200001b0                TxHeaderRoll
 .bss.TxHeaderPitch
                0x00000000200001c8       0x18 ./Core/Src/main.o
                0x00000000200001c8                TxHeaderPitch
 .bss.TxHeaderYaw
                0x00000000200001e0       0x18 ./Core/Src/main.o
                0x00000000200001e0                TxHeaderYaw
 .bss.TxHeaderAccel
                0x00000000200001f8       0x18 ./Core/Src/main.o
                0x00000000200001f8                TxHeaderAccel
 .bss.TxHeaderGyro
                0x0000000020000210       0x18 ./Core/Src/main.o
                0x0000000020000210                TxHeaderGyro
 .bss.TxMailbox
                0x0000000020000228        0x4 ./Core/Src/main.o
                0x0000000020000228                TxMailbox
 .bss.hspi1     0x000000002000022c       0x58 ./Core/Src/spi.o
                0x000000002000022c                hspi1
 .bss.hspi2     0x0000000020000284       0x58 ./Core/Src/spi.o
                0x0000000020000284                hspi2
 .bss.htim4     0x00000000200002dc       0x48 ./Core/Src/stm32f1xx_hal_timebase_tim.o
                0x00000000200002dc                htim4
 .bss.uwTick    0x0000000020000324        0x4 ./Drivers/STM32F1xx_HAL_Driver/Src/stm32f1xx_hal.o
                0x0000000020000324                uwTick
 .bss.KernelState
                0x0000000020000328        0x4 ./Middlewares/Third_Party/FreeRTOS/Source/CMSIS_RTOS_V2/cmsis_os2.o
 .bss.Idle_TCB  0x000000002000032c       0xbc ./Middlewares/Third_Party/FreeRTOS/Source/CMSIS_RTOS_V2/cmsis_os2.o
 .bss.Idle_Stack
                0x00000000200003e8      0x200 ./Middlewares/Third_Party/FreeRTOS/Source/CMSIS_RTOS_V2/cmsis_os2.o
 .bss.Timer_TCB
                0x00000000200005e8       0xbc ./Middlewares/Third_Party/FreeRTOS/Source/CMSIS_RTOS_V2/cmsis_os2.o
 .bss.Timer_Stack
                0x00000000200006a4      0x400 ./Middlewares/Third_Party/FreeRTOS/Source/CMSIS_RTOS_V2/cmsis_os2.o
 .bss.xQueueRegistry
                0x0000000020000aa4       0x40 ./Middlewares/Third_Party/FreeRTOS/Source/queue.o
                0x0000000020000aa4                xQueueRegistry
 .bss.pxCurrentTCB
                0x0000000020000ae4        0x4 ./Middlewares/Third_Party/FreeRTOS/Source/tasks.o
                0x0000000020000ae4                pxCurrentTCB
 .bss.pxReadyTasksLists
                0x0000000020000ae8      0x460 ./Middlewares/Third_Party/FreeRTOS/Source/tasks.o
 .bss.xDelayedTaskList1
                0x0000000020000f48       0x14 ./Middlewares/Third_Party/FreeRTOS/Source/tasks.o
 .bss.xDelayedTaskList2
                0x0000000020000f5c       0x14 ./Middlewares/Third_Party/FreeRTOS/Source/tasks.o
 .bss.pxDelayedTaskList
                0x0000000020000f70        0x4 ./Middlewares/Third_Party/FreeRTOS/Source/tasks.o
 .bss.pxOverflowDelayedTaskList
                0x0000000020000f74        0x4 ./Middlewares/Third_Party/FreeRTOS/Source/tasks.o
 .bss.xPendingReadyList
                0x0000000020000f78       0x14 ./Middlewares/Third_Party/FreeRTOS/Source/tasks.o
 .bss.xTasksWaitingTermination
                0x0000000020000f8c       0x14 ./Middlewares/Third_Party/FreeRTOS/Source/tasks.o
 .bss.uxDeletedTasksWaitingCleanUp
                0x0000000020000fa0        0x4 ./Middlewares/Third_Party/FreeRTOS/Source/tasks.o
 .bss.xSuspendedTaskList
                0x0000000020000fa4       0x14 ./Middlewares/Third_Party/FreeRTOS/Source/tasks.o
 .bss.uxCurrentNumberOfTasks
                0x0000000020000fb8        0x4 ./Middlewares/Third_Party/FreeRTOS/Source/tasks.o
 .bss.xTickCount
                0x0000000020000fbc        0x4 ./Middlewares/Third_Party/FreeRTOS/Source/tasks.o
 .bss.uxTopReadyPriority
                0x0000000020000fc0        0x4 ./Middlewares/Third_Party/FreeRTOS/Source/tasks.o
 .bss.xSchedulerRunning
                0x0000000020000fc4        0x4 ./Middlewares/Third_Party/FreeRTOS/Source/tasks.o
 .bss.uxPendedTicks
                0x0000000020000fc8        0x4 ./Middlewares/Third_Party/FreeRTOS/Source/tasks.o
 .bss.xYieldPending
                0x0000000020000fcc        0x4 ./Middlewares/Third_Party/FreeRTOS/Source/tasks.o
 .bss.xNumOfOverflows
                0x0000000020000fd0        0x4 ./Middlewares/Third_Party/FreeRTOS/Source/tasks.o
 .bss.uxTaskNumber
                0x0000000020000fd4        0x4 ./Middlewares/Third_Party/FreeRTOS/Source/tasks.o
 .bss.xNextTaskUnblockTime
                0x0000000020000fd8        0x4 ./Middlewares/Third_Party/FreeRTOS/Source/tasks.o
 .bss.xIdleTaskHandle
                0x0000000020000fdc        0x4 ./Middlewares/Third_Party/FreeRTOS/Source/tasks.o
 .bss.uxSchedulerSuspended
                0x0000000020000fe0        0x4 ./Middlewares/Third_Party/FreeRTOS/Source/tasks.o
 .bss.xActiveTimerList1
                0x0000000020000fe4       0x14 ./Middlewares/Third_Party/FreeRTOS/Source/timers.o
 .bss.xActiveTimerList2
                0x0000000020000ff8       0x14 ./Middlewares/Third_Party/FreeRTOS/Source/timers.o
 .bss.pxCurrentTimerList
                0x000000002000100c        0x4 ./Middlewares/Third_Party/FreeRTOS/Source/timers.o
 .bss.pxOverflowTimerList
                0x0000000020001010        0x4 ./Middlewares/Third_Party/FreeRTOS/Source/timers.o
 .bss.xTimerQueue
                0x0000000020001014        0x4 ./Middlewares/Third_Party/FreeRTOS/Source/timers.o
 .bss.xTimerTaskHandle
                0x0000000020001018        0x4 ./Middlewares/Third_Party/FreeRTOS/Source/timers.o
 .bss.xLastTime.2
                0x000000002000101c        0x4 ./Middlewares/Third_Party/FreeRTOS/Source/timers.o
 .bss.ucStaticTimerQueueStorage.1
                0x0000000020001020       0xa0 ./Middlewares/Third_Party/FreeRTOS/Source/timers.o
 .bss.xStaticTimerQueue.0
                0x00000000200010c0       0x50 ./Middlewares/Third_Party/FreeRTOS/Source/timers.o
 .bss.ucMaxSysCallPriority
                0x0000000020001110        0x1 ./Middlewares/Third_Party/FreeRTOS/Source/portable/GCC/ARM_CM3/port.o
 *fill*         0x0000000020001111        0x3 
 .bss.ulMaxPRIGROUPValue
                0x0000000020001114        0x4 ./Middlewares/Third_Party/FreeRTOS/Source/portable/GCC/ARM_CM3/port.o
 .bss.ucHeap    0x0000000020001118      0xc00 ./Middlewares/Third_Party/FreeRTOS/Source/portable/MemMang/heap_4.o
 .bss.xStart    0x0000000020001d18        0x8 ./Middlewares/Third_Party/FreeRTOS/Source/portable/MemMang/heap_4.o
 .bss.pxEnd     0x0000000020001d20        0x4 ./Middlewares/Third_Party/FreeRTOS/Source/portable/MemMang/heap_4.o
 .bss.xFreeBytesRemaining
                0x0000000020001d24        0x4 ./Middlewares/Third_Party/FreeRTOS/Source/portable/MemMang/heap_4.o
 .bss.xMinimumEverFreeBytesRemaining
                0x0000000020001d28        0x4 ./Middlewares/Third_Party/FreeRTOS/Source/portable/MemMang/heap_4.o
 .bss.xBlockAllocatedBit
                0x0000000020001d2c        0x4 ./Middlewares/Third_Party/FreeRTOS/Source/portable/MemMang/heap_4.o
 .bss.__lock___malloc_recursive_mutex
                0x0000000020001d30        0x1 c:/st/stm32cubeide_1.9.0/stm32cubeide/plugins/com.st.stm32cube.ide.mcu.externaltools.gnu-tools-for-stm32.10.3-2021.10.win32_1.0.100.202210260954/tools/bin/../lib/gcc/arm-none-eabi/10.3.1/../../../../arm-none-eabi/lib/thumb/v7-m/nofp\libc_nano.a(lib_a-lock.o)
                0x0000000020001d30                __lock___malloc_recursive_mutex
 *fill*         0x0000000020001d31        0x3 
 .bss.__malloc_free_list
                0x0000000020001d34        0x4 c:/st/stm32cubeide_1.9.0/stm32cubeide/plugins/com.st.stm32cube.ide.mcu.externaltools.gnu-tools-for-stm32.10.3-2021.10.win32_1.0.100.202210260954/tools/bin/../lib/gcc/arm-none-eabi/10.3.1/../../../../arm-none-eabi/lib/thumb/v7-m/nofp\libc_nano.a(lib_a-nano-mallocr.o)
                0x0000000020001d34                __malloc_free_list
 *(COMMON)
                0x0000000020001d38                . = ALIGN (0x4)
                0x0000000020001d38                _ebss = .
                0x0000000020001d38                __bss_end__ = _ebss

._user_heap_stack
                0x0000000020001d38      0x600 load address 0x00000000080092a8
                0x0000000020001d38                . = ALIGN (0x8)
                [!provide]                        PROVIDE (end = .)
                0x0000000020001d38                PROVIDE (_end = .)
                0x0000000020001f38                . = (. + _Min_Heap_Size)
 *fill*         0x0000000020001d38      0x200 
                0x0000000020002338                . = (. + _Min_Stack_Size)
 *fill*         0x0000000020001f38      0x400 
                0x0000000020002338                . = ALIGN (0x8)

/DISCARD/
 libc.a(*)
 libm.a(*)
 libgcc.a(*)

.ARM.attributes
                0x0000000000000000       0x29
 *(.ARM.attributes)
 .ARM.attributes
                0x0000000000000000       0x1d c:/st/stm32cubeide_1.9.0/stm32cubeide/plugins/com.st.stm32cube.ide.mcu.externaltools.gnu-tools-for-stm32.10.3-2021.10.win32_1.0.100.202210260954/tools/bin/../lib/gcc/arm-none-eabi/10.3.1/thumb/v7-m/nofp/crti.o
 .ARM.attributes
                0x000000000000001d       0x2d c:/st/stm32cubeide_1.9.0/stm32cubeide/plugins/com.st.stm32cube.ide.mcu.externaltools.gnu-tools-for-stm32.10.3-2021.10.win32_1.0.100.202210260954/tools/bin/../lib/gcc/arm-none-eabi/10.3.1/thumb/v7-m/nofp/crtbegin.o
 .ARM.attributes
                0x000000000000004a       0x2d ./Core/Src/MPU9250.o
 .ARM.attributes
                0x0000000000000077       0x2d ./Core/Src/can.o
 .ARM.attributes
                0x00000000000000a4       0x2d ./Core/Src/freertos.o
 .ARM.attributes
                0x00000000000000d1       0x2d ./Core/Src/gpio.o
 .ARM.attributes
                0x00000000000000fe       0x2d ./Core/Src/madgwickFilter.o
 .ARM.attributes
                0x000000000000012b       0x2d ./Core/Src/main.o
 .ARM.attributes
                0x0000000000000158       0x2d ./Core/Src/spi.o
 .ARM.attributes
                0x0000000000000185       0x2d ./Core/Src/stm32f1xx_hal_msp.o
 .ARM.attributes
                0x00000000000001b2       0x2d ./Core/Src/stm32f1xx_hal_timebase_tim.o
 .ARM.attributes
                0x00000000000001df       0x2d ./Core/Src/stm32f1xx_it.o
 .ARM.attributes
                0x000000000000020c       0x2d ./Core/Src/system_stm32f1xx.o
 .ARM.attributes
                0x0000000000000239       0x21 ./Core/Startup/startup_stm32f103c8tx.o
 .ARM.attributes
                0x000000000000025a       0x2d ./Drivers/STM32F1xx_HAL_Driver/Src/stm32f1xx_hal.o
 .ARM.attributes
                0x0000000000000287       0x2d ./Drivers/STM32F1xx_HAL_Driver/Src/stm32f1xx_hal_can.o
 .ARM.attributes
                0x00000000000002b4       0x2d ./Drivers/STM32F1xx_HAL_Driver/Src/stm32f1xx_hal_cortex.o
 .ARM.attributes
                0x00000000000002e1       0x2d ./Drivers/STM32F1xx_HAL_Driver/Src/stm32f1xx_hal_dma.o
 .ARM.attributes
                0x000000000000030e       0x2d ./Drivers/STM32F1xx_HAL_Driver/Src/stm32f1xx_hal_gpio.o
 .ARM.attributes
                0x000000000000033b       0x2d ./Drivers/STM32F1xx_HAL_Driver/Src/stm32f1xx_hal_rcc.o
 .ARM.attributes
                0x0000000000000368       0x2d ./Drivers/STM32F1xx_HAL_Driver/Src/stm32f1xx_hal_spi.o
 .ARM.attributes
                0x0000000000000395       0x2d ./Drivers/STM32F1xx_HAL_Driver/Src/stm32f1xx_hal_tim.o
 .ARM.attributes
                0x00000000000003c2       0x2d ./Drivers/STM32F1xx_HAL_Driver/Src/stm32f1xx_hal_tim_ex.o
 .ARM.attributes
                0x00000000000003ef       0x2d ./Middlewares/Third_Party/FreeRTOS/Source/CMSIS_RTOS_V2/cmsis_os2.o
 .ARM.attributes
                0x000000000000041c       0x2d ./Middlewares/Third_Party/FreeRTOS/Source/list.o
 .ARM.attributes
                0x0000000000000449       0x2d ./Middlewares/Third_Party/FreeRTOS/Source/queue.o
 .ARM.attributes
                0x0000000000000476       0x2d ./Middlewares/Third_Party/FreeRTOS/Source/tasks.o
 .ARM.attributes
                0x00000000000004a3       0x2d ./Middlewares/Third_Party/FreeRTOS/Source/timers.o
 .ARM.attributes
                0x00000000000004d0       0x2d ./Middlewares/Third_Party/FreeRTOS/Source/portable/GCC/ARM_CM3/port.o
 .ARM.attributes
                0x00000000000004fd       0x2d ./Middlewares/Third_Party/FreeRTOS/Source/portable/MemMang/heap_4.o
 .ARM.attributes
                0x000000000000052a       0x2d c:/st/stm32cubeide_1.9.0/stm32cubeide/plugins/com.st.stm32cube.ide.mcu.externaltools.gnu-tools-for-stm32.10.3-2021.10.win32_1.0.100.202210260954/tools/bin/../lib/gcc/arm-none-eabi/10.3.1/../../../../arm-none-eabi/lib/thumb/v7-m/nofp\libm.a(lib_a-w_sqrt.o)
 .ARM.attributes
                0x0000000000000557       0x2d c:/st/stm32cubeide_1.9.0/stm32cubeide/plugins/com.st.stm32cube.ide.mcu.externaltools.gnu-tools-for-stm32.10.3-2021.10.win32_1.0.100.202210260954/tools/bin/../lib/gcc/arm-none-eabi/10.3.1/../../../../arm-none-eabi/lib/thumb/v7-m/nofp\libm.a(lib_a-wf_asin.o)
 .ARM.attributes
                0x0000000000000584       0x2d c:/st/stm32cubeide_1.9.0/stm32cubeide/plugins/com.st.stm32cube.ide.mcu.externaltools.gnu-tools-for-stm32.10.3-2021.10.win32_1.0.100.202210260954/tools/bin/../lib/gcc/arm-none-eabi/10.3.1/../../../../arm-none-eabi/lib/thumb/v7-m/nofp\libm.a(lib_a-wf_atan2.o)
 .ARM.attributes
                0x00000000000005b1       0x2d c:/st/stm32cubeide_1.9.0/stm32cubeide/plugins/com.st.stm32cube.ide.mcu.externaltools.gnu-tools-for-stm32.10.3-2021.10.win32_1.0.100.202210260954/tools/bin/../lib/gcc/arm-none-eabi/10.3.1/../../../../arm-none-eabi/lib/thumb/v7-m/nofp\libm.a(lib_a-e_sqrt.o)
 .ARM.attributes
                0x00000000000005de       0x2d c:/st/stm32cubeide_1.9.0/stm32cubeide/plugins/com.st.stm32cube.ide.mcu.externaltools.gnu-tools-for-stm32.10.3-2021.10.win32_1.0.100.202210260954/tools/bin/../lib/gcc/arm-none-eabi/10.3.1/../../../../arm-none-eabi/lib/thumb/v7-m/nofp\libm.a(lib_a-ef_asin.o)
 .ARM.attributes
                0x000000000000060b       0x2d c:/st/stm32cubeide_1.9.0/stm32cubeide/plugins/com.st.stm32cube.ide.mcu.externaltools.gnu-tools-for-stm32.10.3-2021.10.win32_1.0.100.202210260954/tools/bin/../lib/gcc/arm-none-eabi/10.3.1/../../../../arm-none-eabi/lib/thumb/v7-m/nofp\libm.a(lib_a-ef_atan2.o)
 .ARM.attributes
                0x0000000000000638       0x2d c:/st/stm32cubeide_1.9.0/stm32cubeide/plugins/com.st.stm32cube.ide.mcu.externaltools.gnu-tools-for-stm32.10.3-2021.10.win32_1.0.100.202210260954/tools/bin/../lib/gcc/arm-none-eabi/10.3.1/../../../../arm-none-eabi/lib/thumb/v7-m/nofp\libm.a(lib_a-ef_sqrt.o)
 .ARM.attributes
                0x0000000000000665       0x2d c:/st/stm32cubeide_1.9.0/stm32cubeide/plugins/com.st.stm32cube.ide.mcu.externaltools.gnu-tools-for-stm32.10.3-2021.10.win32_1.0.100.202210260954/tools/bin/../lib/gcc/arm-none-eabi/10.3.1/../../../../arm-none-eabi/lib/thumb/v7-m/nofp\libm.a(lib_a-sf_atan.o)
 .ARM.attributes
                0x0000000000000692       0x2d c:/st/stm32cubeide_1.9.0/stm32cubeide/plugins/com.st.stm32cube.ide.mcu.externaltools.gnu-tools-for-stm32.10.3-2021.10.win32_1.0.100.202210260954/tools/bin/../lib/gcc/arm-none-eabi/10.3.1/../../../../arm-none-eabi/lib/thumb/v7-m/nofp\libm.a(lib_a-sf_fabs.o)
 .ARM.attributes
                0x00000000000006bf       0x2d c:/st/stm32cubeide_1.9.0/stm32cubeide/plugins/com.st.stm32cube.ide.mcu.externaltools.gnu-tools-for-stm32.10.3-2021.10.win32_1.0.100.202210260954/tools/bin/../lib/gcc/arm-none-eabi/10.3.1/../../../../arm-none-eabi/lib/thumb/v7-m/nofp\libm.a(lib_a-sf_nan.o)
 .ARM.attributes
                0x00000000000006ec       0x2d c:/st/stm32cubeide_1.9.0/stm32cubeide/plugins/com.st.stm32cube.ide.mcu.externaltools.gnu-tools-for-stm32.10.3-2021.10.win32_1.0.100.202210260954/tools/bin/../lib/gcc/arm-none-eabi/10.3.1/../../../../arm-none-eabi/lib/thumb/v7-m/nofp\libc_nano.a(lib_a-errno.o)
 .ARM.attributes
                0x0000000000000719       0x2d c:/st/stm32cubeide_1.9.0/stm32cubeide/plugins/com.st.stm32cube.ide.mcu.externaltools.gnu-tools-for-stm32.10.3-2021.10.win32_1.0.100.202210260954/tools/bin/../lib/gcc/arm-none-eabi/10.3.1/../../../../arm-none-eabi/lib/thumb/v7-m/nofp\libc_nano.a(lib_a-findfp.o)
 .ARM.attributes
                0x0000000000000746       0x2d c:/st/stm32cubeide_1.9.0/stm32cubeide/plugins/com.st.stm32cube.ide.mcu.externaltools.gnu-tools-for-stm32.10.3-2021.10.win32_1.0.100.202210260954/tools/bin/../lib/gcc/arm-none-eabi/10.3.1/../../../../arm-none-eabi/lib/thumb/v7-m/nofp\libc_nano.a(lib_a-impure.o)
 .ARM.attributes
                0x0000000000000773       0x2d c:/st/stm32cubeide_1.9.0/stm32cubeide/plugins/com.st.stm32cube.ide.mcu.externaltools.gnu-tools-for-stm32.10.3-2021.10.win32_1.0.100.202210260954/tools/bin/../lib/gcc/arm-none-eabi/10.3.1/../../../../arm-none-eabi/lib/thumb/v7-m/nofp\libc_nano.a(lib_a-init.o)
 .ARM.attributes
                0x00000000000007a0       0x2d c:/st/stm32cubeide_1.9.0/stm32cubeide/plugins/com.st.stm32cube.ide.mcu.externaltools.gnu-tools-for-stm32.10.3-2021.10.win32_1.0.100.202210260954/tools/bin/../lib/gcc/arm-none-eabi/10.3.1/../../../../arm-none-eabi/lib/thumb/v7-m/nofp\libc_nano.a(lib_a-lock.o)
 .ARM.attributes
                0x00000000000007cd       0x2d c:/st/stm32cubeide_1.9.0/stm32cubeide/plugins/com.st.stm32cube.ide.mcu.externaltools.gnu-tools-for-stm32.10.3-2021.10.win32_1.0.100.202210260954/tools/bin/../lib/gcc/arm-none-eabi/10.3.1/../../../../arm-none-eabi/lib/thumb/v7-m/nofp\libc_nano.a(lib_a-memcpy-stub.o)
 .ARM.attributes
                0x00000000000007fa       0x2d c:/st/stm32cubeide_1.9.0/stm32cubeide/plugins/com.st.stm32cube.ide.mcu.externaltools.gnu-tools-for-stm32.10.3-2021.10.win32_1.0.100.202210260954/tools/bin/../lib/gcc/arm-none-eabi/10.3.1/../../../../arm-none-eabi/lib/thumb/v7-m/nofp\libc_nano.a(lib_a-memset.o)
 .ARM.attributes
                0x0000000000000827       0x2d c:/st/stm32cubeide_1.9.0/stm32cubeide/plugins/com.st.stm32cube.ide.mcu.externaltools.gnu-tools-for-stm32.10.3-2021.10.win32_1.0.100.202210260954/tools/bin/../lib/gcc/arm-none-eabi/10.3.1/../../../../arm-none-eabi/lib/thumb/v7-m/nofp\libc_nano.a(lib_a-nano-mallocr.o)
 .ARM.attributes