Archive member included to satisfy reference by file (symbol)

c:/st/stm32cubeide_1.9.0/stm32cubeide/plugins/com.st.stm32cube.ide.mcu.externaltools.gnu-tools-for-stm32.10.3-2021.10.win32_1.0.100.202210260954/tools/bin/../lib/gcc/arm-none-eabi/10.3.1/../../../../arm-none-eabi/lib/thumb/v7-m/nofp\libm.a(lib_a-w_sqrt.o)
                              ./Core/Src/madgwickFilter.o (sqrt)
c:/st/stm32cubeide_1.9.0/stm32cubeide/plugins/com.st.stm32cube.ide.mcu.externaltools.gnu-tools-for-stm32.10.3-2021.10.win32_1.0.100.202210260954/tools/bin/../lib/gcc/arm-none-eabi/10.3.1/../../../../arm-none-eabi/lib/thumb/v7-m/nofp\libm.a(lib_a-wf_asin.o)
                              ./Core/Src/madgwickFilter.o (asinf)
c:/st/stm32cubeide_1.9.0/stm32cubeide/plugins/com.st.stm32cube.ide.mcu.externaltools.gnu-tools-for-stm32.10.3-2021.10.win32_1.0.100.202210260954/tools/bin/../lib/gcc/arm-none-eabi/10.3.1/../../../../arm-none-eabi/lib/thumb/v7-m/nofp\libm.a(lib_a-wf_atan2.o)
                              ./Core/Src/madgwickFilter.o (atan2f)
c:/st/stm32cubeide_1.9.0/stm32cubeide/plugins/com.st.stm32cube.ide.mcu.externaltools.gnu-tools-for-stm32.10.3-2021.10.win32_1.0.100.202210260954/tools/bin/../lib/gcc/arm-none-eabi/10.3.1/../../../../arm-none-eabi/lib/thumb/v7-m/nofp\libm.a(lib_a-e_sqrt.o)
                              c:/st/stm32cubeide_1.9.0/stm32cubeide/plugins/com.st.stm32cube.ide.mcu.externaltools.gnu-tools-for-stm32.10.3-2021.10.win32_1.0.100.202210260954/tools/bin/../lib/gcc/arm-none-eabi/10.3.1/../../../../arm-none-eabi/lib/thumb/v7-m/nofp\libm.a(lib_a-w_sqrt.o) (__ieee754_sqrt)
c:/st/stm32cubeide_1.9.0/stm32cubeide/plugins/com.st.stm32cube.ide.mcu.externaltools.gnu-tools-for-stm32.10.3-2021.10.win32_1.0.100.202210260954/tools/bin/../lib/gcc/arm-none-eabi/10.3.1/../../../../arm-none-eabi/lib/thumb/v7-m/nofp\libm.a(lib_a-ef_asin.o)
                              c:/st/stm32cubeide_1.9.0/stm32cubeide/plugins/com.st.stm32cube.ide.mcu.externaltools.gnu-tools-for-stm32.10.3-2021.10.win32_1.0.100.202210260954/tools/bin/../lib/gcc/arm-none-eabi/10.3.1/../../../../arm-none-eabi/lib/thumb/v7-m/nofp\libm.a(lib_a-wf_asin.o) (__ieee754_asinf)
c:/st/stm32cubeide_1.9.0/stm32cubeide/plugins/com.st.stm32cube.ide.mcu.externaltools.gnu-tools-for-stm32.10.3-2021.10.win32_1.0.100.202210260954/tools/bin/../lib/gcc/arm-none-eabi/10.3.1/../../../../arm-none-eabi/lib/thumb/v7-m/nofp\libm.a(lib_a-ef_atan2.o)
                              c:/st/stm32cubeide_1.9.0/stm32cubeide/plugins/com.st.stm32cube.ide.mcu.externaltools.gnu-tools-for-stm32.10.3-2021.10.win32_1.0.100.202210260954/tools/bin/../lib/gcc/arm-none-eabi/10.3.1/../../../../arm-none-eabi/lib/thumb/v7-m/nofp\libm.a(lib_a-wf_atan2.o) (__ieee754_atan2f)
c:/st/stm32cubeide_1.9.0/stm32cubeide/plugins/com.st.stm32cube.ide.mcu.externaltools.gnu-tools-for-stm32.10.3-2021.10.win32_1.0.100.202210260954/tools/bin/../lib/gcc/arm-none-eabi/10.3.1/../../../../arm-none-eabi/lib/thumb/v7-m/nofp\libm.a(lib_a-ef_sqrt.o)
                              c:/st/stm32cubeide_1.9.0/stm32cubeide/plugins/com.st.stm32cube.ide.mcu.externaltools.gnu-tools-for-stm32.10.3-2021.10.win32_1.0.100.202210260954/tools/bin/../lib/gcc/arm-none-eabi/10.3.1/../../../../arm-none-eabi/lib/thumb/v7-m/nofp\libm.a(lib_a-ef_asin.o) (__ieee754_sqrtf)
c:/st/stm32cubeide_1.9.0/stm32cubeide/plugins/com.st.stm32cube.ide.mcu.externaltools.gnu-tools-for-stm32.10.3-2021.10.win32_1.0.100.202210260954/tools/bin/../lib/gcc/arm-none-eabi/10.3.1/../../../../arm-none-eabi/lib/thumb/v7-m/nofp\libm.a(lib_a-sf_atan.o)
                              c:/st/stm32cubeide_1.9.0/stm32cubeide/plugins/com.st.stm32cube.ide.mcu.externaltools.gnu-tools-for-stm32.10.3-2021.10.win32_1.0.100.202210260954/tools/bin/../lib/gcc/arm-none-eabi/10.3.1/../../../../arm-none-eabi/lib/thumb/v7-m/nofp\libm.a(lib_a-ef_atan2.o) (atanf)
c:/st/stm32cubeide_1.9.0/stm32cubeide/plugins/com.st.stm32cube.ide.mcu.externaltools.gnu-tools-for-stm32.10.3-2021.10.win32_1.0.100.202210260954/tools/bin/../lib/gcc/arm-none-eabi/10.3.1/../../../../arm-none-eabi/lib/thumb/v7-m/nofp\libm.a(lib_a-sf_fabs.o)
                              c:/st/stm32cubeide_1.9.0/stm32cubeide/plugins/com.st.stm32cube.ide.mcu.externaltools.gnu-tools-for-stm32.10.3-2021.10.win32_1.0.100.202210260954/tools/bin/../lib/gcc/arm-none-eabi/10.3.1/../../../../arm-none-eabi/lib/thumb/v7-m/nofp\libm.a(lib_a-wf_asin.o) (fabsf)
c:/st/stm32cubeide_1.9.0/stm32cubeide/plugins/com.st.stm32cube.ide.mcu.externaltools.gnu-tools-for-stm32.10.3-2021.10.win32_1.0.100.202210260954/tools/bin/../lib/gcc/arm-none-eabi/10.3.1/../../../../arm-none-eabi/lib/thumb/v7-m/nofp\libm.a(lib_a-sf_nan.o)
                              c:/st/stm32cubeide_1.9.0/stm32cubeide/plugins/com.st.stm32cube.ide.mcu.externaltools.gnu-tools-for-stm32.10.3-2021.10.win32_1.0.100.202210260954/tools/bin/../lib/gcc/arm-none-eabi/10.3.1/../../../../arm-none-eabi/lib/thumb/v7-m/nofp\libm.a(lib_a-wf_asin.o) (nanf)
[...]
Memory Configuration

Name             Origin             Length             Attributes
RAM              0x0000000020000000 0x0000000000005000 xrw
FLASH            0x0000000008000000 0x0000000000010000 xr
*default*        0x0000000000000000 0xffffffffffffffff

Linker script and memory map

LOAD c:/st/stm32cubeide_1.9.0/stm32cubeide/plugins/com.st.stm32cube.ide.mcu.externaltools.gnu-tools-for-stm32.10.3-2021.10.win32_1.0.100.202210260954/tools/bin/../lib/gcc/arm-none-eabi/10.3.1/thumb/v7-m/nofp/crti.o
LOAD c:/st/stm32cubeide_1.9.0/stm32cubeide/plugins/com.st.stm32cube.ide.mcu.externaltools.gnu-tools-for-stm32.10.3-2021.10.win32_1.0.100.202210260954/tools/bin/../lib/gcc/arm-none-eabi/10.3.1/thumb/v7-m/nofp/crtbegin.o
LOAD c:/st/stm32cubeide_1.9.0/stm32cubeide/plugins/com.st.stm32cube.ide.mcu.externaltools.gnu-tools-for-stm32.10.3-2021.10.win32_1.0.100.202210260954/tools/bin/../lib/gcc/arm-none-eabi/10.3.1/../../../../arm-none-eabi/lib/thumb/v7-m/nofp/crt0.o
LOAD ./Core/Src/MPU9250.o
LOAD ./Core/Src/can.o
LOAD ./Core/Src/gpio.o
LOAD ./Core/Src/madgwickFilter.o
LOAD ./Core/Src/main.o
LOAD ./Core/Src/spi.o
LOAD ./Core/Src/stm32f1xx_hal_msp.o
LOAD ./Core/Src/stm32f1xx_it.o
LOAD ./Core/Src/syscalls.o
LOAD ./Core/Src/sysmem.o
LOAD ./Core/Src/system_stm32f1xx.o
LOAD ./Core/Startup/startup_stm32f103c8tx.o
LOAD ./Drivers/STM32F1xx_HAL_Driver/Src/stm32f1xx_hal.o
LOAD ./Drivers/STM32F1xx_HAL_Driver/Src/stm32f1xx_hal_can.o
LOAD ./Drivers/STM32F1xx_HAL_Driver/Src/stm32f1xx_hal_cortex.o
LOAD ./Drivers/STM32F1xx_HAL_Driver/Src/stm32f1xx_hal_dma.o
LOAD ./Drivers/STM32F1xx_HAL_Driver/Src/stm32f1xx_hal_exti.o
LOAD ./Drivers/STM32F1xx_HAL_Driver/Src/stm32f1xx_hal_flash.o
LOAD ./Drivers/STM32F1xx_HAL_Driver/Src/stm32f1xx_hal_flash_ex.o
LOAD ./Drivers/STM32F1xx_HAL_Driver/Src/stm32f1xx_hal_gpio.o
LOAD ./Drivers/STM32F1xx_HAL_Driver/Src/stm32f1xx_hal_gpio_ex.o
LOAD ./Drivers/STM32F1xx_HAL_Driver/Src/stm32f1xx_hal_pwr.o
LOAD ./Drivers/STM32F1xx_HAL_Driver/Src/stm32f1xx_hal_rcc.o
LOAD ./Drivers/STM32F1xx_HAL_Driver/Src/stm32f1xx_hal_rcc_ex.o
LOAD ./Drivers/STM32F1xx_HAL_Driver/Src/stm32f1xx_hal_spi.o
LOAD ./Drivers/STM32F1xx_HAL_Driver/Src/stm32f1xx_hal_tim.o
LOAD ./Drivers/STM32F1xx_HAL_Driver/Src/stm32f1xx_hal_tim_ex.o
START GROUP
LOAD c:/st/stm32cubeide_1.9.0/stm32cubeide/plugins/com.st.stm32cube.ide.mcu.externaltools.gnu-tools-for-stm32.10.3-2021.10.win32_1.0.100.202210260954/tools/bin/../lib/gcc/arm-none-eabi/10.3.1/../../../../arm-none-eabi/lib/thumb/v7-m/nofp\libstdc++_nano.a
LOAD c:/st/stm32cubeide_1.9.0/stm32cubeide/plugins/com.st.stm32cube.ide.mcu.externaltools.gnu-tools-for-stm32.10.3-2021.10.win32_1.0.100.202210260954/tools/bin/../lib/gcc/arm-none-eabi/10.3.1/../../../../arm-none-eabi/lib/thumb/v7-m/nofp\libsupc++_nano.a
END GROUP
LOAD c:/st/stm32cubeide_1.9.0/stm32cubeide/plugins/com.st.stm32cube.ide.mcu.externaltools.gnu-tools-for-stm32.10.3-2021.10.win32_1.0.100.202210260954/tools/bin/../lib/gcc/arm-none-eabi/10.3.1/../../../../arm-none-eabi/lib/thumb/v7-m/nofp\libstdc++_nano.a
LOAD c:/st/stm32cubeide_1.9.0/stm32cubeide/plugins/com.st.stm32cube.ide.mcu.externaltools.gnu-tools-for-stm32.10.3-2021.10.win32_1.0.100.202210260954/tools/bin/../lib/gcc/arm-none-eabi/10.3.1/../../../../arm-none-eabi/lib/thumb/v7-m/nofp\libm.a
LOAD c:/st/stm32cubeide_1.9.0/stm32cubeide/plugins/com.st.stm32cube.ide.mcu.externaltools.gnu-tools-for-stm32.10.3-2021.10.win32_1.0.100.202210260954/tools/bin/../lib/gcc/arm-none-eabi/10.3.1/../../../../arm-none-eabi/lib/thumb/v7-m/nofp\libc_nano.a
START GROUP
LOAD c:/st/stm32cubeide_1.9.0/stm32cubeide/plugins/com.st.stm32cube.ide.mcu.externaltools.gnu-tools-for-stm32.10.3-2021.10.win32_1.0.100.202210260954/tools/bin/../lib/gcc/arm-none-eabi/10.3.1/thumb/v7-m/nofp\libgcc.a
LOAD c:/st/stm32cubeide_1.9.0/stm32cubeide/plugins/com.st.stm32cube.ide.mcu.externaltools.gnu-tools-for-stm32.10.3-2021.10.win32_1.0.100.202210260954/tools/bin/../lib/gcc/arm-none-eabi/10.3.1/../../../../arm-none-eabi/lib/thumb/v7-m/nofp\libc_nano.a
END GROUP
START GROUP
LOAD c:/st/stm32cubeide_1.9.0/stm32cubeide/plugins/com.st.stm32cube.ide.mcu.externaltools.gnu-tools-for-stm32.10.3-2021.10.win32_1.0.100.202210260954/tools/bin/../lib/gcc/arm-none-eabi/10.3.1/thumb/v7-m/nofp\libgcc.a
LOAD c:/st/stm32cubeide_1.9.0/stm32cubeide/plugins/com.st.stm32cube.ide.mcu.externaltools.gnu-tools-for-stm32.10.3-2021.10.win32_1.0.100.202210260954/tools/bin/../lib/gcc/arm-none-eabi/10.3.1/../../../../arm-none-eabi/lib/thumb/v7-m/nofp\libc_nano.a
LOAD c:/st/stm32cubeide_1.9.0/stm32cubeide/plugins/com.st.stm32cube.ide.mcu.externaltools.gnu-tools-for-stm32.10.3-2021.10.win32_1.0.100.202210260954/tools/bin/../lib/gcc/arm-none-eabi/10.3.1/../../../../arm-none-eabi/lib/thumb/v7-m/nofp\libnosys.a
END GROUP
START GROUP
LOAD c:/st/stm32cubeide_1.9.0/stm32cubeide/plugins/com.st.stm32cube.ide.mcu.externaltools.gnu-tools-for-stm32.10.3-2021.10.win32_1.0.100.202210260954/tools/bin/../lib/gcc/arm-none-eabi/10.3.1/thumb/v7-m/nofp\libgcc.a
LOAD c:/st/stm32cubeide_1.9.0/stm32cubeide/plugins/com.st.stm32cube.ide.mcu.externaltools.gnu-tools-for-stm32.10.3-2021.10.win32_1.0.100.202210260954/tools/bin/../lib/gcc/arm-none-eabi/10.3.1/../../../../arm-none-eabi/lib/thumb/v7-m/nofp\libc_nano.a
LOAD c:/st/stm32cubeide_1.9.0/stm32cubeide/plugins/com.st.stm32cube.ide.mcu.externaltools.gnu-tools-for-stm32.10.3-2021.10.win32_1.0.100.202210260954/tools/bin/../lib/gcc/arm-none-eabi/10.3.1/../../../../arm-none-eabi/lib/thumb/v7-m/nofp\libnosys.a
END GROUP
LOAD c:/st/stm32cubeide_1.9.0/stm32cubeide/plugins/com.st.stm32cube.ide.mcu.externaltools.gnu-tools-for-stm32.10.3-2021.10.win32_1.0.100.202210260954/tools/bin/../lib/gcc/arm-none-eabi/10.3.1/thumb/v7-m/nofp/crtend.o
LOAD c:/st/stm32cubeide_1.9.0/stm32cubeide/plugins/com.st.stm32cube.ide.mcu.externaltools.gnu-tools-for-stm32.10.3-2021.10.win32_1.0.100.202210260954/tools/bin/../lib/gcc/arm-none-eabi/10.3.1/thumb/v7-m/nofp/crtn.o
                0x0000000020005000                _estack = (ORIGIN (RAM) + LENGTH (RAM))
                0x0000000000000200                _Min_Heap_Size = 0x200
                0x0000000000000400                _Min_Stack_Size = 0x400

.isr_vector     0x0000000008000000      0x10c
                0x0000000008000000                . = ALIGN (0x4)
 *(.isr_vector)
 .isr_vector    0x0000000008000000      0x10c ./Core/Startup/startup_stm32f103c8tx.o
                0x0000000008000000                g_pfnVectors
                0x000000000800010c                . = ALIGN (0x4)

.text           0x000000000800010c     0x5d94
                0x000000000800010c                . = ALIGN (0x4)
 *(.text)
 .text          0x000000000800010c       0x40 c:/st/stm32cubeide_1.9.0/stm32cubeide/plugins/com.st.stm32cube.ide.mcu.externaltools.gnu-tools-for-stm32.10.3-2021.10.win32_1.0.100.202210260954/tools/bin/../lib/gcc/arm-none-eabi/10.3.1/thumb/v7-m/nofp/crtbegin.o
 .text          0x000000000800014c      0x378 c:/st/stm32cubeide_1.9.0/stm32cubeide/plugins/com.st.stm32cube.ide.mcu.externaltools.gnu-tools-for-stm32.10.3-2021.10.win32_1.0.100.202210260954/tools/bin/../lib/gcc/arm-none-eabi/10.3.1/thumb/v7-m/nofp\libgcc.a(_arm_addsubdf3.o)
                0x000000000800014c                __aeabi_drsub
                0x0000000008000154                __aeabi_dsub
                0x0000000008000154                __subdf3
                0x0000000008000158                __aeabi_dadd
                0x0000000008000158                __adddf3
                0x00000000080003d0                __floatunsidf
                0x00000000080003d0                __aeabi_ui2d
                0x00000000080003f0                __floatsidf
                0x00000000080003f0                __aeabi_i2d
                0x0000000008000414                __aeabi_f2d
                0x0000000008000414                __extendsfdf2
                0x0000000008000458                __floatundidf
                0x0000000008000458                __aeabi_ul2d
                0x0000000008000468                __floatdidf
                0x0000000008000468                __aeabi_l2d
 .text          0x00000000080004c4      0x424 c:/st/stm32cubeide_1.9.0/stm32cubeide/plugins/com.st.stm32cube.ide.mcu.externaltools.gnu-tools-for-stm32.10.3-2021.10.win32_1.0.100.202210260954/tools/bin/../lib/gcc/arm-none-eabi/10.3.1/thumb/v7-m/nofp\libgcc.a(_arm_muldivdf3.o)
                0x00000000080004c4                __aeabi_dmul
                0x00000000080004c4                __muldf3
                0x0000000008000718                __divdf3
                0x0000000008000718                __aeabi_ddiv
 .text          0x00000000080008e8      0x110 c:/st/stm32cubeide_1.9.0/stm32cubeide/plugins/com.st.stm32cube.ide.mcu.externaltools.gnu-tools-for-stm32.10.3-2021.10.win32_1.0.100.202210260954/tools/bin/../lib/gcc/arm-none-eabi/10.3.1/thumb/v7-m/nofp\libgcc.a(_arm_cmpdf2.o)
                0x00000000080008e8                __gtdf2
                0x00000000080008e8                __gedf2
                0x00000000080008f0                __ltdf2
                0x00000000080008f0                __ledf2
                0x00000000080008f8                __nedf2
                0x00000000080008f8                __eqdf2
                0x00000000080008f8                __cmpdf2
                0x0000000008000974                __aeabi_cdrcmple
                0x0000000008000984                __aeabi_cdcmpeq
                0x0000000008000984                __aeabi_cdcmple
                0x0000000008000994                __aeabi_dcmpeq
                0x00000000080009a8                __aeabi_dcmplt
                0x00000000080009bc                __aeabi_dcmple
                0x00000000080009d0                __aeabi_dcmpge
                0x00000000080009e4                __aeabi_dcmpgt
 .text          0x00000000080009f8       0x2c c:/st/stm32cubeide_1.9.0/stm32cubeide/plugins/com.st.stm32cube.ide.mcu.externaltools.gnu-tools-for-stm32.10.3-2021.10.win32_1.0.100.202210260954/tools/bin/../lib/gcc/arm-none-eabi/10.3.1/thumb/v7-m/nofp\libgcc.a(_arm_unorddf2.o)
                0x00000000080009f8                __unorddf2
                0x00000000080009f8                __aeabi_dcmpun
 .text          0x0000000008000a24       0xa0 c:/st/stm32cubeide_1.9.0/stm32cubeide/plugins/com.st.stm32cube.ide.mcu.externaltools.gnu-tools-for-stm32.10.3-2021.10.win32_1.0.100.202210260954/tools/bin/../lib/gcc/arm-none-eabi/10.3.1/thumb/v7-m/nofp\libgcc.a(_arm_truncdfsf2.o)
                0x0000000008000a24                __truncdfsf2
                0x0000000008000a24                __aeabi_d2f
 .text          0x0000000008000ac4      0x21c c:/st/stm32cubeide_1.9.0/stm32cubeide/plugins/com.st.stm32cube.ide.mcu.externaltools.gnu-tools-for-stm32.10.3-2021.10.win32_1.0.100.202210260954/tools/bin/../lib/gcc/arm-none-eabi/10.3.1/thumb/v7-m/nofp\libgcc.a(_arm_addsubsf3.o)
                0x0000000008000ac4                __aeabi_frsub
                0x0000000008000acc                __subsf3
                0x0000000008000acc                __aeabi_fsub
                0x0000000008000ad0                __aeabi_fadd
                0x0000000008000ad0                __addsf3
                0x0000000008000c30                __aeabi_ui2f
                0x0000000008000c30                __floatunsisf
                0x0000000008000c38                __aeabi_i2f
                0x0000000008000c38                __floatsisf
                0x0000000008000c54                __aeabi_ul2f
                0x0000000008000c54                __floatundisf
                0x0000000008000c64                __aeabi_l2f
                0x0000000008000c64                __floatdisf
 .text          0x0000000008000ce0      0x2a0 c:/st/stm32cubeide_1.9.0/stm32cubeide/plugins/com.st.stm32cube.ide.mcu.externaltools.gnu-tools-for-stm32.10.3-2021.10.win32_1.0.100.202210260954/tools/bin/../lib/gcc/arm-none-eabi/10.3.1/thumb/v7-m/nofp\libgcc.a(_arm_muldivsf3.o)
                0x0000000008000ce0                __mulsf3
                0x0000000008000ce0                __aeabi_fmul
                0x0000000008000e48                __aeabi_fdiv
                0x0000000008000e48                __divsf3
 .text          0x0000000008000f80       0xec c:/st/stm32cubeide_1.9.0/stm32cubeide/plugins/com.st.stm32cube.ide.mcu.externaltools.gnu-tools-for-stm32.10.3-2021.10.win32_1.0.100.202210260954/tools/bin/../lib/gcc/arm-none-eabi/10.3.1/thumb/v7-m/nofp\libgcc.a(_arm_cmpsf2.o)
                0x0000000008000f80                __gesf2
                0x0000000008000f80                __gtsf2
                0x0000000008000f88                __lesf2
                0x0000000008000f88                __ltsf2
                0x0000000008000f90                __nesf2
                0x0000000008000f90                __eqsf2
                0x0000000008000f90                __cmpsf2
                0x0000000008000ff0                __aeabi_cfrcmple
                0x0000000008000ff8                __aeabi_cfcmpeq
                0x0000000008000ff8                __aeabi_cfcmple
                0x0000000008001008                __aeabi_fcmpeq
                0x000000000800101c                __aeabi_fcmplt
                0x0000000008001030                __aeabi_fcmple
                0x0000000008001044                __aeabi_fcmpge
                0x0000000008001058                __aeabi_fcmpgt
 .text          0x000000000800106c       0x2c c:/st/stm32cubeide_1.9.0/stm32cubeide/plugins/com.st.stm32cube.ide.mcu.externaltools.gnu-tools-for-stm32.10.3-2021.10.win32_1.0.100.202210260954/tools/bin/../lib/gcc/arm-none-eabi/10.3.1/thumb/v7-m/nofp\libgcc.a(_arm_unordsf2.o)
                0x000000000800106c                __unordsf2
                0x000000000800106c                __aeabi_fcmpun
 *(.text*)
 .text.filter   0x0000000008001098       0xdc ./Core/Src/MPU9250.o
                0x0000000008001098                filter
 .text.MPU9250_OnActivate
                0x0000000008001174        0xc ./Core/Src/MPU9250.o
                0x0000000008001174                MPU9250_OnActivate
 .text.MPU9250_Activate
                0x0000000008001180       0x1c ./Core/Src/MPU9250.o
 .text.MPU9250_Deactivate
                0x000000000800119c       0x18 ./Core/Src/MPU9250.o
 .text.SPIx_WriteRead
                0x00000000080011b4       0x3c ./Core/Src/MPU9250.o
                0x00000000080011b4                SPIx_WriteRead
 .text.MPU_SPI_Write
                0x00000000080011f0       0x46 ./Core/Src/MPU9250.o
                0x00000000080011f0                MPU_SPI_Write
 *fill*         0x0000000008001236        0x2 
 .text.MPU_SPI_Read
                0x0000000008001238       0x60 ./Core/Src/MPU9250.o
                0x0000000008001238                MPU_SPI_Read
 .text.writeRegister
                0x0000000008001298       0x2a ./Core/Src/MPU9250.o
                0x0000000008001298                writeRegister
 .text.readRegisters
                0x00000000080012c2       0x26 ./Core/Src/MPU9250.o
                0x00000000080012c2                readRegisters
 .text.writeAK8963Register
                0x00000000080012e8       0x3c ./Core/Src/MPU9250.o
                0x00000000080012e8                writeAK8963Register
 .text.readAK8963Registers
                0x0000000008001324       0x4c ./Core/Src/MPU9250.o
                0x0000000008001324                readAK8963Registers
 .text.whoAmI   0x0000000008001370       0x1c ./Core/Src/MPU9250.o
 .text.whoAmIAK8963
                0x000000000800138c       0x1c ./Core/Src/MPU9250.o
 .text.MPU9250_Init
                0x00000000080013a8      0x110 ./Core/Src/MPU9250.o
                0x00000000080013a8                MPU9250_Init
 .text.MPU9250_calibrate
                0x00000000080014b8      0x348 ./Core/Src/MPU9250.o
                0x00000000080014b8                MPU9250_calibrate
 .text.MPU9250_GetData
                0x0000000008001800      0x360 ./Core/Src/MPU9250.o
                0x0000000008001800                MPU9250_GetData
 .text.MX_CAN_Init
                0x0000000008001b60       0x6c ./Core/Src/can.o
                0x0000000008001b60                MX_CAN_Init
 .text.HAL_CAN_MspInit
                0x0000000008001bcc       0xb8 ./Core/Src/can.o
                0x0000000008001bcc                HAL_CAN_MspInit
 .text.MX_GPIO_Init
                0x0000000008001c84       0xdc ./Core/Src/gpio.o
                0x0000000008001c84                MX_GPIO_Init
 .text.quat_scalar
                0x0000000008001d60       0x62 ./Core/Src/madgwickFilter.o
 .text.quat_add
                0x0000000008001dc2       0x70 ./Core/Src/madgwickFilter.o
 .text.quat_sub
                0x0000000008001e32       0x70 ./Core/Src/madgwickFilter.o
 .text.quat_Norm
                0x0000000008001ea2       0x90 ./Core/Src/madgwickFilter.o
 .text.quat_Normalization
                0x0000000008001f32       0x6a ./Core/Src/madgwickFilter.o
 .text.quat_mult
                0x0000000008001f9c      0x1a6 ./Core/Src/madgwickFilter.o
                0x0000000008001f9c                quat_mult
 *fill*         0x0000000008002142        0x2 
 .text.imu_filter
                0x0000000008002144      0x438 ./Core/Src/madgwickFilter.o
                0x0000000008002144                imu_filter
 .text.eulerAngles
                0x000000000800257c      0x1dc ./Core/Src/madgwickFilter.o
                0x000000000800257c                eulerAngles
 .text.main     0x0000000008002758      0x440 ./Core/Src/main.o
                0x0000000008002758                main
 .text.SystemClock_Config
                0x0000000008002b98       0x82 ./Core/Src/main.o
                0x0000000008002b98                SystemClock_Config
 .text.Error_Handler
                0x0000000008002c1a        0xa ./Core/Src/main.o
                0x0000000008002c1a                Error_Handler
 .text.MX_SPI1_Init
                0x0000000008002c24       0x6c ./Core/Src/spi.o
                0x0000000008002c24                MX_SPI1_Init
 .text.MX_SPI2_Init
                0x0000000008002c90       0x6c ./Core/Src/spi.o
                0x0000000008002c90                MX_SPI2_Init
 .text.HAL_SPI_MspInit
                0x0000000008002cfc      0x11c ./Core/Src/spi.o
                0x0000000008002cfc                HAL_SPI_MspInit
 .text.HAL_MspInit
                0x0000000008002e18       0x64 ./Core/Src/stm32f1xx_hal_msp.o
                0x0000000008002e18                HAL_MspInit
 .text.NMI_Handler
                0x0000000008002e7c        0x6 ./Core/Src/stm32f1xx_it.o
                0x0000000008002e7c                NMI_Handler
 .text.HardFault_Handler
                0x0000000008002e82        0x6 ./Core/Src/stm32f1xx_it.o
                0x0000000008002e82                HardFault_Handler
 .text.MemManage_Handler
                0x0000000008002e88        0x6 ./Core/Src/stm32f1xx_it.o
                0x0000000008002e88                MemManage_Handler
 .text.BusFault_Handler
                0x0000000008002e8e        0x6 ./Core/Src/stm32f1xx_it.o
                0x0000000008002e8e                BusFault_Handler
 .text.UsageFault_Handler
                0x0000000008002e94        0x6 ./Core/Src/stm32f1xx_it.o
                0x0000000008002e94                UsageFault_Handler
 .text.SVC_Handler
                0x0000000008002e9a        0xc ./Core/Src/stm32f1xx_it.o
                0x0000000008002e9a                SVC_Handler
 .text.DebugMon_Handler
                0x0000000008002ea6        0xc ./Core/Src/stm32f1xx_it.o
                0x0000000008002ea6                DebugMon_Handler
 .text.PendSV_Handler
                0x0000000008002eb2        0xc ./Core/Src/stm32f1xx_it.o
                0x0000000008002eb2                PendSV_Handler
 .text.SysTick_Handler
                0x0000000008002ebe        0xc ./Core/Src/stm32f1xx_it.o
                0x0000000008002ebe                SysTick_Handler
 *fill*         0x0000000008002eca        0x2 
 .text.USB_HP_CAN1_TX_IRQHandler
                0x0000000008002ecc       0x14 ./Core/Src/stm32f1xx_it.o
                0x0000000008002ecc                USB_HP_CAN1_TX_IRQHandler
 .text.USB_LP_CAN1_RX0_IRQHandler
                0x0000000008002ee0       0x14 ./Core/Src/stm32f1xx_it.o
                0x0000000008002ee0                USB_LP_CAN1_RX0_IRQHandler
 .text.SPI2_IRQHandler
                0x0000000008002ef4       0x14 ./Core/Src/stm32f1xx_it.o
                0x0000000008002ef4                SPI2_IRQHandler
 .text.SystemInit
                0x0000000008002f08        0xc ./Core/Src/system_stm32f1xx.o
                0x0000000008002f08                SystemInit
 .text.Reset_Handler
                0x0000000008002f14       0x48 ./Core/Startup/startup_stm32f103c8tx.o
                0x0000000008002f14                Reset_Handler
 .text.Default_Handler
                0x0000000008002f5c        0x2 ./Core/Startup/startup_stm32f103c8tx.o
                0x0000000008002f5c                RTC_Alarm_IRQHandler
                0x0000000008002f5c                EXTI2_IRQHandler
                0x0000000008002f5c                TIM1_CC_IRQHandler
                0x0000000008002f5c                PVD_IRQHandler
                0x0000000008002f5c                EXTI3_IRQHandler
                0x0000000008002f5c                EXTI0_IRQHandler
                0x0000000008002f5c                I2C2_EV_IRQHandler
                0x0000000008002f5c                ADC1_2_IRQHandler
                0x0000000008002f5c                SPI1_IRQHandler
                0x0000000008002f5c                TAMPER_IRQHandler
                0x0000000008002f5c                DMA1_Channel4_IRQHandler
                0x0000000008002f5c                USART3_IRQHandler
                0x0000000008002f5c                RTC_IRQHandler
                0x0000000008002f5c                DMA1_Channel7_IRQHandler
                0x0000000008002f5c                CAN1_RX1_IRQHandler
                0x0000000008002f5c                TIM4_IRQHandler
                0x0000000008002f5c                I2C1_EV_IRQHandler
                0x0000000008002f5c                DMA1_Channel6_IRQHandler
                0x0000000008002f5c                TIM3_IRQHandler
                0x0000000008002f5c                RCC_IRQHandler
                0x0000000008002f5c                TIM1_TRG_COM_IRQHandler
                0x0000000008002f5c                DMA1_Channel1_IRQHandler
                0x0000000008002f5c                Default_Handler
                0x0000000008002f5c                EXTI15_10_IRQHandler
                0x0000000008002f5c                EXTI9_5_IRQHandler
                0x0000000008002f5c                DMA1_Channel5_IRQHandler
                0x0000000008002f5c                EXTI4_IRQHandler
                0x0000000008002f5c                DMA1_Channel3_IRQHandler
                0x0000000008002f5c                TIM1_UP_IRQHandler
                0x0000000008002f5c                WWDG_IRQHandler
                0x0000000008002f5c                TIM2_IRQHandler
                0x0000000008002f5c                TIM1_BRK_IRQHandler
                0x0000000008002f5c                EXTI1_IRQHandler
                0x0000000008002f5c                USART2_IRQHandler
                0x0000000008002f5c                I2C2_ER_IRQHandler
                0x0000000008002f5c                DMA1_Channel2_IRQHandler
                0x0000000008002f5c                CAN1_SCE_IRQHandler
                0x0000000008002f5c                FLASH_IRQHandler
                0x0000000008002f5c                USART1_IRQHandler
                0x0000000008002f5c                I2C1_ER_IRQHandler
                0x0000000008002f5c                USBWakeUp_IRQHandler
 *fill*         0x0000000008002f5e        0x2 
 .text.HAL_Init
                0x0000000008002f60       0x2c ./Drivers/STM32F1xx_HAL_Driver/Src/stm32f1xx_hal.o
                0x0000000008002f60                HAL_Init
 .text.HAL_InitTick
                0x0000000008002f8c       0x60 ./Drivers/STM32F1xx_HAL_Driver/Src/stm32f1xx_hal.o
                0x0000000008002f8c                HAL_InitTick
 .text.HAL_IncTick
                0x0000000008002fec       0x24 ./Drivers/STM32F1xx_HAL_Driver/Src/stm32f1xx_hal.o
                0x0000000008002fec                HAL_IncTick
 .text.HAL_GetTick
                0x0000000008003010       0x14 ./Drivers/STM32F1xx_HAL_Driver/Src/stm32f1xx_hal.o
                0x0000000008003010                HAL_GetTick
 .text.HAL_Delay
                0x0000000008003024       0x48 ./Drivers/STM32F1xx_HAL_Driver/Src/stm32f1xx_hal.o
                0x0000000008003024                HAL_Delay
 .text.HAL_CAN_Init
                0x000000000800306c      0x206 ./Drivers/STM32F1xx_HAL_Driver/Src/stm32f1xx_hal_can.o
                0x000000000800306c                HAL_CAN_Init
 .text.HAL_CAN_ConfigFilter
                0x0000000008003272      0x192 ./Drivers/STM32F1xx_HAL_Driver/Src/stm32f1xx_hal_can.o
                0x0000000008003272                HAL_CAN_ConfigFilter
 .text.HAL_CAN_Start
                0x0000000008003404       0x88 ./Drivers/STM32F1xx_HAL_Driver/Src/stm32f1xx_hal_can.o
                0x0000000008003404                HAL_CAN_Start
 .text.HAL_CAN_AddTxMessage
                0x000000000800348c      0x1b4 ./Drivers/STM32F1xx_HAL_Driver/Src/stm32f1xx_hal_can.o
                0x000000000800348c                HAL_CAN_AddTxMessage
 .text.HAL_CAN_IRQHandler
                0x0000000008003640      0x36e ./Drivers/STM32F1xx_HAL_Driver/Src/stm32f1xx_hal_can.o
                0x0000000008003640                HAL_CAN_IRQHandler
 .text.HAL_CAN_TxMailbox0CompleteCallback
                0x00000000080039ae       0x12 ./Drivers/STM32F1xx_HAL_Driver/Src/stm32f1xx_hal_can.o
                0x00000000080039ae                HAL_CAN_TxMailbox0CompleteCallback
 .text.HAL_CAN_TxMailbox1CompleteCallback
                0x00000000080039c0       0x12 ./Drivers/STM32F1xx_HAL_Driver/Src/stm32f1xx_hal_can.o
                0x00000000080039c0                HAL_CAN_TxMailbox1CompleteCallback
 .text.HAL_CAN_TxMailbox2CompleteCallback
                0x00000000080039d2       0x12 ./Drivers/STM32F1xx_HAL_Driver/Src/stm32f1xx_hal_can.o
                0x00000000080039d2                HAL_CAN_TxMailbox2CompleteCallback
 .text.HAL_CAN_TxMailbox0AbortCallback
                0x00000000080039e4       0x12 ./Drivers/STM32F1xx_HAL_Driver/Src/stm32f1xx_hal_can.o
                0x00000000080039e4                HAL_CAN_TxMailbox0AbortCallback
 .text.HAL_CAN_TxMailbox1AbortCallback
                0x00000000080039f6       0x12 ./Drivers/STM32F1xx_HAL_Driver/Src/stm32f1xx_hal_can.o
                0x00000000080039f6                HAL_CAN_TxMailbox1AbortCallback
 .text.HAL_CAN_TxMailbox2AbortCallback
                0x0000000008003a08       0x12 ./Drivers/STM32F1xx_HAL_Driver/Src/stm32f1xx_hal_can.o
                0x0000000008003a08                HAL_CAN_TxMailbox2AbortCallback
 .text.HAL_CAN_RxFifo0MsgPendingCallback
                0x0000000008003a1a       0x12 ./Drivers/STM32F1xx_HAL_Driver/Src/stm32f1xx_hal_can.o
                0x0000000008003a1a                HAL_CAN_RxFifo0MsgPendingCallback
 .text.HAL_CAN_RxFifo0FullCallback
                0x0000000008003a2c       0x12 ./Drivers/STM32F1xx_HAL_Driver/Src/stm32f1xx_hal_can.o
                0x0000000008003a2c                HAL_CAN_RxFifo0FullCallback
 .text.HAL_CAN_RxFifo1MsgPendingCallback
                0x0000000008003a3e       0x12 ./Drivers/STM32F1xx_HAL_Driver/Src/stm32f1xx_hal_can.o
                0x0000000008003a3e                HAL_CAN_RxFifo1MsgPendingCallback
 .text.HAL_CAN_RxFifo1FullCallback
                0x0000000008003a50       0x12 ./Drivers/STM32F1xx_HAL_Driver/Src/stm32f1xx_hal_can.o
                0x0000000008003a50                HAL_CAN_RxFifo1FullCallback
 .text.HAL_CAN_SleepCallback
                0x0000000008003a62       0x12 ./Drivers/STM32F1xx_HAL_Driver/Src/stm32f1xx_hal_can.o
                0x0000000008003a62                HAL_CAN_SleepCallback
 .text.HAL_CAN_WakeUpFromRxMsgCallback
                0x0000000008003a74       0x12 ./Drivers/STM32F1xx_HAL_Driver/Src/stm32f1xx_hal_can.o
                0x0000000008003a74                HAL_CAN_WakeUpFromRxMsgCallback
 .text.HAL_CAN_ErrorCallback
                0x0000000008003a86       0x12 ./Drivers/STM32F1xx_HAL_Driver/Src/stm32f1xx_hal_can.o
                0x0000000008003a86                HAL_CAN_ErrorCallback
 .text.__NVIC_SetPriorityGrouping
                0x0000000008003a98       0x48 ./Drivers/STM32F1xx_HAL_Driver/Src/stm32f1xx_hal_cortex.o
 .text.__NVIC_GetPriorityGrouping
                0x0000000008003ae0       0x1c ./Drivers/STM32F1xx_HAL_Driver/Src/stm32f1xx_hal_cortex.o
 .text.__NVIC_EnableIRQ
                0x0000000008003afc       0x38 ./Drivers/STM32F1xx_HAL_Driver/Src/stm32f1xx_hal_cortex.o
 .text.__NVIC_SetPriority
                0x0000000008003b34       0x54 ./Drivers/STM32F1xx_HAL_Driver/Src/stm32f1xx_hal_cortex.o
 .text.NVIC_EncodePriority
                0x0000000008003b88       0x64 ./Drivers/STM32F1xx_HAL_Driver/Src/stm32f1xx_hal_cortex.o
 .text.SysTick_Config
                0x0000000008003bec       0x44 ./Drivers/STM32F1xx_HAL_Driver/Src/stm32f1xx_hal_cortex.o
 .text.HAL_NVIC_SetPriorityGrouping
                0x0000000008003c30       0x16 ./Drivers/STM32F1xx_HAL_Driver/Src/stm32f1xx_hal_cortex.o
                0x0000000008003c30                HAL_NVIC_SetPriorityGrouping
 .text.HAL_NVIC_SetPriority
                0x0000000008003c46       0x38 ./Drivers/STM32F1xx_HAL_Driver/Src/stm32f1xx_hal_cortex.o
                0x0000000008003c46                HAL_NVIC_SetPriority
 .text.HAL_NVIC_EnableIRQ
                0x0000000008003c7e       0x1c ./Drivers/STM32F1xx_HAL_Driver/Src/stm32f1xx_hal_cortex.o
                0x0000000008003c7e                HAL_NVIC_EnableIRQ
 .text.HAL_SYSTICK_Config
                0x0000000008003c9a       0x18 ./Drivers/STM32F1xx_HAL_Driver/Src/stm32f1xx_hal_cortex.o
                0x0000000008003c9a                HAL_SYSTICK_Config
 *fill*         0x0000000008003cb2        0x2 
 .text.HAL_DMA_Abort_IT
                0x0000000008003cb4       0xec ./Drivers/STM32F1xx_HAL_Driver/Src/stm32f1xx_hal_dma.o
                0x0000000008003cb4                HAL_DMA_Abort_IT
 .text.HAL_GPIO_Init
                0x0000000008003da0      0x308 ./Drivers/STM32F1xx_HAL_Driver/Src/stm32f1xx_hal_gpio.o
                0x0000000008003da0                HAL_GPIO_Init
 .text.HAL_GPIO_WritePin
                0x00000000080040a8       0x30 ./Drivers/STM32F1xx_HAL_Driver/Src/stm32f1xx_hal_gpio.o
                0x00000000080040a8                HAL_GPIO_WritePin
 .text.HAL_GPIO_TogglePin
                0x00000000080040d8       0x32 ./Drivers/STM32F1xx_HAL_Driver/Src/stm32f1xx_hal_gpio.o
                0x00000000080040d8                HAL_GPIO_TogglePin
 *fill*         0x000000000800410a        0x2 
 .text.HAL_RCC_OscConfig
                0x000000000800410c      0x504 ./Drivers/STM32F1xx_HAL_Driver/Src/stm32f1xx_hal_rcc.o
                0x000000000800410c                HAL_RCC_OscConfig
 .text.HAL_RCC_ClockConfig
                0x0000000008004610      0x1d4 ./Drivers/STM32F1xx_HAL_Driver/Src/stm32f1xx_hal_rcc.o
                0x0000000008004610                HAL_RCC_ClockConfig
 .text.HAL_RCC_GetSysClockFreq
                0x00000000080047e4       0xbc ./Drivers/STM32F1xx_HAL_Driver/Src/stm32f1xx_hal_rcc.o
                0x00000000080047e4                HAL_RCC_GetSysClockFreq
 .text.RCC_Delay
                0x00000000080048a0       0x3c ./Drivers/STM32F1xx_HAL_Driver/Src/stm32f1xx_hal_rcc.o
 .text.HAL_SPI_Init
                0x00000000080048dc      0x108 ./Drivers/STM32F1xx_HAL_Driver/Src/stm32f1xx_hal_spi.o
                0x00000000080048dc                HAL_SPI_Init
 .text.HAL_SPI_Transmit
                0x00000000080049e4      0x278 ./Drivers/STM32F1xx_HAL_Driver/Src/stm32f1xx_hal_spi.o
                0x00000000080049e4                HAL_SPI_Transmit
 .text.HAL_SPI_Receive
                0x0000000008004c5c      0x222 ./Drivers/STM32F1xx_HAL_Driver/Src/stm32f1xx_hal_spi.o
                0x0000000008004c5c                HAL_SPI_Receive
 .text.HAL_SPI_TransmitReceive
                0x0000000008004e7e      0x344 ./Drivers/STM32F1xx_HAL_Driver/Src/stm32f1xx_hal_spi.o
                0x0000000008004e7e                HAL_SPI_TransmitReceive
 *fill*         0x00000000080051c2        0x2 
 .text.HAL_SPI_IRQHandler
                0x00000000080051c4      0x1cc ./Drivers/STM32F1xx_HAL_Driver/Src/stm32f1xx_hal_spi.o
                0x00000000080051c4                HAL_SPI_IRQHandler
 .text.HAL_SPI_ErrorCallback
                0x0000000008005390       0x12 ./Drivers/STM32F1xx_HAL_Driver/Src/stm32f1xx_hal_spi.o
                0x0000000008005390                HAL_SPI_ErrorCallback
 .text.SPI_DMAAbortOnError
                0x00000000080053a2       0x28 ./Drivers/STM32F1xx_HAL_Driver/Src/stm32f1xx_hal_spi.o
 *fill*         0x00000000080053ca        0x2 
 .text.SPI_WaitFlagStateUntilTimeout
                0x00000000080053cc      0x110 ./Drivers/STM32F1xx_HAL_Driver/Src/stm32f1xx_hal_spi.o
 .text.SPI_EndRxTransaction
                0x00000000080054dc       0xa4 ./Drivers/STM32F1xx_HAL_Driver/Src/stm32f1xx_hal_spi.o
 .text.SPI_EndRxTxTransaction
                0x0000000008005580       0x3c ./Drivers/STM32F1xx_HAL_Driver/Src/stm32f1xx_hal_spi.o
 .text.sqrt     0x00000000080055bc       0x48 c:/st/stm32cubeide_1.9.0/stm32cubeide/plugins/com.st.stm32cube.ide.mcu.externaltools.gnu-tools-for-stm32.10.3-2021.10.win32_1.0.100.202210260954/tools/bin/../lib/gcc/arm-none-eabi/10.3.1/../../../../arm-none-eabi/lib/thumb/v7-m/nofp\libm.a(lib_a-w_sqrt.o)
                0x00000000080055bc                sqrt
 .text.asinf    0x0000000008005604       0x40 c:/st/stm32cubeide_1.9.0/stm32cubeide/plugins/com.st.stm32cube.ide.mcu.externaltools.gnu-tools-for-stm32.10.3-2021.10.win32_1.0.100.202210260954/tools/bin/../lib/gcc/arm-none-eabi/10.3.1/../../../../arm-none-eabi/lib/thumb/v7-m/nofp\libm.a(lib_a-wf_asin.o)
                0x0000000008005604                asinf
 .text.atan2f   0x0000000008005644        0x4 c:/st/stm32cubeide_1.9.0/stm32cubeide/plugins/com.st.stm32cube.ide.mcu.externaltools.gnu-tools-for-stm32.10.3-2021.10.win32_1.0.100.202210260954/tools/bin/../lib/gcc/arm-none-eabi/10.3.1/../../../../arm-none-eabi/lib/thumb/v7-m/nofp\libm.a(lib_a-wf_atan2.o)
                0x0000000008005644                atan2f
 .text.__ieee754_sqrt
                0x0000000008005648      0x160 c:/st/stm32cubeide_1.9.0/stm32cubeide/plugins/com.st.stm32cube.ide.mcu.externaltools.gnu-tools-for-stm32.10.3-2021.10.win32_1.0.100.202210260954/tools/bin/../lib/gcc/arm-none-eabi/10.3.1/../../../../arm-none-eabi/lib/thumb/v7-m/nofp\libm.a(lib_a-e_sqrt.o)
                0x0000000008005648                __ieee754_sqrt
 .text.__ieee754_asinf
                0x00000000080057a8      0x288 c:/st/stm32cubeide_1.9.0/stm32cubeide/plugins/com.st.stm32cube.ide.mcu.externaltools.gnu-tools-for-stm32.10.3-2021.10.win32_1.0.100.202210260954/tools/bin/../lib/gcc/arm-none-eabi/10.3.1/../../../../arm-none-eabi/lib/thumb/v7-m/nofp\libm.a(lib_a-ef_asin.o)
                0x00000000080057a8                __ieee754_asinf
 .text.__ieee754_atan2f
                0x0000000008005a30      0x10c c:/st/stm32cubeide_1.9.0/stm32cubeide/plugins/com.st.stm32cube.ide.mcu.externaltools.gnu-tools-for-stm32.10.3-2021.10.win32_1.0.100.202210260954/tools/bin/../lib/gcc/arm-none-eabi/10.3.1/../../../../arm-none-eabi/lib/thumb/v7-m/nofp\libm.a(lib_a-ef_atan2.o)
                0x0000000008005a30                __ieee754_atan2f
 .text.__ieee754_sqrtf
                0x0000000008005b3c       0xa2 c:/st/stm32cubeide_1.9.0/stm32cubeide/plugins/com.st.stm32cube.ide.mcu.externaltools.gnu-tools-for-stm32.10.3-2021.10.win32_1.0.100.202210260954/tools/bin/../lib/gcc/arm-none-eabi/10.3.1/../../../../arm-none-eabi/lib/thumb/v7-m/nofp\libm.a(lib_a-ef_sqrt.o)
                0x0000000008005b3c                __ieee754_sqrtf
 *fill*         0x0000000008005bde        0x2 
 .text.atanf    0x0000000008005be0      0x218 c:/st/stm32cubeide_1.9.0/stm32cubeide/plugins/com.st.stm32cube.ide.mcu.externaltools.gnu-tools-for-stm32.10.3-2021.10.win32_1.0.100.202210260954/tools/bin/../lib/gcc/arm-none-eabi/10.3.1/../../../../arm-none-eabi/lib/thumb/v7-m/nofp\libm.a(lib_a-sf_atan.o)
                0x0000000008005be0                atanf
 .text.fabsf    0x0000000008005df8        0x6 c:/st/stm32cubeide_1.9.0/stm32cubeide/plugins/com.st.stm32cube.ide.mcu.externaltools.gnu-tools-for-stm32.10.3-2021.10.win32_1.0.100.202210260954/tools/bin/../lib/gcc/arm-none-eabi/10.3.1/../../../../arm-none-eabi/lib/thumb/v7-m/nofp\libm.a(lib_a-sf_fabs.o)
                0x0000000008005df8                fabsf
 *fill*         0x0000000008005dfe        0x2 
 .text.nanf     0x0000000008005e00        0x8 c:/st/stm32cubeide_1.9.0/stm32cubeide/plugins/com.st.stm32cube.ide.mcu.externaltools.gnu-tools-for-stm32.10.3-2021.10.win32_1.0.100.202210260954/tools/bin/../lib/gcc/arm-none-eabi/10.3.1/../../../../arm-none-eabi/lib/thumb/v7-m/nofp\libm.a(lib_a-sf_nan.o)
                0x0000000008005e00                nanf
 .text.__errno  0x0000000008005e08        0xc c:/st/stm32cubeide_1.9.0/stm32cubeide/plugins/com.st.stm32cube.ide.mcu.externaltools.gnu-tools-for-stm32.10.3-2021.10.win32_1.0.100.202210260954/tools/bin/../lib/gcc/arm-none-eabi/10.3.1/../../../../arm-none-eabi/lib/thumb/v7-m/nofp\libc_nano.a(lib_a-errno.o)
                0x0000000008005e08                __errno
 .text.__libc_init_array
                0x0000000008005e14       0x48 c:/st/stm32cubeide_1.9.0/stm32cubeide/plugins/com.st.stm32cube.ide.mcu.externaltools.gnu-tools-for-stm32.10.3-2021.10.win32_1.0.100.202210260954/tools/bin/../lib/gcc/arm-none-eabi/10.3.1/../../../../arm-none-eabi/lib/thumb/v7-m/nofp\libc_nano.a(lib_a-init.o)
                0x0000000008005e14                __libc_init_array
 .text.memcpy   0x0000000008005e5c       0x1c c:/st/stm32cubeide_1.9.0/stm32cubeide/plugins/com.st.stm32cube.ide.mcu.externaltools.gnu-tools-for-stm32.10.3-2021.10.win32_1.0.100.202210260954/tools/bin/../lib/gcc/arm-none-eabi/10.3.1/../../../../arm-none-eabi/lib/thumb/v7-m/nofp\libc_nano.a(lib_a-memcpy-stub.o)
                0x0000000008005e5c                memcpy
 .text.memset   0x0000000008005e78       0x10 c:/st/stm32cubeide_1.9.0/stm32cubeide/plugins/com.st.stm32cube.ide.mcu.externaltools.gnu-tools-for-stm32.10.3-2021.10.win32_1.0.100.202210260954/tools/bin/../lib/gcc/arm-none-eabi/10.3.1/../../../../arm-none-eabi/lib/thumb/v7-m/nofp\libc_nano.a(lib_a-memset.o)
                0x0000000008005e78                memset
 *(.glue_7)
 .glue_7        0x0000000008005e88        0x0 linker stubs
 *(.glue_7t)
 .glue_7t       0x0000000008005e88        0x0 linker stubs
 *(.eh_frame)
 .eh_frame      0x0000000008005e88        0x0 c:/st/stm32cubeide_1.9.0/stm32cubeide/plugins/com.st.stm32cube.ide.mcu.externaltools.gnu-tools-for-stm32.10.3-2021.10.win32_1.0.100.202210260954/tools/bin/../lib/gcc/arm-none-eabi/10.3.1/thumb/v7-m/nofp/crtbegin.o
 *(.init)
 .init          0x0000000008005e88        0x4 c:/st/stm32cubeide_1.9.0/stm32cubeide/plugins/com.st.stm32cube.ide.mcu.externaltools.gnu-tools-for-stm32.10.3-2021.10.win32_1.0.100.202210260954/tools/bin/../lib/gcc/arm-none-eabi/10.3.1/thumb/v7-m/nofp/crti.o
                0x0000000008005e88                _init
 .init          0x0000000008005e8c        0x8 c:/st/stm32cubeide_1.9.0/stm32cubeide/plugins/com.st.stm32cube.ide.mcu.externaltools.gnu-tools-for-stm32.10.3-2021.10.win32_1.0.100.202210260954/tools/bin/../lib/gcc/arm-none-eabi/10.3.1/thumb/v7-m/nofp/crtn.o
 *(.fini)
 .fini          0x0000000008005e94        0x4 c:/st/stm32cubeide_1.9.0/stm32cubeide/plugins/com.st.stm32cube.ide.mcu.externaltools.gnu-tools-for-stm32.10.3-2021.10.win32_1.0.100.202210260954/tools/bin/../lib/gcc/arm-none-eabi/10.3.1/thumb/v7-m/nofp/crti.o
                0x0000000008005e94                _fini
 .fini          0x0000000008005e98        0x8 c:/st/stm32cubeide_1.9.0/stm32cubeide/plugins/com.st.stm32cube.ide.mcu.externaltools.gnu-tools-for-stm32.10.3-2021.10.win32_1.0.100.202210260954/tools/bin/../lib/gcc/arm-none-eabi/10.3.1/thumb/v7-m/nofp/crtn.o
                0x0000000008005ea0                . = ALIGN (0x4)
                0x0000000008005ea0                _etext = .

.vfp11_veneer   0x0000000008005ea0        0x0
 .vfp11_veneer  0x0000000008005ea0        0x0 linker stubs

.v4_bx          0x0000000008005ea0        0x0
 .v4_bx         0x0000000008005ea0        0x0 linker stubs

.iplt           0x0000000008005ea0        0x0
 .iplt          0x0000000008005ea0        0x0 c:/st/stm32cubeide_1.9.0/stm32cubeide/plugins/com.st.stm32cube.ide.mcu.externaltools.gnu-tools-for-stm32.10.3-2021.10.win32_1.0.100.202210260954/tools/bin/../lib/gcc/arm-none-eabi/10.3.1/thumb/v7-m/nofp/crtbegin.o

.rodata         0x0000000008005ea0       0x5c
                0x0000000008005ea0                . = ALIGN (0x4)
 *(.rodata)
 .rodata        0x0000000008005ea0       0x10 ./Drivers/STM32F1xx_HAL_Driver/Src/stm32f1xx_hal_rcc.o
 *(.rodata*)
 .rodata.AHBPrescTable
                0x0000000008005eb0       0x10 ./Core/Src/system_stm32f1xx.o
                0x0000000008005eb0                AHBPrescTable
 .rodata.asinf.str1.1
                0x0000000008005ec0        0x1 c:/st/stm32cubeide_1.9.0/stm32cubeide/plugins/com.st.stm32cube.ide.mcu.externaltools.gnu-tools-for-stm32.10.3-2021.10.win32_1.0.100.202210260954/tools/bin/../lib/gcc/arm-none-eabi/10.3.1/../../../../arm-none-eabi/lib/thumb/v7-m/nofp\libm.a(lib_a-wf_asin.o)
 *fill*         0x0000000008005ec1        0x3 
 .rodata.CSWTCH.8
                0x0000000008005ec4        0xc c:/st/stm32cubeide_1.9.0/stm32cubeide/plugins/com.st.stm32cube.ide.mcu.externaltools.gnu-tools-for-stm32.10.3-2021.10.win32_1.0.100.202210260954/tools/bin/../lib/gcc/arm-none-eabi/10.3.1/../../../../arm-none-eabi/lib/thumb/v7-m/nofp\libm.a(lib_a-ef_atan2.o)
 .rodata.CSWTCH.9
                0x0000000008005ed0        0xc c:/st/stm32cubeide_1.9.0/stm32cubeide/plugins/com.st.stm32cube.ide.mcu.externaltools.gnu-tools-for-stm32.10.3-2021.10.win32_1.0.100.202210260954/tools/bin/../lib/gcc/arm-none-eabi/10.3.1/../../../../arm-none-eabi/lib/thumb/v7-m/nofp\libm.a(lib_a-ef_atan2.o)
 .rodata.atanhi
                0x0000000008005edc       0x10 c:/st/stm32cubeide_1.9.0/stm32cubeide/plugins/com.st.stm32cube.ide.mcu.externaltools.gnu-tools-for-stm32.10.3-2021.10.win32_1.0.100.202210260954/tools/bin/../lib/gcc/arm-none-eabi/10.3.1/../../../../arm-none-eabi/lib/thumb/v7-m/nofp\libm.a(lib_a-sf_atan.o)
 .rodata.atanlo
                0x0000000008005eec       0x10 c:/st/stm32cubeide_1.9.0/stm32cubeide/plugins/com.st.stm32cube.ide.mcu.externaltools.gnu-tools-for-stm32.10.3-2021.10.win32_1.0.100.202210260954/tools/bin/../lib/gcc/arm-none-eabi/10.3.1/../../../../arm-none-eabi/lib/thumb/v7-m/nofp\libm.a(lib_a-sf_atan.o)
                0x0000000008005efc                . = ALIGN (0x4)

.rel.dyn        0x0000000008005efc        0x0
 .rel.iplt      0x0000000008005efc        0x0 c:/st/stm32cubeide_1.9.0/stm32cubeide/plugins/com.st.stm32cube.ide.mcu.externaltools.gnu-tools-for-stm32.10.3-2021.10.win32_1.0.100.202210260954/tools/bin/../lib/gcc/arm-none-eabi/10.3.1/thumb/v7-m/nofp/crtbegin.o

.ARM.extab      0x0000000008005efc        0x0
                0x0000000008005efc                . = ALIGN (0x4)
 *(.ARM.extab* .gnu.linkonce.armextab.*)
                0x0000000008005efc                . = ALIGN (0x4)

.ARM            0x0000000008005efc        0x0
                0x0000000008005efc                . = ALIGN (0x4)
                0x0000000008005efc                __exidx_start = .
 *(.ARM.exidx*)
                0x0000000008005efc                __exidx_end = .
                0x0000000008005efc                . = ALIGN (0x4)

.preinit_array  0x0000000008005efc        0x0
                0x0000000008005efc                . = ALIGN (0x4)
                0x0000000008005efc                PROVIDE (__preinit_array_start = .)
 *(.preinit_array*)
                0x0000000008005efc                PROVIDE (__preinit_array_end = .)
                0x0000000008005efc                . = ALIGN (0x4)

.init_array     0x0000000008005efc        0x4
                0x0000000008005efc                . = ALIGN (0x4)
                0x0000000008005efc                PROVIDE (__init_array_start = .)
 *(SORT_BY_NAME(.init_array.*))
 *(.init_array*)
 .init_array    0x0000000008005efc        0x4 c:/st/stm32cubeide_1.9.0/stm32cubeide/plugins/com.st.stm32cube.ide.mcu.externaltools.gnu-tools-for-stm32.10.3-2021.10.win32_1.0.100.202210260954/tools/bin/../lib/gcc/arm-none-eabi/10.3.1/thumb/v7-m/nofp/crtbegin.o
                0x0000000008005f00                PROVIDE (__init_array_end = .)
                0x0000000008005f00                . = ALIGN (0x4)

.fini_array     0x0000000008005f00        0x4
                0x0000000008005f00                . = ALIGN (0x4)
                [!provide]                        PROVIDE (__fini_array_start = .)
 *(SORT_BY_NAME(.fini_array.*))
 *(.fini_array*)
 .fini_array    0x0000000008005f00        0x4 c:/st/stm32cubeide_1.9.0/stm32cubeide/plugins/com.st.stm32cube.ide.mcu.externaltools.gnu-tools-for-stm32.10.3-2021.10.win32_1.0.100.202210260954/tools/bin/../lib/gcc/arm-none-eabi/10.3.1/thumb/v7-m/nofp/crtbegin.o
                [!provide]                        PROVIDE (__fini_array_end = .)
                0x0000000008005f04                . = ALIGN (0x4)
                0x0000000008005f04                _sidata = LOADADDR (.data)

.data           0x0000000020000000       0x88 load address 0x0000000008005f04
                0x0000000020000000                . = ALIGN (0x4)
                0x0000000020000000                _sdata = .
 *(.data)
 *(.data*)
 .data.varProcess
                0x0000000020000000        0x4 ./Core/Src/MPU9250.o
                0x0000000020000000                varProcess
 .data.P        0x0000000020000004        0x4 ./Core/Src/MPU9250.o
                0x0000000020000004                P
 .data.q_est    0x0000000020000008       0x10 ./Core/Src/madgwickFilter.o
                0x0000000020000008                q_est
 .data.SystemCoreClock
                0x0000000020000018        0x4 ./Core/Src/system_stm32f1xx.o
                0x0000000020000018                SystemCoreClock
 .data.uwTickPrio
                0x000000002000001c        0x4 ./Drivers/STM32F1xx_HAL_Driver/Src/stm32f1xx_hal.o
                0x000000002000001c                uwTickPrio
 .data.uwTickFreq
                0x0000000020000020        0x1 ./Drivers/STM32F1xx_HAL_Driver/Src/stm32f1xx_hal.o
                0x0000000020000020                uwTickFreq
 *fill*         0x0000000020000021        0x3 
 .data._impure_ptr
                0x0000000020000024        0x4 c:/st/stm32cubeide_1.9.0/stm32cubeide/plugins/com.st.stm32cube.ide.mcu.externaltools.gnu-tools-for-stm32.10.3-2021.10.win32_1.0.100.202210260954/tools/bin/../lib/gcc/arm-none-eabi/10.3.1/../../../../arm-none-eabi/lib/thumb/v7-m/nofp\libc_nano.a(lib_a-impure.o)
                0x0000000020000024                _impure_ptr
 .data.impure_data
                0x0000000020000028       0x60 c:/st/stm32cubeide_1.9.0/stm32cubeide/plugins/com.st.stm32cube.ide.mcu.externaltools.gnu-tools-for-stm32.10.3-2021.10.win32_1.0.100.202210260954/tools/bin/../lib/gcc/arm-none-eabi/10.3.1/../../../../arm-none-eabi/lib/thumb/v7-m/nofp\libc_nano.a(lib_a-impure.o)
 *(.RamFunc)
 *(.RamFunc*)
                0x0000000020000088                . = ALIGN (0x4)
                0x0000000020000088                _edata = .

.igot.plt       0x0000000020000088        0x0 load address 0x0000000008005f8c
 .igot.plt      0x0000000020000088        0x0 c:/st/stm32cubeide_1.9.0/stm32cubeide/plugins/com.st.stm32cube.ide.mcu.externaltools.gnu-tools-for-stm32.10.3-2021.10.win32_1.0.100.202210260954/tools/bin/../lib/gcc/arm-none-eabi/10.3.1/thumb/v7-m/nofp/crtbegin.o
                0x0000000020000088                . = ALIGN (0x4)

.bss            0x0000000020000088      0x268 load address 0x0000000008005f8c
                0x0000000020000088                _sbss = .
                0x0000000020000088                __bss_start__ = _sbss
 *(.bss)
 .bss           0x0000000020000088       0x1c c:/st/stm32cubeide_1.9.0/stm32cubeide/plugins/com.st.stm32cube.ide.mcu.externaltools.gnu-tools-for-stm32.10.3-2021.10.win32_1.0.100.202210260954/tools/bin/../lib/gcc/arm-none-eabi/10.3.1/thumb/v7-m/nofp/crtbegin.o
 *(.bss*)
 .bss.varVolt   0x00000000200000a4        0x4 ./Core/Src/MPU9250.o
                0x00000000200000a4                varVolt
 .bss.Pc        0x00000000200000a8        0x4 ./Core/Src/MPU9250.o
                0x00000000200000a8                Pc
 .bss.G         0x00000000200000ac        0x4 ./Core/Src/MPU9250.o
                0x00000000200000ac                G
 .bss.Xp        0x00000000200000b0        0x4 ./Core/Src/MPU9250.o
                0x00000000200000b0                Xp
 .bss.Zp        0x00000000200000b4        0x4 ./Core/Src/MPU9250.o
                0x00000000200000b4                Zp
 .bss.Xe        0x00000000200000b8        0x4 ./Core/Src/MPU9250.o
                0x00000000200000b8                Xe
 .bss._buffer   0x00000000200000bc       0x15 ./Core/Src/MPU9250.o
                0x00000000200000bc                _buffer
 *fill*         0x00000000200000d1        0x3 
 .bss._mag_adjust
                0x00000000200000d4        0x3 ./Core/Src/MPU9250.o
 *fill*         0x00000000200000d7        0x1 
 .bss.ii        0x00000000200000d8        0x2 ./Core/Src/MPU9250.o
                0x00000000200000d8                ii
 .bss.packet_count
                0x00000000200000da        0x2 ./Core/Src/MPU9250.o
                0x00000000200000da                packet_count
 .bss.fifo_count
                0x00000000200000dc        0x2 ./Core/Src/MPU9250.o
                0x00000000200000dc                fifo_count
 *fill*         0x00000000200000de        0x2 
 .bss.hcan      0x00000000200000e0       0x28 ./Core/Src/can.o
                0x00000000200000e0                hcan
 .bss.sFilterConfig
                0x0000000020000108       0x28 ./Core/Src/main.o
                0x0000000020000108                sFilterConfig
 .bss.TxHeaderRoll
                0x0000000020000130       0x18 ./Core/Src/main.o
                0x0000000020000130                TxHeaderRoll
 .bss.TxHeaderPitch
                0x0000000020000148       0x18 ./Core/Src/main.o
                0x0000000020000148                TxHeaderPitch
 .bss.TxHeaderYaw
                0x0000000020000160       0x18 ./Core/Src/main.o
                0x0000000020000160                TxHeaderYaw
 .bss.TxHeaderAccel
                0x0000000020000178       0x18 ./Core/Src/main.o
                0x0000000020000178                TxHeaderAccel
 .bss.TxHeaderGyro
                0x0000000020000190       0x18 ./Core/Src/main.o
                0x0000000020000190                TxHeaderGyro
 .bss.TxMailbox
                0x00000000200001a8        0x4 ./Core/Src/main.o
                0x00000000200001a8                TxMailbox
 .bss.can_data  0x00000000200001ac        0x8 ./Core/Src/main.o
                0x00000000200001ac                can_data
 .bss.gyroX     0x00000000200001b4        0x4 ./Core/Src/main.o
                0x00000000200001b4                gyroX
 .bss.gyroY     0x00000000200001b8        0x4 ./Core/Src/main.o
                0x00000000200001b8                gyroY
 .bss.gyroZ     0x00000000200001bc        0x4 ./Core/Src/main.o
                0x00000000200001bc                gyroZ
 .bss.accelX    0x00000000200001c0        0x4 ./Core/Src/main.o
                0x00000000200001c0                accelX
 .bss.accelY    0x00000000200001c4        0x4 ./Core/Src/main.o
                0x00000000200001c4                accelY
 .bss.accelZ    0x00000000200001c8        0x4 ./Core/Src/main.o
                0x00000000200001c8                accelZ
 .bss.gyroX_filtered
                0x00000000200001cc        0x4 ./Core/Src/main.o
                0x00000000200001cc                gyroX_filtered
 .bss.gyroY_filtered
                0x00000000200001d0        0x4 ./Core/Src/main.o
                0x00000000200001d0                gyroY_filtered
 .bss.gyroZ_filtered
                0x00000000200001d4        0x4 ./Core/Src/main.o
                0x00000000200001d4                gyroZ_filtered
 .bss.accelX_filtered
                0x00000000200001d8        0x4 ./Core/Src/main.o
                0x00000000200001d8                accelX_filtered
 .bss.accelY_filtered
                0x00000000200001dc        0x4 ./Core/Src/main.o
                0x00000000200001dc                accelY_filtered
 .bss.accelZ_filtered
                0x00000000200001e0        0x4 ./Core/Src/main.o
                0x00000000200001e0                accelZ_filtered
 .bss.accelX_summ
                0x00000000200001e4        0x4 ./Core/Src/main.o
                0x00000000200001e4                accelX_summ
 .bss.accelY_summ
                0x00000000200001e8        0x4 ./Core/Src/main.o
                0x00000000200001e8                accelY_summ
 .bss.accelZ_summ
                0x00000000200001ec        0x4 ./Core/Src/main.o
                0x00000000200001ec                accelZ_summ
 .bss.accelX_average
                0x00000000200001f0        0x4 ./Core/Src/main.o
                0x00000000200001f0                accelX_average
 .bss.accelY_average
                0x00000000200001f4        0x4 ./Core/Src/main.o
                0x00000000200001f4                accelY_average
 .bss.accelZ_average
                0x00000000200001f8        0x4 ./Core/Src/main.o
                0x00000000200001f8                accelZ_average
 .bss.gyroX_summ
                0x00000000200001fc        0x4 ./Core/Src/main.o
                0x00000000200001fc                gyroX_summ
 .bss.gyroY_summ
                0x0000000020000200        0x4 ./Core/Src/main.o
                0x0000000020000200                gyroY_summ
 .bss.gyroZ_summ
                0x0000000020000204        0x4 ./Core/Src/main.o
                0x0000000020000204                gyroZ_summ
 .bss.gyroX_average
                0x0000000020000208        0x4 ./Core/Src/main.o
                0x0000000020000208                gyroX_average
 .bss.gyroY_average
                0x000000002000020c        0x4 ./Core/Src/main.o
                0x000000002000020c                gyroY_average
 .bss.gyroZ_average
                0x0000000020000210        0x4 ./Core/Src/main.o
                0x0000000020000210                gyroZ_average
 .bss.roll      0x0000000020000214        0x4 ./Core/Src/main.o
                0x0000000020000214                roll
 .bss.pitch     0x0000000020000218        0x4 ./Core/Src/main.o
                0x0000000020000218                pitch
 .bss.yaw       0x000000002000021c        0x4 ./Core/Src/main.o
                0x000000002000021c                yaw
 .bss.gyro_bias
                0x0000000020000220        0xc ./Core/Src/main.o
                0x0000000020000220                gyro_bias
 .bss.accel_bias
                0x000000002000022c        0xc ./Core/Src/main.o
                0x000000002000022c                accel_bias
 .bss.count     0x0000000020000238        0x4 ./Core/Src/main.o
                0x0000000020000238                count
 .bss.hspi1     0x000000002000023c       0x58 ./Core/Src/spi.o
                0x000000002000023c                hspi1
 .bss.hspi2     0x0000000020000294       0x58 ./Core/Src/spi.o
                0x0000000020000294                hspi2
 .bss.uwTick    0x00000000200002ec        0x4 ./Drivers/STM32F1xx_HAL_Driver/Src/stm32f1xx_hal.o
                0x00000000200002ec                uwTick
 *(COMMON)
                0x00000000200002f0                . = ALIGN (0x4)
                0x00000000200002f0                _ebss = .
                0x00000000200002f0                __bss_end__ = _ebss

._user_heap_stack
                0x00000000200002f0      0x600 load address 0x0000000008005f8c
                0x00000000200002f0                . = ALIGN (0x8)
                [!provide]                        PROVIDE (end = .)
                0x00000000200002f0                PROVIDE (_end = .)
                0x00000000200004f0                . = (. + _Min_Heap_Size)
 *fill*         0x00000000200002f0      0x200 
                0x00000000200008f0                . = (. + _Min_Stack_Size)
 *fill*         0x00000000200004f0      0x400 
                0x00000000200008f0                . = ALIGN (0x8)

/DISCARD/
 libc.a(*)
 libm.a(*)
 libgcc.a(*)

.ARM.attributes
                0x0000000000000000       0x29
 *(.ARM.attributes)
 .ARM.attributes
                0x0000000000000000       0x1d c:/st/stm32cubeide_1.9.0/stm32cubeide/plugins/com.st.stm32cube.ide.mcu.externaltools.gnu-tools-for-stm32.10.3-2021.10.win32_1.0.100.202210260954/tools/bin/../lib/gcc/arm-none-eabi/10.3.1/thumb/v7-m/nofp/crti.o
 .ARM.attributes
                0x000000000000001d       0x2d c:/st/stm32cubeide_1.9.0/stm32cubeide/plugins/com.st.stm32cube.ide.mcu.externaltools.gnu-tools-for-stm32.10.3-2021.10.win32_1.0.100.202210260954/tools/bin/../lib/gcc/arm-none-eabi/10.3.1/thumb/v7-m/nofp/crtbegin.o
 .ARM.attributes
                0x000000000000004a       0x2d ./Core/Src/MPU9250.o
 .ARM.attributes
                0x0000000000000077       0x2d ./Core/Src/can.o
 .ARM.attributes
                0x00000000000000a4       0x2d ./Core/Src/gpio.o
 .ARM.attributes
                0x00000000000000d1       0x2d ./Core/Src/madgwickFilter.o
 .ARM.attributes
                0x00000000000000fe       0x2d ./Core/Src/main.o
 .ARM.attributes
                0x000000000000012b       0x2d ./Core/Src/spi.o
 .ARM.attributes
                0x0000000000000158       0x2d ./Core/Src/stm32f1xx_hal_msp.o
 .ARM.attributes
                0x0000000000000185       0x2d ./Core/Src/stm32f1xx_it.o
 .ARM.attributes
                0x00000000000001b2       0x2d ./Core/Src/system_stm32f1xx.o
 .ARM.attributes
                0x00000000000001df       0x21 ./Core/Startup/startup_stm32f103c8tx.o
 .ARM.attributes
                0x0000000000000200       0x2d ./Drivers/STM32F1xx_HAL_Driver/Src/stm32f1xx_hal.o
 .ARM.attributes
                0x000000000000022d       0x2d ./Drivers/STM32F1xx_HAL_Driver/Src/stm32f1xx_hal_can.o
 .ARM.attributes
                0x000000000000025a       0x2d ./Drivers/STM32F1xx_HAL_Driver/Src/stm32f1xx_hal_cortex.o
 .ARM.attributes
                0x0000000000000287       0x2d ./Drivers/STM32F1xx_HAL_Driver/Src/stm32f1xx_hal_dma.o
 .ARM.attributes
                0x00000000000002b4       0x2d ./Drivers/STM32F1xx_HAL_Driver/Src/stm32f1xx_hal_gpio.o
 .ARM.attributes
                0x00000000000002e1       0x2d ./Drivers/STM32F1xx_HAL_Driver/Src/stm32f1xx_hal_rcc.o
 .ARM.attributes
                0x000000000000030e       0x2d ./Drivers/STM32F1xx_HAL_Driver/Src/stm32f1xx_hal_spi.o
 .ARM.attributes
                0x000000000000033b       0x2d c:/st/stm32cubeide_1.9.0/stm32cubeide/plugins/com.st.stm32cube.ide.mcu.externaltools.gnu-tools-for-stm32.10.3-2021.10.win32_1.0.100.202210260954/tools/bin/../lib/gcc/arm-none-eabi/10.3.1/../../../../arm-none-eabi/lib/thumb/v7-m/nofp\libm.a(lib_a-w_sqrt.o)
 .ARM.attributes
                0x0000000000000368       0x2d c:/st/stm32cubeide_1.9.0/stm32cubeide/plugins/com.st.stm32cube.ide.mcu.externaltools.gnu-tools-for-stm32.10.3-2021.10.win32_1.0.100.202210260954/tools/bin/../lib/gcc/arm-none-eabi/10.3.1/../../../../arm-none-eabi/lib/thumb/v7-m/nofp\libm.a(lib_a-wf_asin.o)
 .ARM.attributes
                0x0000000000000395       0x2d c:/st/stm32cubeide_1.9.0/stm32cubeide/plugins/com.st.stm32cube.ide.mcu.externaltools.gnu-tools-for-stm32.10.3-2021.10.win32_1.0.100.202210260954/tools/bin/../lib/gcc/arm-none-eabi/10.3.1/../../../../arm-none-eabi/lib/thumb/v7-m/nofp\libm.a(lib_a-wf_atan2.o)
 .ARM.attributes
                0x00000000000003c2       0x2d c:/st/stm32cubeide_1.9.0/stm32cubeide/plugins/com.st.stm32cube.ide.mcu.externaltools.gnu-tools-for-stm32.10.3-2021.10.win32_1.0.100.202210260954/tools/bin/../lib/gcc/arm-none-eabi/10.3.1/../../../../arm-none-eabi/lib/thumb/v7-m/nofp\libm.a(lib_a-e_sqrt.o)
 .ARM.attributes
                0x00000000000003ef       0x2d c:/st/stm32cubeide_1.9.0/stm32cubeide/plugins/com.st.stm32cube.ide.mcu.externaltools.gnu-tools-for-stm32.10.3-2021.10.win32_1.0.100.202210260954/tools/bin/../lib/gcc/arm-none-eabi/10.3.1/../../../../arm-none-eabi/lib/thumb/v7-m/nofp\libm.a(lib_a-ef_asin.o)
 .ARM.attributes
                0x000000000000041c       0x2d c:/st/stm32cubeide_1.9.0/stm32cubeide/plugins/com.st.stm32cube.ide.mcu.externaltools.gnu-tools-for-stm32.10.3-2021.10.win32_1.0.100.202210260954/tools/bin/../lib/gcc/arm-none-eabi/10.3.1/../../../../arm-none-eabi/lib/thumb/v7-m/nofp\libm.a(lib_a-ef_atan2.o)
 .ARM.attributes
                0x0000000000000449       0x2d c:/st/stm32cubeide_1.9.0/stm32cubeide/plugins/com.st.stm32cube.ide.mcu.externaltools.gnu-tools-for-stm32.10.3-2021.10.win32_1.0.100.202210260954/tools/bin/../lib/gcc/arm-none-eabi/10.3.1/../../../../arm-none-eabi/lib/thumb/v7-m/nofp\libm.a(lib_a-ef_sqrt.o)
 .ARM.attributes
                0x0000000000000476       0x2d c:/st/stm32cubeide_1.9.0/stm32cubeide/plugins/com.st.stm32cube.ide.mcu.externaltools.gnu-tools-for-stm32.10.3-2021.10.win32_1.0.100.202210260954/tools/bin/../lib/gcc/arm-none-eabi/10.3.1/../../../../arm-none-eabi/lib/thumb/v7-m/nofp\libm.a(lib_a-sf_atan.o)
 .ARM.attributes
                0x00000000000004a3       0x2d c:/st/stm32cubeide_1.9.0/stm32cubeide/plugins/com.st.stm32cube.ide.mcu.externaltools.gnu-tools-for-stm32.10.3-2021.10.win32_1.0.100.202210260954/tools/bin/../lib/gcc/arm-none-eabi/10.3.1/../../../../arm-none-eabi/lib/thumb/v7-m/nofp\libm.a(lib_a-sf_fabs.o)
 .ARM.attributes
                0x00000000000004d0       0x2d c:/st/stm32cubeide_1.9.0/stm32cubeide/plugins/com.st.stm32cube.ide.mcu.externaltools.gnu-tools-for-stm32.10.3-2021.10.win32_1.0.100.202210260954/tools/bin/../lib/gcc/arm-none-eabi/10.3.1/../../../../arm-none-eabi/lib/thumb/v7-m/nofp\libm.a(lib_a-sf_nan.o)
 .ARM.attributes
                0x00000000000004fd       0x2d c:/st/stm32cubeide_1.9.0/stm32cubeide/plugins/com.st.stm32cube.ide.mcu.externaltools.gnu-tools-for-stm32.10.3-2021.10.win32_1.0.100.202210260954/tools/bin/../lib/gcc/arm-none-eabi/10.3.1/../../../../arm-none-eabi/lib/thumb/v7-m/nofp\libc_nano.a(lib_a-errno.o)
 .ARM.attributes
                0x000000000000052a       0x2d c:/st/stm32cubeide_1.9.0/stm32cubeide/plugins/com.st.stm32cube.ide.mcu.externaltools.gnu-tools-for-stm32.10.3-2021.10.win32_1.0.100.202210260954/tools/bin/../lib/gcc/arm-none-eabi/10.3.1/../../../../arm-none-eabi/lib/thumb/v7-m/nofp\libc_nano.a(lib_a-impure.o)
 .ARM.attributes
                0x0000000000000557       0x2d c:/st/stm32cubeide_1.9.0/stm32cubeide/plugins/com.st.stm32cube.ide.mcu.externaltools.gnu-tools-for-stm32.10.3-2021.10.win32_1.0.100.202210260954/tools/bin/../lib/gcc/arm-none-eabi/10.3.1/../../../../arm-none-eabi/lib/thumb/v7-m/nofp\libc_nano.a(lib_a-init.o)
 .ARM.attributes
                0x0000000000000584       0x2d c:/st/stm32cubeide_1.9.0/stm32cubeide/plugins/com.st.stm32cube.ide.mcu.externaltools.gnu-tools-for-stm32.10.3-2021.10.win32_1.0.100.202210260954/tools/bin/../lib/gcc/arm-none-eabi/10.3.1/../../../../arm-none-eabi/lib/thumb/v7-m/nofp\libc_nano.a(lib_a-memcpy-stub.o)
 .ARM.attributes
                0x00000000000005b1       0x2d c:/st/stm32cubeide_1.9.0/stm32cubeide/plugins/com.st.stm32cube.ide.mcu.externaltools.gnu-tools-for-stm32.10.3-2021.10.win32_1.0.100.202210260954/tools/bin/../lib/gcc/arm-none-eabi/10.3.1/../../../../arm-none-eabi/lib/thumb/v7-m/nofp\libc_nano.a(lib_a-memset.o)
 .ARM.attributes
                0x00000000000005de       0x1d c:/st/stm32cubeide_1.9.0/stm32cubeide/plugins/com.st.stm32cube.ide.mcu.externaltools.gnu-tools-for-stm32.10.3-2021.10.win32_1.0.100.202210260954/tools/bin/../lib/gcc/arm-none-eabi/10.3.1/thumb/v7-m/nofp\libgcc.a(_arm_addsubdf3.o)
 .ARM.attributes
                0x00000000000005fb       0x1d c:/st/stm32cubeide_1.9.0/stm32cubeide/plugins/com.st.stm32cube.ide.mcu.externaltools.gnu-tools-for-stm32.10.3-2021.10.win32_1.0.100.202210260954/tools/bin/../lib/gcc/arm-none-eabi/10.3.1/thumb/v7-m/nofp\libgcc.a(_arm_muldivdf3.o)
 .ARM.attributes
                0x0000000000000618       0x1d c:/st/stm32cubeide_1.9.0/stm32cubeide/plugins/com.st.stm32cube.ide.mcu.externaltools.gnu-tools-for-stm32.10.3-2021.10.win32_1.0.100.202210260954/tools/bin/../lib/gcc/arm-none-eabi/10.3.1/thumb/v7-m/nofp\libgcc.a(_arm_cmpdf2.o)
 .ARM.attributes
                0x0000000000000635       0x1d c:/st/stm32cubeide_1.9.0/stm32cubeide/plugins/com.st.stm32cube.ide.mcu.externaltools.gnu-tools-for-stm32.10.3-2021.10.win32_1.0.100.202210260954/tools/bin/../lib/gcc/arm-none-eabi/10.3.1/thumb/v7-m/nofp\libgcc.a(_arm_unorddf2.o)
 .ARM.attributes
                0x0000000000000652       0x1d c:/st/stm32cubeide_1.9.0/stm32cubeide/plugins/com.st.stm32cube.ide.mcu.externaltools.gnu-tools-for-stm32.10.3-2021.10.win32_1.0.100.202210260954/tools/bin/../lib/gcc/arm-none-eabi/10.3.1/thumb/v7-m/nofp\libgcc.a(_arm_truncdfsf2.o)
 .ARM.attributes
                0x000000000000066f       0x1d c:/st/stm32cubeide_1.9.0/stm32cubeide/plugins/com.st.stm32cube.ide.mcu.externaltools.gnu-tools-for-stm32.10.3-2021.10.win32_1.0.100.202210260954/tools/bin/../lib/gcc/arm-none-eabi/10.3.1/thumb/v7-m/nofp\libgcc.a(_arm_addsubsf3.o)
 .ARM.attributes
                0x000000000000068c       0x1d c:/st/stm32cubeide_1.9.0/stm32cubeide/plugins/com.st.stm32cube.ide.mcu.externaltools.gnu-tools-for-stm32.10.3-2021.10.win32_1.0.100.202210260954/tools/bin/../lib/gcc/arm-none-eabi/10.3.1/thumb/v7-m/nofp\libgcc.a(_arm_muldivsf3.o)
 .ARM.attributes
                0x00000000000006a9       0x1d c:/st/stm32cubeide_1.9.0/stm32cubeide/plugins/com.st.stm32cube.ide.mcu.externaltools.gnu-tools-for-stm32.10.3-2021.10.win32_1.0.100.202210260954/tools/bin/../lib/gcc/arm-none-eabi/10.3.1/thumb/v7-m/nofp\libgcc.a(_arm_cmpsf2.o)
 .ARM.attributes
                0x00000000000006c6       0x1d c:/st/stm32cubeide_1.9.0/stm32cubeide/plugins/com.st.stm32cube.ide.mcu.externaltools.gnu-tools-for-stm32.10.3-2021.10.win32_1.0.100.202210260954/tools/bin/../lib/gcc/arm-none-eabi/10.3.1/thumb/v7-m/nofp\libgcc.a(_arm_unordsf2.o)
 .ARM.attributes
                0x00000000000006e3       0x1d c:/st/stm32cubeide_1.9.0/stm32cubeide/plugins/com.st.stm32cube.ide.mcu.externaltools.gnu-tools-for-stm32.10.3-2021.10.win32_1.0.100.202210260954/tools/bin/../lib/gcc/arm-none-eabi/10.3.1/thumb/v7-m/nofp/crtn.o
OUTPUT(GD103C8T6_Quadro_sensor_module.elf elf32-littlearm)
LOAD linker stubs
LOAD c:/st/stm32cubeide_1.9.0/stm32cubeide/plugins/com.st.stm32cube.ide.mcu.externaltools.gnu-tools-for-stm32.10.3-2021.10.win32_1.0.100.202210260954/tools/bin/../lib/gcc/arm-none-eabi/10.3.1/../../../../arm-none-eabi/lib/thumb/v7-m/nofp\libc.a
LOAD c:/st/stm32cubeide_1.9.0/stm32cubeide/plugins/com.st.stm32cube.ide.mcu.externaltools.gnu-tools-for-stm32.10.3-2021.10.win32_1.0.100.202210260954/tools/bin/../lib/gcc/arm-none-eabi/10.3.1/../../../../arm-none-eabi/lib/thumb/v7-m/nofp\libm.a
LOAD c:/st/stm32cubeide_1.9.0/stm32cubeide/plugins/com.st.stm32cube.ide.mcu.externaltools.gnu-tools-for-stm32.10.3-2021.10.win32_1.0.100.202210260954/tools/bin/../lib/gcc/arm-none-eabi/10.3.1/thumb/v7-m/nofp\libgcc.a

.debug_info     0x0000000000000000     0x9419
 .debug_info    0x0000000000000000      0xe7b ./Core/Src/MPU9250.o
 .debug_info    0x0000000000000e7b      0x8c8 ./Core/Src/can.o
 .debug_info    0x0000000000001743      0x2ee ./Core/Src/gpio.o
 .debug_info    0x0000000000001a31      0x3da ./Core/Src/madgwickFilter.o
 .debug_info    0x0000000000001e0b      0xef2 ./Core/Src/main.o
 .debug_info    0x0000000000002cfd      0xa26 ./Core/Src/spi.o
 .debug_info    0x0000000000003723      0x210 ./Core/Src/stm32f1xx_hal_msp.o
 .debug_info    0x0000000000003933      0xa6f ./Core/Src/stm32f1xx_it.o
 .debug_info    0x00000000000043a2      0x23d ./Core/Src/system_stm32f1xx.o
 .debug_info    0x00000000000045df       0x22 ./Core/Startup/startup_stm32f103c8tx.o
 .debug_info    0x0000000000004601      0x734 ./Drivers/STM32F1xx_HAL_Driver/Src/stm32f1xx_hal.o
 .debug_info    0x0000000000004d35      0xfb8 ./Drivers/STM32F1xx_HAL_Driver/Src/stm32f1xx_hal_can.o
 .debug_info    0x0000000000005ced      0xb20 ./Drivers/STM32F1xx_HAL_Driver/Src/stm32f1xx_hal_cortex.o
 .debug_info    0x000000000000680d      0x73f ./Drivers/STM32F1xx_HAL_Driver/Src/stm32f1xx_hal_dma.o
 .debug_info    0x0000000000006f4c      0x615 ./Drivers/STM32F1xx_HAL_Driver/Src/stm32f1xx_hal_gpio.o
 .debug_info    0x0000000000007561      0x860 ./Drivers/STM32F1xx_HAL_Driver/Src/stm32f1xx_hal_rcc.o
 .debug_info    0x0000000000007dc1     0x1658 ./Drivers/STM32F1xx_HAL_Driver/Src/stm32f1xx_hal_spi.o

.debug_abbrev   0x0000000000000000     0x20d0
 .debug_abbrev  0x0000000000000000      0x33d ./Core/Src/MPU9250.o
 .debug_abbrev  0x000000000000033d      0x230 ./Core/Src/can.o
 .debug_abbrev  0x000000000000056d      0x134 ./Core/Src/gpio.o
 .debug_abbrev  0x00000000000006a1      0x18d ./Core/Src/madgwickFilter.o
 .debug_abbrev  0x000000000000082e      0x2fd ./Core/Src/main.o
 .debug_abbrev  0x0000000000000b2b      0x1ec ./Core/Src/spi.o
 .debug_abbrev  0x0000000000000d17       0xd4 ./Core/Src/stm32f1xx_hal_msp.o
 .debug_abbrev  0x0000000000000deb      0x1c4 ./Core/Src/stm32f1xx_it.o
 .debug_abbrev  0x0000000000000faf      0x13b ./Core/Src/system_stm32f1xx.o
 .debug_abbrev  0x00000000000010ea       0x12 ./Core/Startup/startup_stm32f103c8tx.o
 .debug_abbrev  0x00000000000010fc      0x1fb ./Drivers/STM32F1xx_HAL_Driver/Src/stm32f1xx_hal.o
 .debug_abbrev  0x00000000000012f7      0x21d ./Drivers/STM32F1xx_HAL_Driver/Src/stm32f1xx_hal_can.o
 .debug_abbrev  0x0000000000001514      0x2ed ./Drivers/STM32F1xx_HAL_Driver/Src/stm32f1xx_hal_cortex.o
 .debug_abbrev  0x0000000000001801      0x1fe ./Drivers/STM32F1xx_HAL_Driver/Src/stm32f1xx_hal_dma.o
 .debug_abbrev  0x00000000000019ff      0x1bb ./Drivers/STM32F1xx_HAL_Driver/Src/stm32f1xx_hal_gpio.o
 .debug_abbrev  0x0000000000001bba      0x2a8 ./Drivers/STM32F1xx_HAL_Driver/Src/stm32f1xx_hal_rcc.o
 .debug_abbrev  0x0000000000001e62      0x26e ./Drivers/STM32F1xx_HAL_Driver/Src/stm32f1xx_hal_spi.o

.debug_aranges  0x0000000000000000      0x900
 .debug_aranges
                0x0000000000000000       0xb8 ./Core/Src/MPU9250.o
 .debug_aranges
                0x00000000000000b8       0x30 ./Core/Src/can.o
 .debug_aranges
                0x00000000000000e8       0x20 ./Core/Src/gpio.o
 .debug_aranges
                0x0000000000000108       0x58 ./Core/Src/madgwickFilter.o
 .debug_aranges
                0x0000000000000160       0x30 ./Core/Src/main.o
 .debug_aranges
                0x0000000000000190       0x38 ./Core/Src/spi.o
 .debug_aranges
                0x00000000000001c8       0x20 ./Core/Src/stm32f1xx_hal_msp.o
 .debug_aranges
                0x00000000000001e8       0x78 ./Core/Src/stm32f1xx_it.o
 .debug_aranges
                0x0000000000000260       0x28 ./Core/Src/system_stm32f1xx.o
 .debug_aranges
                0x0000000000000288       0x28 ./Core/Startup/startup_stm32f103c8tx.o
 .debug_aranges
                0x00000000000002b0       0xe0 ./Drivers/STM32F1xx_HAL_Driver/Src/stm32f1xx_hal.o
 .debug_aranges
                0x0000000000000390      0x138 ./Drivers/STM32F1xx_HAL_Driver/Src/stm32f1xx_hal_can.o
 .debug_aranges
                0x00000000000004c8      0x100 ./Drivers/STM32F1xx_HAL_Driver/Src/stm32f1xx_hal_cortex.o
 .debug_aranges
                0x00000000000005c8       0x80 ./Drivers/STM32F1xx_HAL_Driver/Src/stm32f1xx_hal_dma.o
 .debug_aranges
                0x0000000000000648       0x58 ./Drivers/STM32F1xx_HAL_Driver/Src/stm32f1xx_hal_gpio.o
 .debug_aranges
                0x00000000000006a0       0x90 ./Drivers/STM32F1xx_HAL_Driver/Src/stm32f1xx_hal_rcc.o
 .debug_aranges
                0x0000000000000730      0x1d0 ./Drivers/STM32F1xx_HAL_Driver/Src/stm32f1xx_hal_spi.o

.debug_ranges   0x0000000000000000      0x7f8
 .debug_ranges  0x0000000000000000       0xa8 ./Core/Src/MPU9250.o
 .debug_ranges  0x00000000000000a8       0x20 ./Core/Src/can.o
 .debug_ranges  0x00000000000000c8       0x10 ./Core/Src/gpio.o
 .debug_ranges  0x00000000000000d8       0x48 ./Core/Src/madgwickFilter.o
 .debug_ranges  0x0000000000000120       0x20 ./Core/Src/main.o
 .debug_ranges  0x0000000000000140       0x28 ./Core/Src/spi.o
 .debug_ranges  0x0000000000000168       0x10 ./Core/Src/stm32f1xx_hal_msp.o
 .debug_ranges  0x0000000000000178       0x68 ./Core/Src/stm32f1xx_it.o
 .debug_ranges  0x00000000000001e0       0x18 ./Core/Src/system_stm32f1xx.o
 .debug_ranges  0x00000000000001f8       0x20 ./Core/Startup/startup_stm32f103c8tx.o
 .debug_ranges  0x0000000000000218       0xd0 ./Drivers/STM32F1xx_HAL_Driver/Src/stm32f1xx_hal.o
 .debug_ranges  0x00000000000002e8      0x128 ./Drivers/STM32F1xx_HAL_Driver/Src/stm32f1xx_hal_can.o
 .debug_ranges  0x0000000000000410       0xf0 ./Drivers/STM32F1xx_HAL_Driver/Src/stm32f1xx_hal_cortex.o
 .debug_ranges  0x0000000000000500       0x70 ./Drivers/STM32F1xx_HAL_Driver/Src/stm32f1xx_hal_dma.o
 .debug_ranges  0x0000000000000570       0x48 ./Drivers/STM32F1xx_HAL_Driver/Src/stm32f1xx_hal_gpio.o
 .debug_ranges  0x00000000000005b8       0x80 ./Drivers/STM32F1xx_HAL_Driver/Src/stm32f1xx_hal_rcc.o
 .debug_ranges  0x0000000000000638      0x1c0 ./Drivers/STM32F1xx_HAL_Driver/Src/stm32f1xx_hal_spi.o

.debug_macro    0x0000000000000000    0x17f34
 .debug_macro   0x0000000000000000      0x1cd ./Core/Src/MPU9250.o
 .debug_macro   0x00000000000001cd      0xa6c ./Core/Src/MPU9250.o
 .debug_macro   0x0000000000000c39      0x21b ./Core/Src/MPU9250.o
 .debug_macro   0x0000000000000e54       0x2e ./Core/Src/MPU9250.o
 .debug_macro   0x0000000000000e82       0x22 ./Core/Src/MPU9250.o
 .debug_macro   0x0000000000000ea4       0x22 ./Core/Src/MPU9250.o
 .debug_macro   0x0000000000000ec6       0x8e ./Core/Src/MPU9250.o
 .debug_macro   0x0000000000000f54       0x51 ./Core/Src/MPU9250.o
 .debug_macro   0x0000000000000fa5      0x103 ./Core/Src/MPU9250.o
 .debug_macro   0x00000000000010a8       0x6a ./Core/Src/MPU9250.o
 .debug_macro   0x0000000000001112      0x1df ./Core/Src/MPU9250.o
 .debug_macro   0x00000000000012f1       0x1c ./Core/Src/MPU9250.o
 .debug_macro   0x000000000000130d       0x22 ./Core/Src/MPU9250.o
 .debug_macro   0x000000000000132f       0xbd ./Core/Src/MPU9250.o
 .debug_macro   0x00000000000013ec      0xd23 ./Core/Src/MPU9250.o
 .debug_macro   0x000000000000210f     0xe09e ./Core/Src/MPU9250.o
 .debug_macro   0x00000000000101ad       0x6d ./Core/Src/MPU9250.o
 .debug_macro   0x000000000001021a     0x3468 ./Core/Src/MPU9250.o
 .debug_macro   0x0000000000013682      0x174 ./Core/Src/MPU9250.o
 .debug_macro   0x00000000000137f6       0x5c ./Core/Src/MPU9250.o
 .debug_macro   0x0000000000013852      0x5be ./Core/Src/MPU9250.o
 .debug_macro   0x0000000000013e10      0x289 ./Core/Src/MPU9250.o
 .debug_macro   0x0000000000014099      0x1cb ./Core/Src/MPU9250.o
 .debug_macro   0x0000000000014264      0x114 ./Core/Src/MPU9250.o
 .debug_macro   0x0000000000014378      0x1b2 ./Core/Src/MPU9250.o
 .debug_macro   0x000000000001452a       0x27 ./Core/Src/MPU9250.o
 .debug_macro   0x0000000000014551      0x136 ./Core/Src/MPU9250.o
 .debug_macro   0x0000000000014687      0x1bc ./Core/Src/MPU9250.o
 .debug_macro   0x0000000000014843       0x34 ./Core/Src/MPU9250.o
 .debug_macro   0x0000000000014877       0x3c ./Core/Src/MPU9250.o
 .debug_macro   0x00000000000148b3      0x408 ./Core/Src/MPU9250.o
 .debug_macro   0x0000000000014cbb       0x57 ./Core/Src/MPU9250.o
 .debug_macro   0x0000000000014d12       0x88 ./Core/Src/MPU9250.o
 .debug_macro   0x0000000000014d9a      0x241 ./Core/Src/MPU9250.o
 .debug_macro   0x0000000000014fdb      0x141 ./Core/Src/MPU9250.o
 .debug_macro   0x000000000001511c      0x217 ./Core/Src/MPU9250.o
 .debug_macro   0x0000000000015333       0x83 ./Core/Src/MPU9250.o
 .debug_macro   0x00000000000153b6       0x58 ./Core/Src/MPU9250.o
 .debug_macro   0x000000000001540e       0x1c ./Core/Src/MPU9250.o
 .debug_macro   0x000000000001542a      0x216 ./Core/Src/MPU9250.o
 .debug_macro   0x0000000000015640      0x1b1 ./Core/Src/can.o
 .debug_macro   0x00000000000157f1      0x1b1 ./Core/Src/gpio.o
 .debug_macro   0x00000000000159a2      0x1b5 ./Core/Src/madgwickFilter.o
 .debug_macro   0x0000000000015b57       0x22 ./Core/Src/madgwickFilter.o
 .debug_macro   0x0000000000015b79       0x4c ./Core/Src/madgwickFilter.o
 .debug_macro   0x0000000000015bc5       0x18 ./Core/Src/madgwickFilter.o
 .debug_macro   0x0000000000015bdd       0x94 ./Core/Src/madgwickFilter.o
 .debug_macro   0x0000000000015c71       0x3c ./Core/Src/madgwickFilter.o
 .debug_macro   0x0000000000015cad       0x34 ./Core/Src/madgwickFilter.o
 .debug_macro   0x0000000000015ce1       0x16 ./Core/Src/madgwickFilter.o
 .debug_macro   0x0000000000015cf7       0x43 ./Core/Src/madgwickFilter.o
 .debug_macro   0x0000000000015d3a       0x57 ./Core/Src/madgwickFilter.o
 .debug_macro   0x0000000000015d91       0x34 ./Core/Src/madgwickFilter.o
 .debug_macro   0x0000000000015dc5       0x10 ./Core/Src/madgwickFilter.o
 .debug_macro   0x0000000000015dd5       0x58 ./Core/Src/madgwickFilter.o
 .debug_macro   0x0000000000015e2d       0x71 ./Core/Src/madgwickFilter.o
 .debug_macro   0x0000000000015e9e       0x1c ./Core/Src/madgwickFilter.o
 .debug_macro   0x0000000000015eba      0x12a ./Core/Src/madgwickFilter.o
 .debug_macro   0x0000000000015fe4      0x341 ./Core/Src/madgwickFilter.o
 .debug_macro   0x0000000000016325      0x19b ./Core/Src/madgwickFilter.o
 .debug_macro   0x00000000000164c0       0x1c ./Core/Src/madgwickFilter.o
 .debug_macro   0x00000000000164dc       0x35 ./Core/Src/madgwickFilter.o
 .debug_macro   0x0000000000016511       0x10 ./Core/Src/madgwickFilter.o
 .debug_macro   0x0000000000016521       0x10 ./Core/Src/madgwickFilter.o
 .debug_macro   0x0000000000016531       0x1c ./Core/Src/madgwickFilter.o
 .debug_macro   0x000000000001654d       0x52 ./Core/Src/madgwickFilter.o
 .debug_macro   0x000000000001659f       0x22 ./Core/Src/madgwickFilter.o
 .debug_macro   0x00000000000165c1       0x10 ./Core/Src/madgwickFilter.o
 .debug_macro   0x00000000000165d1       0x52 ./Core/Src/madgwickFilter.o
 .debug_macro   0x0000000000016623       0xd5 ./Core/Src/madgwickFilter.o
 .debug_macro   0x00000000000166f8       0x1c ./Core/Src/madgwickFilter.o
 .debug_macro   0x0000000000016714       0x3d ./Core/Src/madgwickFilter.o
 .debug_macro   0x0000000000016751       0x16 ./Core/Src/madgwickFilter.o
 .debug_macro   0x0000000000016767      0x145 ./Core/Src/madgwickFilter.o
 .debug_macro   0x00000000000168ac      0x386 ./Core/Src/main.o
 .debug_macro   0x0000000000016c32       0x52 ./Core/Src/main.o
 .debug_macro   0x0000000000016c84       0x16 ./Core/Src/main.o
 .debug_macro   0x0000000000016c9a       0x20 ./Core/Src/main.o
 .debug_macro   0x0000000000016cba      0x1b1 ./Core/Src/spi.o
 .debug_macro   0x0000000000016e6b      0x1a7 ./Core/Src/stm32f1xx_hal_msp.o
 .debug_macro   0x0000000000017012      0x1b1 ./Core/Src/stm32f1xx_it.o
 .debug_macro   0x00000000000171c3      0x198 ./Core/Src/system_stm32f1xx.o
 .debug_macro   0x000000000001735b      0x1bc ./Drivers/STM32F1xx_HAL_Driver/Src/stm32f1xx_hal.o
 .debug_macro   0x0000000000017517      0x1a0 ./Drivers/STM32F1xx_HAL_Driver/Src/stm32f1xx_hal_can.o
 .debug_macro   0x00000000000176b7      0x198 ./Drivers/STM32F1xx_HAL_Driver/Src/stm32f1xx_hal_cortex.o
 .debug_macro   0x000000000001784f      0x198 ./Drivers/STM32F1xx_HAL_Driver/Src/stm32f1xx_hal_dma.o
 .debug_macro   0x00000000000179e7      0x203 ./Drivers/STM32F1xx_HAL_Driver/Src/stm32f1xx_hal_gpio.o
 .debug_macro   0x0000000000017bea      0x1aa ./Drivers/STM32F1xx_HAL_Driver/Src/stm32f1xx_hal_rcc.o
 .debug_macro   0x0000000000017d94      0x1a0 ./Drivers/STM32F1xx_HAL_Driver/Src/stm32f1xx_hal_spi.o

.debug_line     0x0000000000000000     0xae87
 .debug_line    0x0000000000000000      0xce0 ./Core/Src/MPU9250.o
 .debug_line    0x0000000000000ce0      0x6d4 ./Core/Src/can.o
 .debug_line    0x00000000000013b4      0x681 ./Core/Src/gpio.o
 .debug_line    0x0000000000001a35      0x980 ./Core/Src/madgwickFilter.o
 .debug_line    0x00000000000023b5      0xa2b ./Core/Src/main.o
 .debug_line    0x0000000000002de0      0x751 ./Core/Src/spi.o
 .debug_line    0x0000000000003531      0x65b ./Core/Src/stm32f1xx_hal_msp.o
 .debug_line    0x0000000000003b8c      0x765 ./Core/Src/stm32f1xx_it.o
 .debug_line    0x00000000000042f1      0x6d9 ./Core/Src/system_stm32f1xx.o
 .debug_line    0x00000000000049ca       0x87 ./Core/Startup/startup_stm32f103c8tx.o
 .debug_line    0x0000000000004a51      0x906 ./Drivers/STM32F1xx_HAL_Driver/Src/stm32f1xx_hal.o
 .debug_line    0x0000000000005357     0x10a8 ./Drivers/STM32F1xx_HAL_Driver/Src/stm32f1xx_hal_can.o
 .debug_line    0x00000000000063ff      0xaee ./Drivers/STM32F1xx_HAL_Driver/Src/stm32f1xx_hal_cortex.o
 .debug_line    0x0000000000006eed      0xd5e ./Drivers/STM32F1xx_HAL_Driver/Src/stm32f1xx_hal_dma.o
 .debug_line    0x0000000000007c4b      0x99d ./Drivers/STM32F1xx_HAL_Driver/Src/stm32f1xx_hal_gpio.o
 .debug_line    0x00000000000085e8      0xd14 ./Drivers/STM32F1xx_HAL_Driver/Src/stm32f1xx_hal_rcc.o
 .debug_line    0x00000000000092fc     0x1b8b ./Drivers/STM32F1xx_HAL_Driver/Src/stm32f1xx_hal_spi.o

.debug_str      0x0000000000000000    0x85804
 .debug_str     0x0000000000000000    0x7eded ./Core/Src/MPU9250.o
                                      0x7f1e6 (size before relaxing)
 .debug_str     0x000000000007eded      0x5f1 ./Core/Src/can.o
                                      0x7e824 (size before relaxing)
 .debug_str     0x000000000007f3de       0x8d ./Core/Src/gpio.o
                                      0x7e233 (size before relaxing)
 .debug_str     0x000000000007f46b     0x4693 ./Core/Src/madgwickFilter.o
                                       0x7baf (size before relaxing)
 .debug_str     0x0000000000083afe      0x4ba ./Core/Src/main.o
                                      0x836cf (size before relaxing)
 .debug_str     0x0000000000083fb8       0x51 ./Core/Src/spi.o
                                      0x7e972 (size before relaxing)
 .debug_str     0x0000000000084009       0x50 ./Core/Src/stm32f1xx_hal_msp.o
                                      0x7e1bb (size before relaxing)
 .debug_str     0x0000000000084059       0xff ./Core/Src/stm32f1xx_it.o
                                      0x7e8a4 (size before relaxing)
 .debug_str     0x0000000000084158       0x7e ./Core/Src/system_stm32f1xx.o
                                      0x7e0ae (size before relaxing)
 .debug_str     0x00000000000841d6       0x36 ./Core/Startup/startup_stm32f103c8tx.o
                                         0x97 (size before relaxing)
 .debug_str     0x000000000008420c      0x36e ./Drivers/STM32F1xx_HAL_Driver/Src/stm32f1xx_hal.o
                                      0x7e7e1 (size before relaxing)
 .debug_str     0x000000000008457a      0x411 ./Drivers/STM32F1xx_HAL_Driver/Src/stm32f1xx_hal_can.o
                                      0x7e8ae (size before relaxing)
 .debug_str     0x000000000008498b      0x262 ./Drivers/STM32F1xx_HAL_Driver/Src/stm32f1xx_hal_cortex.o
                                      0x7e72d (size before relaxing)
 .debug_str     0x0000000000084bed      0x235 ./Drivers/STM32F1xx_HAL_Driver/Src/stm32f1xx_hal_dma.o
                                      0x7e457 (size before relaxing)
 .debug_str     0x0000000000084e22      0x2ce ./Drivers/STM32F1xx_HAL_Driver/Src/stm32f1xx_hal_gpio.o
                                      0x7e434 (size before relaxing)
 .debug_str     0x00000000000850f0      0x229 ./Drivers/STM32F1xx_HAL_Driver/Src/stm32f1xx_hal_rcc.o
                                      0x7e4dd (size before relaxing)
 .debug_str     0x0000000000085319      0x4eb ./Drivers/STM32F1xx_HAL_Driver/Src/stm32f1xx_hal_spi.o
                                      0x7e9da (size before relaxing)

.comment        0x0000000000000000       0x50
 .comment       0x0000000000000000       0x50 ./Core/Src/MPU9250.o
                                         0x51 (size before relaxing)
 .comment       0x0000000000000050       0x51 ./Core/Src/can.o
 .comment       0x0000000000000050       0x51 ./Core/Src/gpio.o
 .comment       0x0000000000000050       0x51 ./Core/Src/madgwickFilter.o
 .comment       0x0000000000000050       0x51 ./Core/Src/main.o
 .comment       0x0000000000000050       0x51 ./Core/Src/spi.o
 .comment       0x0000000000000050       0x51 ./Core/Src/stm32f1xx_hal_msp.o
 .comment       0x0000000000000050       0x51 ./Core/Src/stm32f1xx_it.o
 .comment       0x0000000000000050       0x51 ./Core/Src/system_stm32f1xx.o
 .comment       0x0000000000000050       0x51 ./Drivers/STM32F1xx_HAL_Driver/Src/stm32f1xx_hal.o
 .comment       0x0000000000000050       0x51 ./Drivers/STM32F1xx_HAL_Driver/Src/stm32f1xx_hal_can.o
 .comment       0x0000000000000050       0x51 ./Drivers/STM32F1xx_HAL_Driver/Src/stm32f1xx_hal_cortex.o
 .comment       0x0000000000000050       0x51 ./Drivers/STM32F1xx_HAL_Driver/Src/stm32f1xx_hal_dma.o
 .comment       0x0000000000000050       0x51 ./Drivers/STM32F1xx_HAL_Driver/Src/stm32f1xx_hal_gpio.o
 .comment       0x0000000000000050       0x51 ./Drivers/STM32F1xx_HAL_Driver/Src/stm32f1xx_hal_rcc.o
 .comment       0x0000000000000050       0x51 ./Drivers/STM32F1xx_HAL_Driver/Src/stm32f1xx_hal_spi.o

.debug_frame    0x0000000000000000     0x281c
 .debug_frame   0x0000000000000000      0x2c8 ./Core/Src/MPU9250.o
 .debug_frame   0x00000000000002c8       0x74 ./Core/Src/can.o
 .debug_frame   0x000000000000033c       0x34 ./Core/Src/gpio.o
 .debug_frame   0x0000000000000370      0x168 ./Core/Src/madgwickFilter.o
 .debug_frame   0x00000000000004d8       0x70 ./Core/Src/main.o
 .debug_frame   0x0000000000000548       0x90 ./Core/Src/spi.o
 .debug_frame   0x00000000000005d8       0x38 ./Core/Src/stm32f1xx_hal_msp.o
 .debug_frame   0x0000000000000610      0x158 ./Core/Src/stm32f1xx_it.o
 .debug_frame   0x0000000000000768       0x58 ./Core/Src/system_stm32f1xx.o
 .debug_frame   0x00000000000007c0      0x334 ./Drivers/STM32F1xx_HAL_Driver/Src/stm32f1xx_hal.o
 .debug_frame   0x0000000000000af4      0x5a0 ./Drivers/STM32F1xx_HAL_Driver/Src/stm32f1xx_hal_can.o
 .debug_frame   0x0000000000001094      0x428 ./Drivers/STM32F1xx_HAL_Driver/Src/stm32f1xx_hal_cortex.o
 .debug_frame   0x00000000000014bc      0x208 ./Drivers/STM32F1xx_HAL_Driver/Src/stm32f1xx_hal_dma.o
 .debug_frame   0x00000000000016c4      0x14c ./Drivers/STM32F1xx_HAL_Driver/Src/stm32f1xx_hal_gpio.o
 .debug_frame   0x0000000000001810      0x21c ./Drivers/STM32F1xx_HAL_Driver/Src/stm32f1xx_hal_rcc.o
 .debug_frame   0x0000000000001a2c      0x824 ./Drivers/STM32F1xx_HAL_Driver/Src/stm32f1xx_hal_spi.o
 .debug_frame   0x0000000000002250       0x30 c:/st/stm32cubeide_1.9.0/stm32cubeide/plugins/com.st.stm32cube.ide.mcu.externaltools.gnu-tools-for-stm32.10.3-2021.10.win32_1.0.100.202210260954/tools/bin/../lib/gcc/arm-none-eabi/10.3.1/../../../../arm-none-eabi/lib/thumb/v7-m/nofp\libm.a(lib_a-w_sqrt.o)
 .debug_frame   0x0000000000002280       0x38 c:/st/stm32cubeide_1.9.0/stm32cubeide/plugins/com.st.stm32cube.ide.mcu.externaltools.gnu-tools-for-stm32.10.3-2021.10.win32_1.0.100.202210260954/tools/bin/../lib/gcc/arm-none-eabi/10.3.1/../../../../arm-none-eabi/lib/thumb/v7-m/nofp\libm.a(lib_a-wf_asin.o)
 .debug_frame   0x00000000000022b8       0x20 c:/st/stm32cubeide_1.9.0/stm32cubeide/plugins/com.st.stm32cube.ide.mcu.externaltools.gnu-tools-for-stm32.10.3-2021.10.win32_1.0.100.202210260954/tools/bin/../lib/gcc/arm-none-eabi/10.3.1/../../../../arm-none-eabi/lib/thumb/v7-m/nofp\libm.a(lib_a-wf_atan2.o)
 .debug_frame   0x00000000000022d8       0x30 c:/st/stm32cubeide_1.9.0/stm32cubeide/plugins/com.st.stm32cube.ide.mcu.externaltools.gnu-tools-for-stm32.10.3-2021.10.win32_1.0.100.202210260954/tools/bin/../lib/gcc/arm-none-eabi/10.3.1/../../../../arm-none-eabi/lib/thumb/v7-m/nofp\libm.a(lib_a-e_sqrt.o)
 .debug_frame   0x0000000000002308       0x34 c:/st/stm32cubeide_1.9.0/stm32cubeide/plugins/com.st.stm32cube.ide.mcu.externaltools.gnu-tools-for-stm32.10.3-2021.10.win32_1.0.100.202210260954/tools/bin/../lib/gcc/arm-none-eabi/10.3.1/../../../../arm-none-eabi/lib/thumb/v7-m/nofp\libm.a(lib_a-ef_asin.o)
 .debug_frame   0x000000000000233c       0x3c c:/st/stm32cubeide_1.9.0/stm32cubeide/plugins/com.st.stm32cube.ide.mcu.externaltools.gnu-tools-for-stm32.10.3-2021.10.win32_1.0.100.202210260954/tools/bin/../lib/gcc/arm-none-eabi/10.3.1/../../../../arm-none-eabi/lib/thumb/v7-m/nofp\libm.a(lib_a-ef_atan2.o)
 .debug_frame   0x0000000000002378       0x2c c:/st/stm32cubeide_1.9.0/stm32cubeide/plugins/com.st.stm32cube.ide.mcu.externaltools.gnu-tools-for-stm32.10.3-2021.10.win32_1.0.100.202210260954/tools/bin/../lib/gcc/arm-none-eabi/10.3.1/../../../../arm-none-eabi/lib/thumb/v7-m/nofp\libm.a(lib_a-ef_sqrt.o)
 .debug_frame   0x00000000000023a4       0x30 c:/st/stm32cubeide_1.9.0/stm32cubeide/plugins/com.st.stm32cube.ide.mcu.externaltools.gnu-tools-for-stm32.10.3-2021.10.win32_1.0.100.202210260954/tools/bin/../lib/gcc/arm-none-eabi/10.3.1/../../../../arm-none-eabi/lib/thumb/v7-m/nofp\libm.a(lib_a-sf_atan.o)
 .debug_frame   0x00000000000023d4       0x20 c:/st/stm32cubeide_1.9.0/stm32cubeide/plugins/com.st.stm32cube.ide.mcu.externaltools.gnu-tools-for-stm32.10.3-2021.10.win32_1.0.100.202210260954/tools/bin/../lib/gcc/arm-none-eabi/10.3.1/../../../../arm-none-eabi/lib/thumb/v7-m/nofp\libm.a(lib_a-sf_fabs.o)
 .debug_frame   0x00000000000023f4       0x20 c:/st/stm32cubeide_1.9.0/stm32cubeide/plugins/com.st.stm32cube.ide.mcu.externaltools.gnu-tools-for-stm32.10.3-2021.10.win32_1.0.100.202210260954/tools/bin/../lib/gcc/arm-none-eabi/10.3.1/../../../../arm-none-eabi/lib/thumb/v7-m/nofp\libm.a(lib_a-sf_nan.o)
 .debug_frame   0x0000000000002414       0x20 c:/st/stm32cubeide_1.9.0/stm32cubeide/plugins/com.st.stm32cube.ide.mcu.externaltools.gnu-tools-for-stm32.10.3-2021.10.win32_1.0.100.202210260954/tools/bin/../lib/gcc/arm-none-eabi/10.3.1/../../../../arm-none-eabi/lib/thumb/v7-m/nofp\libc_nano.a(lib_a-errno.o)
 .debug_frame   0x0000000000002434       0x2c c:/st/stm32cubeide_1.9.0/stm32cubeide/plugins/com.st.stm32cube.ide.mcu.externaltools.gnu-tools-for-stm32.10.3-2021.10.win32_1.0.100.202210260954/tools/bin/../lib/gcc/arm-none-eabi/10.3.1/../../../../arm-none-eabi/lib/thumb/v7-m/nofp\libc_nano.a(lib_a-init.o)
 .debug_frame   0x0000000000002460       0x28 c:/st/stm32cubeide_1.9.0/stm32cubeide/plugins/com.st.stm32cube.ide.mcu.externaltools.gnu-tools-for-stm32.10.3-2021.10.win32_1.0.100.202210260954/tools/bin/../lib/gcc/arm-none-eabi/10.3.1/../../../../arm-none-eabi/lib/thumb/v7-m/nofp\libc_nano.a(lib_a-memcpy-stub.o)
 .debug_frame   0x0000000000002488       0x20 c:/st/stm32cubeide_1.9.0/stm32cubeide/plugins/com.st.stm32cube.ide.mcu.externaltools.gnu-tools-for-stm32.10.3-2021.10.win32_1.0.100.202210260954/tools/bin/../lib/gcc/arm-none-eabi/10.3.1/../../../../arm-none-eabi/lib/thumb/v7-m/nofp\libc_nano.a(lib_a-memset.o)
 .debug_frame   0x00000000000024a8       0xac c:/st/stm32cubeide_1.9.0/stm32cubeide/plugins/com.st.stm32cube.ide.mcu.externaltools.gnu-tools-for-stm32.10.3-2021.10.win32_1.0.100.202210260954/tools/bin/../lib/gcc/arm-none-eabi/10.3.1/thumb/v7-m/nofp\libgcc.a(_arm_addsubdf3.o)
 .debug_frame   0x0000000000002554       0x50 c:/st/stm32cubeide_1.9.0/stm32cubeide/plugins/com.st.stm32cube.ide.mcu.externaltools.gnu-tools-for-stm32.10.3-2021.10.win32_1.0.100.202210260954/tools/bin/../lib/gcc/arm-none-eabi/10.3.1/thumb/v7-m/nofp\libgcc.a(_arm_muldivdf3.o)
 .debug_frame   0x00000000000025a4       0xc4 c:/st/stm32cubeide_1.9.0/stm32cubeide/plugins/com.st.stm32cube.ide.mcu.externaltools.gnu-tools-for-stm32.10.3-2021.10.win32_1.0.100.202210260954/tools/bin/../lib/gcc/arm-none-eabi/10.3.1/thumb/v7-m/nofp\libgcc.a(_arm_cmpdf2.o)
 .debug_frame   0x0000000000002668       0x20 c:/st/stm32cubeide_1.9.0/stm32cubeide/plugins/com.st.stm32cube.ide.mcu.externaltools.gnu-tools-for-stm32.10.3-2021.10.win32_1.0.100.202210260954/tools/bin/../lib/gcc/arm-none-eabi/10.3.1/thumb/v7-m/nofp\libgcc.a(_arm_unorddf2.o)
 .debug_frame   0x0000000000002688       0x24 c:/st/stm32cubeide_1.9.0/stm32cubeide/plugins/com.st.stm32cube.ide.mcu.externaltools.gnu-tools-for-stm32.10.3-2021.10.win32_1.0.100.202210260954/tools/bin/../lib/gcc/arm-none-eabi/10.3.1/thumb/v7-m/nofp\libgcc.a(_arm_truncdfsf2.o)
 .debug_frame   0x00000000000026ac       0x4c c:/st/stm32cubeide_1.9.0/stm32cubeide/plugins/com.st.stm32cube.ide.mcu.externaltools.gnu-tools-for-stm32.10.3-2021.10.win32_1.0.100.202210260954/tools/bin/../lib/gcc/arm-none-eabi/10.3.1/thumb/v7-m/nofp\libgcc.a(_arm_addsubsf3.o)
 .debug_frame   0x00000000000026f8       0x38 c:/st/stm32cubeide_1.9.0/stm32cubeide/plugins/com.st.stm32cube.ide.mcu.externaltools.gnu-tools-for-stm32.10.3-2021.10.win32_1.0.100.202210260954/tools/bin/../lib/gcc/arm-none-eabi/10.3.1/thumb/v7-m/nofp\libgcc.a(_arm_muldivsf3.o)
 .debug_frame   0x0000000000002730       0xc8 c:/st/stm32cubeide_1.9.0/stm32cubeide/plugins/com.st.stm32cube.ide.mcu.externaltools.gnu-tools-for-stm32.10.3-2021.10.win32_1.0.100.202210260954/tools/bin/../lib/gcc/arm-none-eabi/10.3.1/thumb/v7-m/nofp\libgcc.a(_arm_cmpsf2.o)
 .debug_frame   0x00000000000027f8       0x24 c:/st/stm32cubeide_1.9.0/stm32cubeide/plugins/com.st.stm32cube.ide.mcu.externaltools.gnu-tools-for-stm32.10.3-2021.10.win32_1.0.100.202210260954/tools/bin/../lib/gcc/arm-none-eabi/10.3.1/thumb/v7-m/nofp\libgcc.a(_arm_unordsf2.o)