../Core/Src/MPU9250.c:98:13:MPU9250_OnActivate	4	static
../Core/Src/MPU9250.c:102:20:MPU9250_Activate	8	static
../Core/Src/MPU9250.c:108:20:MPU9250_Deactivate	8	static
../Core/Src/MPU9250.c:113:9:SPIx_WriteRead	32	static
../Core/Src/MPU9250.c:126:6:MPU_SPI_Write	16	static
../Core/Src/MPU9250.c:139:6:MPU_SPI_Read	24	static
../Core/Src/MPU9250.c:157:6:writeRegister	16	static
../Core/Src/MPU9250.c:164:6:readRegisters	16	static
../Core/Src/MPU9250.c:169:6:writeAK8963Register	16	static
../Core/Src/MPU9250.c:185:6:readAK8963Registers	16	static
../Core/Src/MPU9250.c:204:16:whoAmI	8	static
../Core/Src/MPU9250.c:213:12:whoAmIAK8963	8	static
../Core/Src/MPU9250.c:221:9:MPU9250_Init	16	static
../Core/Src/MPU9250.c:316:6:MPU9250_SetAccelRange	16	static
../Core/Src/MPU9250.c:322:6:MPU9250_SetGyroRange	16	static
../Core/Src/MPU9250.c:328:6:MPU9250_SetDLPFBandwidth	16	static
../Core/Src/MPU9250.c:335:6:MPU9250_SetSampleRateDivider	16	static
../Core/Src/MPU9250.c:378:6:MPU9250_GetData	40	static
