../Core/Src/MPU9250.c:57:7:expRunningAverageGX	16	static
../Core/Src/MPU9250.c:63:7:expRunningAverageGY	16	static
../Core/Src/MPU9250.c:69:7:expRunningAverageGZ	16	static
../Core/Src/MPU9250.c:75:7:expRunningAverageAX	16	static
../Core/Src/MPU9250.c:81:7:expRunningAverageAY	16	static
../Core/Src/MPU9250.c:87:7:expRunningAverageAZ	16	static
../Core/Src/MPU9250.c:93:7:filter	24	static
../Core/Src/MPU9250.c:103:13:MPU9250_OnActivate	0	static
../Core/Src/MPU9250.c:118:9:SPIx_WriteRead	32	static
../Core/Src/MPU9250.c:131:6:MPU_SPI_Write	16	static
../Core/Src/MPU9250.c:144:6:MPU_SPI_Read	24	static
../Core/Src/MPU9250.c:162:6:writeRegister	16	static
../Core/Src/MPU9250.c:169:6:readRegisters	0	static
../Core/Src/MPU9250.c:174:6:writeAK8963Register	16	static
../Core/Src/MPU9250.c:190:6:readAK8963Registers	16	static
../Core/Src/MPU9250.c:226:9:MPU9250_Init	8	static
../Core/Src/MPU9250.c:339:6:MPU9250_SetAccelRange	0	static
../Core/Src/MPU9250.c:345:6:MPU9250_SetGyroRange	0	static
../Core/Src/MPU9250.c:351:6:MPU9250_SetDLPFBandwidth	8	static
../Core/Src/MPU9250.c:358:6:MPU9250_SetSampleRateDivider	8	static
../Core/Src/MPU9250.c:402:6:MPU9250_calibrate	40	static
../Core/Src/MPU9250.c:600:6:MPU9250_GetData	40	static
