../Core/Src/MPU9250.c:51:7:filter	24	static
../Core/Src/MPU9250.c:61:13:MPU9250_OnActivate	4	static
../Core/Src/MPU9250.c:65:20:MPU9250_Activate	8	static
../Core/Src/MPU9250.c:71:20:MPU9250_Deactivate	8	static
../Core/Src/MPU9250.c:76:9:SPIx_WriteRead	32	static
../Core/Src/MPU9250.c:89:6:MPU_SPI_Write	16	static
../Core/Src/MPU9250.c:102:6:MPU_SPI_Read	24	static
../Core/Src/MPU9250.c:120:6:writeRegister	16	static
../Core/Src/MPU9250.c:127:6:readRegisters	16	static
../Core/Src/MPU9250.c:132:6:writeAK8963Register	16	static
../Core/Src/MPU9250.c:148:6:readAK8963Registers	16	static
../Core/Src/MPU9250.c:167:16:whoAmI	8	static
../Core/Src/MPU9250.c:176:12:whoAmIAK8963	8	static
../Core/Src/MPU9250.c:184:9:MPU9250_Init	16	static
../Core/Src/MPU9250.c:293:6:MPU9250_SetAccelRange	16	static
../Core/Src/MPU9250.c:299:6:MPU9250_SetGyroRange	16	static
../Core/Src/MPU9250.c:305:6:MPU9250_SetDLPFBandwidth	16	static
../Core/Src/MPU9250.c:312:6:MPU9250_SetSampleRateDivider	16	static
../Core/Src/MPU9250.c:356:6:MPU9250_calibrate	56	static
../Core/Src/MPU9250.c:554:6:MPU9250_GetData	32	static
